{"event": "error", "ts": "2026-03-29T23:49:25.333357+00:00"}
{"event": "error", "ts": "2026-03-29T23:49:25.333556+00:00"}
{"event": "error", "ts": "2026-03-29T23:49:25.333635+00:00"}
{"event": "operation_started", "ts": "2026-03-29T23:49:25.566637+00:00", "op": "Login"}
{"event": "operation_stage", "ts": "2026-03-29T23:49:25.566684+00:00", "op": "Login", "stage": "checking_boot_state"}
{"event": "operation_stage", "ts": "2026-03-29T23:49:25.566702+00:00", "op": "Login", "stage": "waiting_for_login_prompt"}
U-Boot SPL 2019.04 (Mar 10 2023 - 01:54:10 +0000)
{"event": "boot_firmware", "ts": "2026-03-29T23:49:25.696860+00:00"}
Trying to boot from RAM
Trying to boot from RAM
U-Boot 2019.04 (Mar 10 2023 - 01:54:10 +0000)
{"event": "boot_uboot", "ts": "2026-03-29T23:49:25.960652+00:00"}
SOC: AST2600-A3
eSPI Mode: SIO:Enable : SuperIO-2e
Eth: MAC0: RGMII, MAC1: RGMII, MAC2: RGMII, MAC3: RGMII
Model: AST2600 EVB
DRAM:  already initialized, 1008 MiB (capacity:1024 MiB, VGA:64 MiB, ECC:off)
MMC:
MMC:
sdhci_slot0@100: 1, sdhci_slot1@200: 2, emmc_slot0@100: 0
Loading Environment from SPI Flash...
Loading Environment from SPI Flash... SF: Detected mx66u51235f with page size 256 Bytes, erase size 4 KiB, total 64 MiB
*** Warning - bad CRC, using default environment
In:    serial@1e784000
Out:   serial@1e784000
Err:   serial@1e784000
Model: AST2600 EVB
Net:
Net:
Warning: ftgmac@1e660000 (eth0) using random MAC address - 8a:b2:df:06:c7:1d
eth0: ftgmac@1e660000
eth0: ftgmac@1e660000
Warning: ftgmac@1e680000 (eth1) using random MAC address - 2e:12:f1:b0:bb:c0
, eth1: ftgmac@1e680000
, eth1: ftgmac@1e680000
Warning: ftgmac@1e670000 (eth2) using random MAC address - 0a:4e:27:49:e3:a2
, eth2: ftgmac@1e670000
, eth2: ftgmac@1e670000
Warning: ftgmac@1e690000 (eth3) using random MAC address - a6:e6:20:85:13:73
, eth3: ftgmac@1e690000
Hit any key to stop autoboot:  2
Hit any key to stop autoboot:  1
Hit any key to stop autoboot:  0
Hit any key to stop autoboot:  0
## Loading kernel from FIT Image at 83000000 ...
   Using 'conf-aspeed-ast2600-evb.dtb' configuration
   Verifying Hash Integrity ... OK
   Trying 'kernel-1' kernel subimage
     Description:  Linux kernel
     Type:         Kernel Image
     Compression:  uncompressed
     Data Start:   0x8300012c
     Data Size:    3834512 Bytes = 3.7 MiB
     Architecture: ARM
     OS:           Linux
     Load Address: 0x80001000
     Entry Point:  0x80001000
     Hash algo:    sha256
     Hash value:   75f525ccd675e3add2b93fa68a5eb8f55a63e45df4e55ca29346b5855b5964ed
   Verifying Hash Integrity ... sha256+ OK
## Loading ramdisk from FIT Image at 83000000 ...
   Using 'conf-aspeed-ast2600-evb.dtb' configuration
   Verifying Hash Integrity ... OK
   Trying 'ramdisk-1' ramdisk subimage
     Description:  obmc-phosphor-initramfs
     Type:         RAMDisk Image
     Compression:  uncompressed
     Data Start:   0x833b2058
     Data Size:    1039504 Bytes = 1015.1 KiB
     Architecture: ARM
     OS:           Linux
     Load Address: unavailable
     Entry Point:  unavailable
     Hash algo:    sha256
     Hash value:   5e1a3fd9d769b8f6a240ca792926612e39a3a5383016d45f7b2979252bae066f
   Verifying Hash Integrity ... sha256+ OK
## Loading fdt from FIT Image at 83000000 ...
   Using 'conf-aspeed-ast2600-evb.dtb' configuration
   Verifying Hash Integrity ... OK
   Trying 'fdt-aspeed-ast2600-evb.dtb' fdt subimage
     Description:  Flattened Device Tree blob
     Type:         Flat Device Tree
     Compression:  uncompressed
     Data Start:   0x833a84d0
     Data Size:    39612 Bytes = 38.7 KiB
     Architecture: ARM
     Hash algo:    sha256
     Hash value:   1bfd8771ac4774eb68abaeb8137238a44bdb18bde906ca060ea7ee41ff1e63a4
   Verifying Hash Integrity ... sha256+ OK
   Booting using the fdt blob at 0x833a84d0
   Loading Kernel Image ... OK
   Loading Ramdisk to 8ff02000, end 8ffffc90 ... OK
   Loading Device Tree to 8fef5000, end 8ff01abb ... OK
Starting kernel ...
[    0.000000] Booting Linux on physical CPU 0xf00
[    0.000000] Linux version 6.1.15-580639a (oe-user@oe-host) (arm-openbmc-linux-gnueabi-gcc (GCC) 12.2.0, GNU ld (GNU Binutils) 2.40.20230119) #1 SMP Thu Apr  6 00:55:09 UTC 2023
[    0.000000] CPU: ARMv7 Processor [410fc075] revision 5 (ARMv7), cr=10c5387d
[    0.000000] CPU: div instructions available: patching division code
[    0.000000] CPU: PIPT / VIPT nonaliasing data cache, VIPT aliasing instruction cache
[    0.000000] OF: fdt: Machine model: AST2600 EVB
[    0.000000] Memory policy: Data cache writealloc
[    0.000000] Reserved memory: created CMA memory pool at 0xbe000000, size 16 MiB
[    0.000000] OF: reserved mem: initialized node framebuffer, compatible id shared-dma-pool
[    0.000000] Reserved memory: created CMA memory pool at 0xba000000, size 64 MiB
[    0.000000] OF: reserved mem: initialized node video, compatible id shared-dma-pool
[    0.000000] cma: Reserved 16 MiB at 0xb9000000
[    0.000000] Zone ranges:
[    0.000000]   Normal   [mem 0x0000000080000000-0x00000000beffffff]
[    0.000000]   HighMem  empty
[    0.000000] Movable zone start for each node
[    0.000000] Early memory node ranges
[    0.000000]   node   0: [mem 0x0000000080000000-0x00000000beffffff]
[    0.000000] Initmem setup node 0 [mem 0x0000000080000000-0x00000000beffffff]
[    0.000000] percpu: Embedded 14 pages/cpu s36500 r0 d20844 u57344
[    0.000000] Built 1 zonelists, mobility grouping on.  Total pages: 256032
[    0.000000] Kernel command line: console=ttyS4,115200n8 root=/dev/ram rw
[    0.000000] Dentry cache hash table entries: 131072 (order: 7, 524288 bytes, linear)
[    0.000000] Inode-cache hash table entries: 65536 (order: 6, 262144 bytes, linear)
[    0.000000] mem auto-init: stack:all(zero), heap alloc:off, heap free:off
[    0.000000] Memory: 909212K/1032192K available (9216K kernel code, 811K rwdata, 1852K rodata, 1024K init, 179K bss, 24676K reserved, 98304K cma-reserved, 0K highmem)
[    0.000000] SLUB: HWalign=64, Order=0-3, MinObjects=0, CPUs=2, Nodes=1
[    0.000000] ftrace: allocating 29055 entries in 57 pages
[    0.000000] ftrace: allocated 57 pages with 4 groups
[    0.000000] trace event string verifier disabled
[    0.000000] rcu: Hierarchical RCU implementation.
[    0.000000] rcu:     RCU event tracing is enabled.
[    0.000000]  Rude variant of Tasks RCU enabled.
[    0.000000]  Tracing variant of Tasks RCU enabled.
[    0.000000] rcu: RCU calculated value of scheduler-enlistment delay is 10 jiffies.
[    0.000000] NR_IRQS: 16, nr_irqs: 16, preallocated irqs: 16
[    0.000000] rcu: srcu_init: Setting srcu_struct sizes based on contention.
[    0.000000] arch_timer: cp15 timer(s) running at 1200.00MHz (phys).
[    0.000000] clocksource: arch_sys_counter: mask: 0x1fffffffffffffff max_cycles: 0x114c1bbbeec, max_idle_ns: 440795229572 ns
[    0.000242] sched_clock: 61 bits at 1200MHz, resolution 0ns, wraps every 2199023255551ns
[    0.000636] Switching to timer-based delay loop, resolution 0ns
[    0.014258] Calibrating delay loop (skipped), value calculated using timer frequency.. 2400.00 BogoMIPS (lpj=12000000)
[    0.014655] pid_max: default: 32768 minimum: 301
[    0.020167] Mount-cache hash table entries: 2048 (order: 1, 8192 bytes, linear)
[    0.020287] Mountpoint-cache hash table entries: 2048 (order: 1, 8192 bytes, linear)
[    0.042836] CPU: Testing write buffer coherency: ok
[    0.073578] cblist_init_generic: Setting adjustable number of callback queues.
[    0.073931] cblist_init_generic: Setting shift to 1 and lim to 1.
[    0.074816] cblist_init_generic: Setting shift to 1 and lim to 1.
[    0.076412] Setting up static identity map for 0x80100000 - 0x80100060
[    0.077993] rcu: Hierarchical SRCU implementation.
[    0.078085] rcu:     Max phase no-delay instances is 1000.
[    0.084999] ASPEED AST2600 rev A3 (05030303)
[    0.089814] smp: Bringing up secondary CPUs ...
[    0.105637] smp: Brought up 1 node, 2 CPUs
[    0.105819] SMP: Total of 2 processors activated (4800.00 BogoMIPS).
[    0.105928] CPU: All CPU(s) started in SVC mode.
[    0.128044] devtmpfs: initialized
[    0.196926] VFP support v0.3: implementor 41 architecture 2 part 30 variant 7 rev 5
[    0.219634] clocksource: jiffies: mask: 0xffffffff max_cycles: 0xffffffff, max_idle_ns: 19112604462750000 ns
[    0.220829] futex hash table entries: 512 (order: 3, 32768 bytes, linear)
[    0.232302] pinctrl core: initialized pinctrl subsystem
[    0.261415] NET: Registered PF_NETLINK/PF_ROUTE protocol family
[    0.295992] DMA: preallocated 256 KiB pool for atomic coherent allocations
[    0.308959] hw-breakpoint: found 5 (+1 reserved) breakpoint and 4 watchpoint registers.
[    0.309121] hw-breakpoint: maximum watchpoint size is 8 bytes.
[    0.524711] AST2600 secure boot disabled
[    0.529167] SCSI subsystem initialized
[    0.530941] usbcore: registered new interface driver usbfs
[    0.531485] usbcore: registered new interface driver hub
[    0.531867] usbcore: registered new device driver usb
[    0.532824] mc: Linux media interface: v0.10
[    0.533086] videodev: Linux video capture interface: v2.00
[    0.533336] pps_core: LinuxPPS API ver. 1 registered
[    0.533377] pps_core: Software ver. 5.3.6 - Copyright 2005-2007 Rodolfo Giometti <giometti@linux.it>
[    0.533727] PTP clock support registered
[    0.533975] EDAC MC: Ver: 3.0.0
[    0.570464] clocksource: Switched to clocksource arch_sys_counter
[    0.724860] NET: Registered PF_INET protocol family
[    0.727121] IP idents hash table entries: 16384 (order: 5, 131072 bytes, linear)
[    0.736487] tcp_listen_portaddr_hash hash table entries: 512 (order: 0, 4096 bytes, linear)
[    0.737151] Table-perturb hash table entries: 65536 (order: 6, 262144 bytes, linear)
[    0.737309] TCP established hash table entries: 8192 (order: 3, 32768 bytes, linear)
[    0.737737] TCP bind hash table entries: 8192 (order: 5, 131072 bytes, linear)
[    0.738518] TCP: Hash tables configured (established 8192 bind 8192)
[    0.741257] UDP hash table entries: 512 (order: 2, 16384 bytes, linear)
[    0.741757] UDP-Lite hash table entries: 512 (order: 2, 16384 bytes, linear)
[    0.744043] NET: Registered PF_UNIX/PF_LOCAL protocol family
[    0.757956] workingset: timestamp_bits=30 max_order=18 bucket_order=0
[    0.763752] Unpacking initramfs...
[    0.790735] squashfs: version 4.0 (2009/01/31) Phillip Lougher
[    0.791837] jffs2: version 2.2. (SUMMARY)  © 2001-2006 Red Hat, Inc.
[    0.796088] NET: Registered PF_ALG protocol family
[    0.797312] Block layer SCSI generic (bsg) driver version 0.4 loaded (major 246)
[    0.847126] Serial: 8250/16550 driver, 6 ports, IRQ sharing enabled
[    0.866696] printk: console [ttyS4] disabled
[    0.895106] 1e784000.serial: ttyS4 at MMIO 0x1e784000 (irq = 33, base_baud = 1500000) is a 16550A
[    0.993246] printk: console [ttyS4] enabled
[    1.002517] timeriomem_rng 1e6e2524.hwrng: 32bits from 0x(ptrval) @ 1us
[    1.008378] aspeed_gfx 1e6e6000.display: assigned reserved memory node framebuffer
[    1.055761] [drm] Initialized aspeed-gfx-drm 1.0.0 20180319 for 1e6e6000.display on minor 0
[    1.126691] random: crng init done
[    1.145386] loop: module loaded
[    1.255917] spi-nor spi0.0: mx25u51245g (65536 Kbytes)
[    1.351879] spi-aspeed-smc 1e620000.spi: CE0 read buswidth:4 [0x406c0641]
[    1.405368] 5 fixed-partitions partitions found on MTD device bmc
[    1.407044] Creating 5 MTD partitions on "bmc":
[    1.408248] 0x000000000000-0x0000000e0000 : "u-boot"
[    1.416443] 0x0000000e0000-0x000000100000 : "u-boot-env"
[    1.423287] 0x000000100000-0x000000a00000 : "kernel"
[    1.429308] 0x000000a00000-0x000002a00000 : "rofs"
[    1.436038] 0x000002a00000-0x000004000000 : "rwfs"
[    1.479216] spi-nor spi1.0: mx25u51245g (65536 Kbytes)
[    1.484864] spi-aspeed-smc 1e630000.spi: Calibration area too uniform, using low speed
[    1.486359] spi-aspeed-smc 1e630000.spi: CE0 read buswidth:4 [0x406c0041]
[    1.541882] ftgmac100 1e660000.ftgmac: Read MAC address 8a:b2:df:06:c7:1d from chip
[    1.546711] RTL8211E Gigabit Ethernet 1e650000.mdio-1:00: attached PHY driver (mii_bus:phy_addr=1e650000.mdio-1:00, irq=POLL)
[    1.563604] ftgmac100 1e660000.ftgmac eth0: irq 35, mapped at (ptrval)
[    1.566585] ftgmac100 1e680000.ftgmac: Read MAC address 2e:12:f1:b0:bb:c0 from chip
[    1.568136] RTL8211E Gigabit Ethernet 1e650008.mdio-1:00: attached PHY driver (mii_bus:phy_addr=1e650008.mdio-1:00, irq=POLL)
[    1.573540] ftgmac100 1e680000.ftgmac eth1: irq 36, mapped at (ptrval)
[    1.576046] ftgmac100 1e670000.ftgmac: Read MAC address 0a:4e:27:49:e3:a2 from chip
[    1.577419] RTL8211E Gigabit Ethernet 1e650010.mdio-1:00: attached PHY driver (mii_bus:phy_addr=1e650010.mdio-1:00, irq=POLL)
[    1.582033] ftgmac100 1e670000.ftgmac eth2: irq 37, mapped at (ptrval)
[    1.585115] ftgmac100 1e690000.ftgmac: Read MAC address a6:e6:20:85:13:73 from chip
[    1.586888] RTL8211E Gigabit Ethernet 1e650018.mdio-1:00: attached PHY driver (mii_bus:phy_addr=1e650018.mdio-1:00, irq=POLL)
[    1.591622] ftgmac100 1e690000.ftgmac eth3: irq 38, mapped at (ptrval)
[    1.593671] PPP generic driver version 2.4.2
[    1.597578] PPP BSD Compression module registered
[    1.598490] PPP Deflate Compression module registered
[    1.619102] PPP MPPE Compression module registered
[    1.623082] usbcore: registered new interface driver usb-storage
[    1.636597] ehci-platform 1e6a3000.usb: EHCI Host Controller
[    1.638637] ehci-platform 1e6a3000.usb: new USB bus registered, assigned bus number 1
[    1.688030] aspeed_vhub 1e6a0000.usb-vhub: Initialized virtual hub in USB2 mode
[    1.696535] aspeed-rtc 1e781000.rtc: registered as rtc0
[    1.697350] aspeed-rtc 1e781000.rtc: hctosys: unable to read the hardware clock
[    1.699696] i2c_dev: i2c /dev entries driver
[    1.708014] ehci-platform 1e6a3000.usb: irq 39, io mem 0x1e6a3000
[    1.711359] aspeed-i2c-bus 1e78a080.i2c-bus: i2c bus 0 registered, irq 41
[    1.715742] aspeed-i2c-bus 1e78a100.i2c-bus: i2c bus 1 registered, irq 42
[    1.720022] aspeed-i2c-bus 1e78a180.i2c-bus: i2c bus 2 registered, irq 43
[    1.724104] aspeed-i2c-bus 1e78a200.i2c-bus: i2c bus 3 registered, irq 44
[    1.727803] aspeed-i2c-bus 1e78a280.i2c-bus: i2c bus 4 registered, irq 45
[    1.732293] aspeed-i2c-bus 1e78a300.i2c-bus: i2c bus 5 registered, irq 46
[    1.736143] aspeed-i2c-bus 1e78a380.i2c-bus: i2c bus 6 registered, irq 47
[    1.753580] ehci-platform 1e6a3000.usb: USB 2.0 started, EHCI 1.00
[    1.753580] ehci-platform 1e6a3000.usb: USB 2.0 started, EHCI 1.00
[    1.856411] at24 7-0050: 1024 byte 24c08 EEPROM, writable, 16 bytes/write
[    1.858019] aspeed-i2c-bus 1e78a400.i2c-bus: i2c bus 7 registered, irq 48
[    1.865770] usb usb1: New USB device found, idVendor=1d6b, idProduct=0002, bcdDevice= 6.01
[    1.867083] usb usb1: New USB device strings: Mfr=3, Product=2, SerialNumber=1
[    1.868256] usb usb1: Product: EHCI Host Controller
[    1.869074] usb usb1: Manufacturer: Linux 6.1.15-580639a ehci_hcd
[    1.870390] usb usb1: SerialNumber: 1e6a3000.usb
[    1.878036] hub 1-0:1.0: USB hub found
[    1.879938] hub 1-0:1.0: 6 ports detected
[    1.893262] Freeing initrd memory: 1016K
[    1.893262] Freeing initrd memory: 1016K
[    1.895878] aspeed-i2c-bus 1e78a480.i2c-bus: i2c bus 8 registered, irq 49
[    1.900565] aspeed-i2c-bus 1e78a500.i2c-bus: i2c bus 9 registered, irq 50
[    1.900565] aspeed-i2c-bus 1e78a500.i2c-bus: i2c bus 9 registered, irq 50
[    1.905214] aspeed-i2c-bus 1e78a680.i2c-bus: i2c bus 12 registered, irq 51
[    1.910783] aspeed-i2c-bus 1e78a700.i2c-bus: i2c bus 13 registered, irq 52
[    1.910783] aspeed-i2c-bus 1e78a700.i2c-bus: i2c bus 13 registered, irq 52
[    1.914848] aspeed-i2c-bus 1e78a780.i2c-bus: i2c bus 14 registered, irq 53
[    1.924412] aspeed-i2c-bus 1e78a800.i2c-bus: i2c bus 15 registered, irq 54
[    1.935181] aspeed-video 1e700000.video: irq 55
[    1.937377] aspeed-video 1e700000.video: assigned reserved memory node video
[    1.942671] aspeed-video 1e700000.video: alloc mem size(24576) at 0xba000000 for jpeg header
[    1.951472] Driver for 1-wire Dallas network protocol.
[    1.959747] lm75 8-004d: hwmon0: sensor 'lm75'
[    1.970260] device-mapper: ioctl: 4.47.0-ioctl (2022-07-28) initialised: dm-devel@redhat.com
[    1.975067] aspeed-edac 1e6e0000.sdram: ECC mode is not configured in u-boot
[    1.976270] aspeed-edac: probe of 1e6e0000.sdram failed with error -1
[    1.984591] sdhci: Secure Digital Host Controller Interface driver
[    1.985667] sdhci: Copyright(c) Pierre Ossman
[    1.986415] sdhci-pltfm: SDHCI platform and OF driver helper
[    1.990986] usbcore: registered new interface driver usbhid
[    1.991910] usbhid: USB HID core driver
[    1.993758] SPI driver bmp280 has no spi_device_id for bosch,bmp085
[    2.008549] fsi-master-aspeed 1e79b000.fsi: failed to read hub version
[    2.010530] fsi-master-aspeed: probe of 1e79b000.fsi failed with error -110
[    2.030724] NET: Registered PF_INET6 protocol family
[    2.030724] NET: Registered PF_INET6 protocol family
[    2.040588] sdhci-aspeed 1e750100.sdhci: Configured for slot 0
[    2.064726] Segment Routing with IPv6
[    2.065671] In-situ OAM (IOAM) with IPv6
[    2.068244] NET: Registered PF_PACKET protocol family
[    2.069147] 8021q: 802.1Q VLAN Support v1.8
[    2.072075] Registering SWP/SWPB emulation handler
[    2.072075] Registering SWP/SWPB emulation handler                           [    2.084440] mmc0: SDHCI controller on 1e750100.sdhci [1e750100.sdhci] using A
DMA
[    2.130138] sdhci-aspeed 1e740100.sdhci: Configured for slot 0
[    2.131316] sdhci-aspeed 1e740200.sdhci: Configured for slot 1
[    2.134851] printk: console [netcon0] enabled
[    2.135729] netconsole: network logging started
[    2.164097] mmc1: SDHCI controller on 1e740100.sdhci [1e740100.sdhci] using ADMA
DMA                                                                             [    2.179929] mmc2: SDHCI controller on 1e740200.sdhci [1e740200.sdhci] using A
DMA
[    2.221636] Freeing unused kernel image (initmem) memory: 1024K
[    2.293785] Checked W+X mappings: passed, no W+X pages found
[    2.294942] Run /init as init process
rofs = mtd4 squashfs   rwfs = mtd5 jffs2
[    5.535250] jffs2: notice: (122) jffs2_build_xattr_subsystem: complete building xattr subsystem, 0 of xdatum (0 unchecked, 0 orphan) and 0 of xref (0 dead, 0 orphan) found.
find: run/initramfs/rw/cow/var/lib/systemd/random-seed: No such file or directory
Fri Mar  9 12:35:01 UTC 2018
Fri Mar  9 12:35:01 UTC 2018
[    6.147020] overlayfs: upper fs does not support tmpfile.
[    6.157586] overlayfs: upper fs does not support RENAME_WHITEOUT.
[   12.274747] systemd[1]: System time before build time, advancing clock.
[   12.590526] systemd[1]: systemd 253.1^ running in system mode (+PAM -AUDIT -SELINUX -APPARMOR -IMA -SMACK +SECCOMP -GCRYPT -GNUTLS -OPENSSL -ACL +BLKID -CURL -ELFUTILS -FIDO2 -IDN2 -IDN -IPTC -KMOD -LIBCRYPTSETUP +LIBFDISK -PCRE2 -PWQUALITY -P11KIT -QRENCODE -TPM2 -BZIP2 -LZ4 -XZ -ZLIB +ZSTD -BPF_FRAMEWORK -XKBCOMMON -UTMP -SYSVINIT default-hierarchy=unified)
N -UTMP -SYSVINIT default-hierarchy=unified)
[   12.608075] systemd[1]: Detected architecture arm.
Welcome to Phosphor OpenBMC (Phosphor OpenBMC Project Reference Distro) 2.15.0-dev!
[   12.711296] systemd[1]: Hostname set to <evb-ast2600>.
[   12.781063] systemd[1]: Initializing machine ID from random generator.
[   13.253344] systemd[1]: Using hardware watchdog 'aspeed_wdt', version 0, device /dev/watchdog0
[   13.700528] systemd[1]: Watchdog running with a timeout of 2min.
[   13.700528] systemd[1]: Watchdog running with a timeout of 2min.             [   13.726492] systemd[1]: Watchdog: reading from /sys/dev/char/247:0/pretimeout
_governor
[   13.733366] systemd[1]: Watchdog: failed to read pretimeout governor: No such file or directory
[   13.735466] systemd[1]: Watchdog: setting pretimeout_governor to 'panic' via '/sys/dev/char/247:0/pretimeout_governor'
[   13.744655] systemd[1]: Failed to set pretimeout_governor to 'panic': No such file or directory
[   13.750123] systemd[1]: Failed to set watchdog pretimeout governor to 'panic', ignoring: No such file or directory
[   23.938618] systemd[1]: /lib/systemd/system/phosphor-ipmi-net@.socket:6: Invalid interface name, ignoring: sys-subsystem-net-devices-%i.device
[   24.368288] systemd[1]: Queued start job for default target Multi-User System.
[   24.450403] systemd[1]: Created slice Slice /system/getty.
[  OK  ] Created slice Slice /system/getty.
[   24.482297] systemd[1]: Created slice Slice /system/mapper-wait.
[  OK  ] Created slice Slice /system/mapper-wait.
[  OK  ] Created slice Slice /system/mapper-wait.
[   24.499991] systemd[1]: Created slice Slice /system/modprobe.
[  OK  ] Created slice Slice /system/modprobe.
[   24.517151] systemd[1]: Created slice Slice /system/obmc-led-group-start.
[   24.517151] systemd[1]: Created slice Slice /system/obmc-led-group-start.    [  OK  ] Created slice Slice /system/obmc-led-group-start.
[   24.534979] systemd[1]: Created slice Slice /system/phosphor-certificate-manager.
ger.                                                                            [  OK  ] Created slice Slice /system/phosphor-certificate-manager.
[  OK  ] Created slice Slice /system/phosphor-certificate-manager.              [   24.552921] systemd[1]: Created slice Slice /system/phosphor-discover-system-
state.
state.                                                                          [  OK  ] Created slice Slice /syste…hosphor-discover-system-state.
[   24.572354] systemd[1]: Created slice Slice /system/phosphor-ipmi-net.
[  OK  ] Created slice Slice /system/phosphor-ipmi-net.
[   24.591366] systemd[1]: Created slice Slice /system/phosphor-reset-chassis-on.
.                                                                               [  OK  ] Created slice Slice /system/phosphor-reset-chassis-on.
[  OK  ] Created slice Slice /system/phosphor-reset-chassis-on.                 [   24.610082] systemd[1]: Created slice Slice /system/phosphor-reset-chassis-ru
nning.
nning.                                                                          [  OK  ] Created slice Slice /syste…hosphor-reset-chassis-running.
[   24.628104] systemd[1]: Created slice Slice /system/phosphor-reset-host-running.
ng.                                                                             [  OK  ] Created slice Slice /system/phosphor-reset-host-running.
[   24.646143] systemd[1]: Created slice Slice /system/serial-getty.
[  OK  ] Created slice Slice /system/serial-getty.
[   24.664485] systemd[1]: Created slice Slice /system/xyz.openbmc_project.State.Chassis.
.Chassis.                                                                       [  OK  ] Created slice Slice /syste…openbmc_project.State.Chassis.
[   24.683115] systemd[1]: Created slice Slice /system/xyz.openbmc_project.State.Host.
.Host.                                                                          [  OK  ] Created slice Slice /syste…yz.openbmc_project.State.Host.
[   24.695915] systemd[1]: Started Dispatch Password Requests to Console Directory Watch.
ry Watch.                                                                       [  OK  ] Started Dispatch Password …ts to Console Directory Watch.
[   24.705791] systemd[1]: Started Forward Password Requests to Wall Directory Watch.
atch.                                                                           [  OK  ] Started Forward Password R…uests to Wall Directory Watch.
[   24.716909] systemd[1]: Reached target Host0 running after reset.
[  OK  ] Reached target Host0 running after reset.
[   24.723084] systemd[1]: Reached target Path Units.
[  OK  ] Reached target Path Units.
[   24.727977] systemd[1]: Reached target Remote File Systems.
[  OK  ] Reached target Remote File Systems.
[   24.732824] systemd[1]: Reached target Slice Units.
[  OK  ] Reached target Slice Units.
[   24.738033] systemd[1]: Reached target Swaps.
[  OK  ] Reached target Swaps.
[   24.764337] systemd[1]: Listening on Syslog Socket.
[  OK  ] Listening on Syslog Socket.
[   24.845112] systemd[1]: Listening on Process Core Dump Socket.
[  OK  ] Listening on Process Core Dump Socket.
[   24.856292] systemd[1]: Journal Audit Socket was skipped because of an unmet condition check (ConditionSecurity=audit).
[   24.868042] systemd[1]: Listening on Journal Socket (/dev/log).
[  OK  ] Listening on Journal Socket (/dev/log).
[  OK  ] Listening on Journal Socket (/dev/log).
[   24.882727] systemd[1]: Listening on Journal Socket.
[  OK  ] Listening on Journal Socket.
[   24.898254] systemd[1]: Listening on Network Service Netlink Socket.
[  OK  ] Listening on Network Service Netlink Socket.
[   24.924229] systemd[1]: Listening on udev Control Socket.
[  OK  ] Listening on udev Control Socket.
[   24.941693] systemd[1]: Listening on udev Kernel Socket.
[  OK  ] Listening on udev Kernel Socket.
[   24.957215] systemd[1]: Huge Pages File System was skipped because of an unmet condition check (ConditionPathExists=/sys/kernel/mm/hugepages).
[   24.965282] systemd[1]: POSIX Message Queue File System was skipped because of an unmet condition check (ConditionPathExists=/proc/sys/fs/mqueue).
[   25.082928] systemd[1]: Mounting Kernel Debug File System...
         Mounting Kernel Debug File System...
[   25.126239] systemd[1]: Mounting Kernel Trace File System...
         Mounting Kernel Trace File System...
[   25.226793] systemd[1]: Mounting Temporary Directory /tmp...
         Mounting Temporary Directory /tmp...
[   25.368813] systemd[1]: Starting Load Kernel Module configfs...
         Starting Load Kernel Module configfs...
[   25.424526] systemd[1]: Starting Load Kernel Module efi_pstore...
         Starting Load Kernel Module efi_pstore...
[   25.525105] systemd[1]: Starting Load Kernel Module fuse...
         Starting Load Kernel Module fuse...
[   25.571560] systemd[1]: File System Check on Root Device was skipped because of an unmet condition check (ConditionPathIsReadWrite=!/).
[   25.937080] systemd[1]: Starting Journal Service...
         Starting Journal Service...
[   26.115139] systemd[1]: Starting Generate network units from Kernel command line...
         Starting Generate network …ts from Kernel command line...
         Starting Generate network …ts from Kernel command line...
[   26.197673] systemd[1]: Starting Remount Root and Kernel File Systems...
         Starting Remount Root and Kernel File Systems...
[   26.346805] systemd[1]: Starting Apply Kernel Variables...
         Starting Apply Kernel Variables...
[   26.470576] systemd[1]: Starting Coldplug All udev Devices...
         Starting Coldplug All udev Devices...
[   27.682139] systemd-journald[152]: Collecting audit messages is disabled.
[   27.682139] systemd-journald[152]: Collecting audit messages is disabled.
[   27.849143] systemd[1]: Mounted Kernel Debug File System.
[  OK  ] Mounted Kernel Debug File System.
[   27.917538] systemd[1]: Mounted Kernel Trace File System.
[  OK  ] Mounted Kernel Trace File System.
[   27.946971] systemd[1]: Mounted Temporary Directory /tmp.
[  OK  ] Mounted Temporary Directory /tmp.
[   27.993954] systemd[1]: modprobe@configfs.service: Deactivated successfully.
[   28.013897] systemd[1]: Finished Load Kernel Module configfs.
[  OK  ] Finished Load Kernel Module configfs.
[   28.048313] systemd[1]: modprobe@efi_pstore.service: Deactivated successfully.
.
[   28.058529] systemd[1]: Finished Load Kernel Module efi_pstore.
[  OK  ] Finished Load Kernel Module efi_pstore.
[   28.131937] systemd[1]: modprobe@fuse.service: Deactivated successfully.
[   28.144140] systemd[1]: Finished Load Kernel Module fuse.
[  OK  ] Finished Load Kernel Module fuse.
[   28.161864] systemd[1]: Finished Generate network units from Kernel command line.
ine.                                                                            [  OK  ] Finished Generate network units from Kernel command line.
[   28.177479] systemd[1]: Finished Remount Root and Kernel File Systems.
[  OK  ] Finished Remount Root and Kernel File Systems.
[   28.195733] systemd[1]: Finished Apply Kernel Variables.
[  OK  ] Finished Apply Kernel Variables.
[  OK  ] Finished Apply Kernel Variables.
[   28.224112] systemd[1]: Reached target Preparation for Network.
[  OK  ] Reached target Preparation for Network.
[   28.254316] systemd[1]: FUSE Control File System was skipped because of an unmet condition check (ConditionPathExists=/sys/fs/fuse/connections).
[   28.448647] systemd[1]: Mounting Kernel Configuration File System...
         Mounting Kernel Configuration File System...
[   28.647053] systemd[1]: Starting Rebuild Hardware Database...
         Starting Rebuild Hardware Database...
[   28.668858] systemd[1]: Platform Persistent Storage Archival was skipped because of an unmet condition check (ConditionDirectoryNotEmpty=/sys/fs/pstore).
[   28.884857] systemd[1]: Starting Create System Users...
         Starting Create System Users...
[   29.117563] systemd[1]: Mounted Kernel Configuration File System.
[  OK  ] Mounted Kernel Configuration File System.
[   29.186989] systemd[1]: Finished Rebuild Hardware Database.
[  OK  ] Finished Rebuild Hardware Database.
[   29.975570] systemd[1]: Finished Create System Users.
[  OK  ] Finished Create System Users.
[   30.353739] systemd[1]: Starting Create Static Device Nodes in /dev...
[   30.353739] systemd[1]: Starting Create Static Device Nodes in /dev...
         Starting Create Static Device Nodes in /dev...
[   30.753280] systemd[1]: Started Journal Service.
[  OK  ] Started Journal Service.
         Starting Flush Journal to Persistent Storage...
         Starting Flush Journal to Persistent Storage...                        [   31.247961] systemd-journald[152]: Received client request to flush runtime j
ournal.
[  OK  ] Finished Flush Journal to Persistent Storage.
[  OK  ] Finished Create Static Device Nodes in /dev.
[  OK  ] Finished Create Static Device Nodes in /dev.                           [  OK  ] Reached target Preparation for Local File Systems.
         Mounting /var/volatile...
         Starting Rule-based Manage…for Device Events and Files...
[  OK  ] Mounted /var/volatile.
         Starting Load/Save OS Random Seed...
[  OK  ] Reached target Local File Systems.
         Starting Create Volatile Files and Directories...
[  OK  ] Finished Load/Save OS Random Seed.
[  OK  ] Finished Load/Save OS Random Seed.                                     [  OK  ] Started Rule-based Manager for Device Events and Files.
[  OK  ] Finished Create Volatile Files and Directories.
         Starting Rebuild Journal Catalog...
         Starting Network Configuration...
         Starting Network Name Resolution...
         Starting Network Time Synchronization...
[  OK  ] Finished Rebuild Journal Catalog.
         Starting Update is Completed...
[  OK  ] Finished Update is Completed.
[  OK  ] Finished Update is Completed.                                          [*     ] (1 of 5) A start job is running for… All udev Devices (13s / no limit)
[*     ] (1 of 5) A start job is running for… All udev Devices (13s / no limit)
[  OK  ] Finished Update is Completed.                                          [**    ] (1 of 5) A start job is running for… All udev Devices (14s / no limit)
[**    ] (1 of 5) A start job is running for… All udev Devices (14s / no limit)
[  OK  ] Started Network Configuration.
[  OK  ] Started Network Configuration.
         Starting Wait for Network to be Configured...
[  OK  ] Started Network Time Synchronization.
[  OK  ] Reached target System Time Set.
[  OK  ] Started Network Name Resolution.
[  OK  ] Reached target Network.
[  OK  ] Reached target Host and Network Name Lookups.
[  OK  ] Finished Coldplug All udev Devices.
[   44.032636] ftgmac100 1e660000.ftgmac eth0: Link is Up - 100Mbps/Full - flow control rx/tx
[   44.053264] IPv6: ADDRCONF(NETDEV_CHANGE): eth0: link becomes ready
[   44.053264] IPv6: ADDRCONF(NETDEV_CHANGE): eth0: link becomes ready          [   44.557274] ftgmac100 1e670000.ftgmac eth2: Link is Up - 100Mbps/Full - flow
control rx/tx
[   44.570931] IPv6: ADDRCONF(NETDEV_CHANGE): eth2: link becomes ready
[   44.570931] IPv6: ADDRCONF(NETDEV_CHANGE): eth2: link becomes ready          [***   ] (1 of 2) A start job is running for…/net/devices/eth0 (20s / no limit)
[   45.168482] ftgmac100 1e690000.ftgmac eth3: Link is Up - 100Mbps/Full - flow control rx/tx
[   45.180901] IPv6: ADDRCONF(NETDEV_CHANGE): eth3: link becomes ready
[   45.180901] IPv6: ADDRCONF(NETDEV_CHANGE): eth3: link becomes ready
control rx/tx                                                                   [ ***  ] (2 of 2) A start job is running for… to be Configured (21s / no limit)
[   45.426010] ftgmac100 1e680000.ftgmac eth1: Link is Up - 100Mbps/Full - flow control rx/tx
control rx/tx
[   45.440971] IPv6: ADDRCONF(NETDEV_CHANGE): eth1: link becomes ready
[   45.440971] IPv6: ADDRCONF(NETDEV_CHANGE): eth1: link becomes ready
control rx/tx                                                                   [  *** ] (2 of 2) A start job is running for… to be Configured (21s / no limit)
[  *** ] (2 of 2) A start job is running for… to be Configured (21s / no limit)
control rx/tx                                                                   [   ***] (2 of 2) A start job is running for… to be Configured (22s / no limit)
[   ***] (2 of 2) A start job is running for… to be Configured (22s / no limit)
control rx/tx                                                                   [  OK  ] Found device /sys/subsystem/net/devices/eth0.
[  OK  ] Found device /sys/subsystem/net/devices/eth0.                          [    **] A start job is running for Wait for… to be Configured (25s / no limit)
[    **] A start job is running for Wait for… to be Configured (25s / no limit)
[  OK  ] Found device /sys/subsystem/net/devices/eth0.                          [  OK  ] Created slice Slice /system/xyz.openbmc_project.Hwmon.
[  OK  ] Created slice Slice /system/xyz.openbmc_project.Hwmon.                 [  OK  ] Created slice Slice /syste…penbmc_project.led.controller.
[  OK  ] Reached target Hardware activated USB gadget.
         Starting Load Kernel Module efi_pstore...
         Starting Load Kernel Module fuse...
[  OK  ] Finished Load Kernel Module efi_pstore.
[  OK  ] Finished Load Kernel Module fuse.
[  OK  ] Reached target System Initialization.
[  OK  ] Reached target System Initialization.
[  OK  ] Started Daily rotation of log files.
[  OK  ] Started Daily Cleanup of Temporary Directories.
[  OK  ] Reached target Timer Units.
[  OK  ] Reached target Timer Units.                                            [  OK  ] Listening on Avahi mDNS/DNS-SD Stack Activation Socket.
[  OK  ] Listening on BMC Webserver socket.
[  OK  ] Listening on D-Bus System Message Bus Socket.
[  OK  ] Listening on dropbear.socket.
[  OK  ] Listening on dropbear.socket.                                          [  OK  ] Listening on Phosphor Host…ole SSH Per-Connection socket.
[  OK  ] Listening on phosphor-ipmi-net@eth0.socket.
[  OK  ] Reached target Socket Units.
         Starting D-Bus System Message Bus...
[  OK  ] Finished Wait for Network to be Configured.
[  OK  ] Reached target Network is Online.
[  OK  ] Started D-Bus System Message Bus.
[  OK  ] Reached target Basic System.
[  OK  ] Reached target Basic System.
         Starting Avahi mDNS/DNS-SD Stack...
[  OK  ] Started Start bmcweb server.
         Starting Clear one time boot overrides...
         Starting SSH Key Generation...
         Starting Name Service Cache Daemon...
         Starting LDAP daemon...
[  OK  ] Started Phosphor Dump core monitor..
[  OK  ] Started Phosphor Dump core monitor..                                   [  OK  ] Started Phosphor certificate manager for authority.
[  OK  ] Started Phosphor certificate manager for authority.                    [  OK  ] Started Phosphor certificate manager for bmcweb.
[  OK  ] Started Phosphor certificate manager for nslcd.
         Starting BMC health monitoring...
         Starting BMC health monitoring...
         Starting System Logging Service...
         Starting System Logging Service...
[  OK  ] Started Lightweight SLP Server.
         Starting OpenBMC ipKVM daemon...
         Starting OpenBMC ipKVM daemon...
         Starting Permit User Sessions...
         Starting Enable Linux trace events in the boot loader...
         Starting Phosphor Dump Manager...
[  OK  ] Started Fru Device.
         Starting Phosphor Inventory Manager...
         Starting Phosphor LED Group Management Daemon...
         Starting Phosphor Log Manager...
         Starting Phosphor Network Manager...
         Starting Phosphor DBus Service Discovery Manager...
         Starting Phosphor Settings Daemon...
         Starting OpenBMC Software Update Manager...
         Starting Phosphor Download Manager...
         Starting Phosphor Download Manager...
         Starting Phosphor Chassis0 State Manager...
         Starting Rsyslog config updater...
         Starting Telemetry...
         Starting Phosphor User Manager...
[  OK  ] Started Phosphor sysfs LED controller.
[  OK  ] Started Phosphor sysfs LED controller.
[  OK  ] Started Phosphor sysfs LED controller.
[  OK  ] Started System Logging Service.
[  OK  ] Started Name Service Cache Daemon.
[  OK  ] Started OpenBMC ipKVM daemon.
[  OK  ] Started OpenBMC ipKVM daemon.
[  OK  ] Finished Permit User Sessions.
[  OK  ] Started OpenBMC ipKVM daemon.                                          [  OK  ] Finished Permit User Sessions.
[  OK  ] Finished Enable Linux trace events in the boot loader.
[  OK  ] Finished Clear one time boot overrides.
[  OK  ] Finished Clear one time boot overrides.
[  OK  ] Started Phosphor Settings Daemon.
[  OK  ] Started Rsyslog config updater.
[  OK  ] Started LDAP daemon.
[  OK  ] Started BMC health monitoring.
[  OK  ] Started Phosphor Download Manager.
[  OK  ] Started Phosphor Log Manager.
[  OK  ] Started OpenBMC Software Update Manager.
[  OK  ] Started OpenBMC Software Update Manager.                               [  OK  ] Started Phosphor DBus Service Discovery Manager.
[  OK  ] Started Phosphor Inventory Manager.
[  OK  ] Started Phosphor Inventory Manager.
[  OK  ] Started Telemetry.
[  OK  ] Started Avahi mDNS/DNS-SD Stack.
[  OK  ] Started Phosphor Dump Manager.
[  OK  ] Started Phosphor Dump Manager.
[  OK  ] Started phosphor systemd target monitor.
[  OK  ] Started phosphor systemd target monitor.
[  OK  ] Started Serial Getty on ttyS4.
[  OK  ] Reached target Login Prompts.
         Starting Hostname Service...
         Starting Phosphor Ldap config updater...
         Starting Wait for /org/openbmc/control/power0...
         Starting Wait for /xyz/ope…t/control/host0/auto_reboot...
         Starting Wait for /xyz/ope…control/host0/boot/one_time...
         Starting Wait for /xyz/ope…_project/control/host0/boot...
         Starting Wait for /xyz/ope…/host0/power_restore_policy...
         Starting Wait for /xyz/ope…trol/host0/restriction_mode...
         Starting Wait for /xyz/ope…oject/led/groups/bmc_booted...
         Starting Wait for /xyz/openbmc_project/state/bmc0...
         Starting Wait for /xyz/openbmc_project/state/host0...
         Starting Wait for /xyz/ope…mc_project/time/sync_method...
         Starting Phosphor Version Software Manager...
         Starting Phosphor Version Software Manager...
Phosphor OpenBMC (Phosphor OpenBMC Project Reference Distro) nodistro.0 evb-ast2600 ttyS4
evb-ast2600 login:
{"event": "boot_login", "ts": "2026-03-29T23:51:27.132502+00:00"}
{"event": "operation_stage", "ts": "2026-03-29T23:51:27.133206+00:00", "op": "Login", "stage": "waiting_for_quiescence"}
evb-ast2600 login: [  OK  ] Finished Wait for /xyz/ope…ect/control/host0/auto_reboot.
boot.                                                                           [  OK  ] Finished Wait for /xyz/ope…t/control/host0/boot/one_time.
[  OK  ] Finished Wait for /xyz/ope…t/control/host0/boot/one_time.              [  OK  ] Finished Wait for /xyz/ope…mc_project/control/host0/boot.
[  OK  ] Finished Wait for /xyz/ope…mc_project/control/host0/boot.              [  OK  ] Finished Wait for /xyz/ope…ol/host0/power_restore_policy.
[  OK  ] Finished Wait for /xyz/ope…mc_project/control/host0/boot.              [  OK  ] Finished Wait for /xyz/ope…ol/host0/power_restore_policy.
[  OK  ] Finished Wait for /xyz/ope…ontrol/host0/restriction_mode.
[  OK  ] Finished Wait for /xyz/ope…ontrol/host0/restriction_mode.              [  OK  ] Finished Wait for /xyz/openbmc_project/time/sync_method.
{"event": "operation_stage", "ts": "2026-03-29T23:51:33.595893+00:00", "op": "Login", "stage": "refreshing_login_prompt"}
[  OK  ] Finished Wait for /xyz/openbmc_project/time/sync_method.
evb-ast2600 login:
{"event": "operation_stage", "ts": "2026-03-29T23:51:34.597755+00:00", "op": "Login", "stage": "sending_username"}
evb-ast2600 login: r
evb-ast2600 login: root
{"event": "operation_stage", "ts": "2026-03-29T23:51:35.600207+00:00", "op": "Login", "stage": "waiting_for_password_or_shell"}
Password:
{"event": "operation_stage", "ts": "2026-03-29T23:51:37.113639+00:00", "op": "Login", "stage": "sending_password"}
Password:
{"event": "operation_stage", "ts": "2026-03-29T23:51:38.115580+00:00", "op": "Login", "stage": "waiting_for_shell"}
oot@evb-ast2600:~#
{"event": "shell_ready", "ts": "2026-03-29T23:51:45.855738+00:00"}
{"event": "operation_stage", "ts": "2026-03-29T23:51:45.855983+00:00", "op": "Login", "stage": "shell_setup_dmesg"}
oot@evb-ast2600:~# dmesg -n 1
oot@evb-ast2600:~# dmesg -n 1
{"event": "operation_stage", "ts": "2026-03-29T23:51:46.357587+00:00", "op": "Login", "stage": "shell_setup_stty"}
root@evb-ast2600:~#
root@evb-ast2600:~# stty cols 200
root@evb-ast2600:~#
{"event": "login_complete", "ts": "2026-03-29T23:51:46.659011+00:00"}
{"event": "operation_ended", "ts": "2026-03-29T23:51:46.659099+00:00", "op": "Login", "success": true}
{"event": "operation_started", "ts": "2026-03-29T23:51:47.722319+00:00", "op": "ConsoleCommand"}
{"event": "command_started", "ts": "2026-03-29T23:51:47.723264+00:00", "command_id": "9f401929", "command": "true"}
root@evb-ast2600:~# cat > /tmp/_mcp_62775.sh <<'__MCP_SCRIPT_62775__'
cat > /tmp/_mcp_62775.sh <<'__MCP_SCRIPT_62775__'
> true
> true
>
>
> __MCP_SCRIPT_62775__
> __MCP_SCRIPT_62775__
root@evb-ast2600:~#
root@evb-ast2600:~#
{"event": "shell_ready", "ts": "2026-03-29T23:51:48.185402+00:00"}
root@evb-ast2600:~# echo __MCP_PID_$$__; sh -x /tmp/_mcp_62775.sh; __MCP_EC=$?; rm -f /tmp/_mcp_62775.sh; echo __MCP_MARKER_62775__${__MCP_EC}
root@evb-ast2600:~# echo __MCP_PID_$$__; sh -x /tmp/_mcp_62775.sh; __MCP_EC=$?; rm -f /tmp/_mcp_62775.sh; echo __MCP_MARKER_62775__${__MCP_EC}
__MCP_PID_340__
__MCP_PID_340__
+ true
+ true
__MCP_MARKER_62775__0
__MCP_MARKER_62775__0
{"event": "command_ended", "ts": "2026-03-29T23:51:48.648480+00:00", "command_id": "9f401929", "command": "true", "exit_code": 0, "status": "completed"}
{"event": "operation_ended", "ts": "2026-03-29T23:51:48.648778+00:00", "op": "ConsoleCommand", "success": true}
root@evb-ast2600:~#
{"event": "operation_started", "ts": "2026-03-29T23:51:48.719280+00:00", "op": "ConsoleCommand"}
{"event": "command_started", "ts": "2026-03-29T23:51:48.719406+00:00", "command_id": "39a3cccb", "command": "sleep 60"}
root@evb-ast2600:~# cat > /tmp/_mcp_22364.sh <<'__MCP_SCRIPT_22364__'
cat > /tmp/_mcp_22364.sh <<'__MCP_SCRIPT_22364__'
echo __MCP_PID_$$__; sh -x /tmp/_mcp_22364.sh; __MCP_EC=$?; rm -f /tmp/_mcp_22364.sh; echo __MCP_MARKER_22364__${__MCP_EC}
echo __MCP_PID_$$__; sh -x /tmp/_mcp_22364.sh; __MCP_EC=$?; rm -f /tmp/_mcp_22364.sh; echo __MCP_MARKER_22364__${__MCP_EC}
> sleep 60
> sleep 60
> __MCP_SCRIPT_22364__
> __MCP_SCRIPT_22364__
root@evb-ast2600:~#
root@evb-ast2600:~#
{"event": "shell_ready", "ts": "2026-03-29T23:51:49.143728+00:00"}
root@evb-ast2600:~# echo __MCP_PID_$$__; sh -x /tmp/_mcp_22364.sh; __MCP_EC=$?; rm -f /tmp/_mcp_22364.sh; echo __MCP_MARKER_22364__${__MCP_EC}
root@evb-ast2600:~# echo __MCP_PID_$$__; sh -x /tmp/_mcp_22364.sh; __MCP_EC=$?; rm -f /tmp/_mcp_22364.sh; echo __MCP_MARKER_22364__${__MCP_EC}
__MCP_PID_340__
__MCP_PID_340__
+ sleep 60
+ sleep 60
{"event": "command_ended", "ts": "2026-03-29T23:51:49.839950+00:00", "command_id": "39a3cccb", "command": "sleep 60", "status": "killed"}
^C
^C
^C
^C
root@evb-ast2600:~#
root@evb-ast2600:~#

