root@UNKNOWN:~# sudo reboot
Broadcast message from root@UNKNOWN on pts/1 (Fri 2025-06-06 07:39:50 UTC):
The system will reboot now!
Broadcast message from root@UNKNOWN on pts/1 (Fri 2025-06-06 07:39:50 UTC):
The system will reboot now!
root@UNKNOWN:~#
[  OK  ] Removed slice system-modprobe.slice - Slice /system/modprobe.
[  OK  ] Stopped target graphical.target - Graphical Interface.
[  OK  ] Stopped target timers.target - Timer Units.
[  OK  ] Stopped apt-daily-upgrade.timer - …y apt upgrade and clean activities.
[  OK  ] Stopped dpkg-db-backup.timer - Daily dpkg database backup timer.
[  OK  ] Stopped e2scrub_all.timer - Period…Metadata Check for All Filesystems.
[  OK  ] Stopped fake-hwcloc[  OK  ] Unmounted boot-efi.mount - /boot/efi.
[  OK  ] Unmounted root\x2dalt.mount - /root-alt.
[  OK  ] Finished fake-hwclock-save.service - Save the current clock.
[  OK  ] S
[  OK  ] Stopped session-3.scope - Session 3 of User dn.
[  OK  ] Stopped systemd-random-seed.service - Load/Save OS Random Seed.
[  OK  ] Removed slice system-serial\x2dget…slice - Slice /system/serial-getty.
[  OK  ] Stopped systemd-fsck@dev-disk-by\x… /dev/disk/by-partlabel/DNOS-ROOT2.
         Stopping user@1000.service - User Manager for UID 1000...
[  OK  ] Stopped user@1000.service - User Manager for UID 1000.
         Stopping user-runtime-dir@1000.ser…Runtime Directory /run/user/1000...
[  OK  ] Unmounted run-user-1000.mount - /run/user/1000.
[  OK  ] Stopped user-runtime-dir@1000.serv…r Runtime Directory /run/user/1000.
[  OK  ] Removed slice user-1000.slice - User Slice of UID 1000.
[  OK  ] Stopped watchdog.service - watchdog daemon.
[  OK  ] Stopped target multi-user.target - Multi-User System.
[  OK  ] Stopped target getty.target - Login Prompts.
         Stopping cron.service - Regular ba…ground program processing daemon...
         Stopping docker_events.service - Logs docker events to journal...
         Stopping gi-bootloader.service - Golden Image Bootloader...
         Stopping host_ncc_ns_sshd.service - OpenBSD Secure Shell server...
         Stopping nscd.service - Name Service Cache Daemon...
         Stopping ntpsec.service - Network Time Service...
         Stopping openipmi.service - LSB: OpenIPMI Driver init script...
[  OK  ] Stopped plymouth-quit-wait.service…old until boot process finishes up.
[  OK  ] Stopped plymouth-quit.service - Terminate Plymouth Boot Screen.
[  OK  ] Stopped rc-local.service - /etc/rc.local Compatibility.
         Stopping rsyslog.service - System Logging Service...
         Stopping smartmontools.service - S…orting Technology (SMART) Daemon...
         Stopping socat-access-host.service - Socat access-host server...
2025/06/06 07:39:50 socat[2026] W exiting on signal 15
         Stopping ssh.service - OpenBSD Secure Shell server...
         Stopping supervisor.service - Supe… process control system for UNIX...
[  OK  ] Stopped sysfsutils.service - Apply sysfs variables.
[  OK  ] Stopped sysstat.service - Resets System Activity Logs.
         Stopping systemd-logind.service - User Login Management...
         Stopping systemd-user-sessions.service - Permit User Sessions...
[  OK  ] Stopped cron.service - Regular background program processing daemon.
[  OK  ] Stopped smartmontools.service - Se…eporting Technology (SMART) Daemon.
[  OK  ] Stopped systemd-logind.service - User Login Management.
[  OK  ] Stopped rsyslog.service - Syste
[  OK  ] Stopped rsyslog.service - System Logging Service.
[  OK  ] Stopped ntpsec.service - Network Time Service.
[  OK  ] Stopped ssh.service - OpenBSD Secure Shell server.
[  OK  ] Stopped host_ncc_ns_sshd.service - OpenBSD Secure Shell server.
[  OK  ] Stopped docker_events.service - Logs docker events to journal.
[  OK  ] Stopped gi-bootloader.service - Golden Image Bootloader.
[  OK  ] Stopped finalrd.service - Create f…untime dir for shutdown pivot root.
[  OK  ] Stopped nscd.service - Name Service Cache Daemon.
[  OK  ] Stopped supervisor.service - Super…or process control system for UNIX.
[  OK  ] Stopped systemd-user-sessions.service - Permit User Sessions.
[  OK  ] Stopped socat-access-host.service - Socat access-host server.
[  OK  ] Stopped target nss-lookup.target - Host and Network Name Lookups.
         Unmounting home.mount - /home...
         Stopping docker.service - Docker Application Container Engine...
         Stopping hendler.service - DRIVENETS BaseOS Interface Hendler...
[  OK  ] Unmounted home.mount - /home.
[  OK  ] Stopped systemd-fsck@dev-disk-by\x…n /dev/disk/by-partlabel/DNOS-HOME.
[  OK  ] Stopped openipmi.service - LSB: OpenIPMI Driver init script.
[  OK  ] Stopped target remote-fs.target - Remote File Systems.
[  OK  ] Stopped hendler.service - DRIVENETS BaseOS Interface Hendler.
         Stopping dn-control-bond.service -…ets ctrl-bond management service...
[  OK  ] Unmounted run-docker-netns-abdc4aa…t - /run/docker/netns/abdc4aad8406.
[  OK  ] Unmounted docker-overlay2-ca6227db…efd8a601ce4bd8c1f2a57e792bc/merged.
[  OK  ] Stopped dn-control-bond.service - …enets ctrl-bond management service.
         Stopping mst.service - LSB: mst...
[  OK  ] Stopped mst.service - LSB: mst.
[  OK  ] Unmounted run-docker-netns-07d4e4a…t - /run/docker/netns/07d4e4a031aa.
[  OK  ] Unmounted docker-overlay2-8ac31212…fe0713a0a509ef1e28e9e79e4b2/merged.
[  OK  ] Unmounted run-docker-netns-1\x2drm…t - /run/docker/netns/1-rmja4u06k8.
[  OK  ] Unmounted run-docker-netns-1\x2dpm…t - /run/docker/netns/1-pm39j56b0r.
[  OK  ] Unmounted run-docker-netns-lb_pm39…t - /run/docker/netns/lb_pm39j56b0.
[  OK  ] Stopped docker.service - Docker Application Container Engine.
[  OK  ] Stopped target network-online.target - Network is Online.
         Stopping containerd.service - containerd container runtime...
[  OK  ] Stopped dn-encrypt-marked-partitio…check + encrypt marked partitions).
[  OK  ] Unmounted run-docker-netns-ingress…t - /run/docker/netns/ingress_sbox.
[  OK  ] Stopped containerd.service - containerd container runtime.
[  OK  ] Stopped target network.target - Network.
         Stopping wpa_supplicant.service - WPA supplicant...
[  OK  ] Stopped wpa_supplicant.service - WPA supplicant.
[  OK  ] Stopped target basic.target - Basic System.
[  OK  ] Stopped target paths.target - Path Units.
[  OK  ] Stopped target slices.target - Slice Units.
[  OK  ] Removed slice user.slice - User and Session Slice.
[  OK  ] Stopped target sockets.target - Socket Units.
[  OK  ] Closed docker.socket - Docker Socket for the API.
[  OK  ] Closed ssh.socket - OpenBSD Secure Shell server socket.
[  OK  ] Closed syslog.socket - Syslog Socket.
[  OK  ] Closed uuidd.socket - UUID daemon activation socket.
[  OK  ] Stopped target sysinit.target - System Initialization.
[  OK  ] Stopped target cryptsetup.target - Local Encrypted Volumes.
[  OK  ] Stopped systemd-ask-password-conso…equests to Console Directory Watch.
[  OK  ] Stopped systemd-ask-password-wall.…d Requests to Wall Directory Watch.
[  OK  ] Stopped target integritysetup.targ… Local Integrity Protected Volumes.
[  OK  ] Stopped target veritysetup.target - Local Verity Protected Volumes.
         Stopping systemd-resolved.service - Network Name Resolution...
         Stopping systemd-update-utmp.servi…ord System Boot/Shutdown in UTMP...
[  OK  ] Stopped systemd-resolved.service - Network Name Resolution.
         Unmounting tmp.mount - /tmp...
[  OK  ] Stopped systemd-sysctl.service - Apply Kernel Variables.
[  OK  ] Stopped systemd-modules-load.service - Load Kernel Modules.
[  OK  ] Stopped systemd-update-utmp.servic…ecord System Boot/Shutdown in UTMP.
[  OK  ] Unmounted tmp.mount - /tmp.
         Stopping auditd.service - Security Auditing Service...
[  OK  ] Stopped systemd-fsck@dev-disk-by\x…on /dev/disk/by-partlabel/DNOS-TMP.
[  OK  ] Stopped auditd.service - Security Auditing Service.
[  OK  ] Stopped systemd-tmpfiles-setup.ser…ate Volatile Files and Directories.
[  OK  ] Stopped target local-fs.target - Local File Systems.
         Unmounting core.mount - /core...
         Unmounting docker.mount - /docker...
         Unmounting mnt-onie\x2dboot.mount - /mnt/onie-boot...
         Unmounting redis.mount - /redis...
         Unmounting run-netns-host_ns.mount - /run/netns/host_ns...
         Unmounting run-netns-oob_bond_ns.mount - /run/netns/oob_bond_ns...
         Unmounting run-netns-oob_ncc_ns.mount - /run/netns/oob_ncc_ns...
         Unmounting run-netns-oob_ns.mount - /run/netns/oob_ns...
         Unmounting techsupport.mount - /techsupport...
[  OK  ] Unmounted core.mount - /core.
[  OK  ] Unmounted docker.mount - /docker.
[  OK  ] Unmounted mnt-onie\x2dboot.mount - /mnt/onie-boot.
[  OK  ] Unmounted redis.mount - /redis.
[  OK  ] Unmounted run-netns-host_ns.mount - /run/netns/host_ns.
[  OK  ] Unmounted run-netns-oob_bond_ns.mount - /run/netns/oob_bond_ns.
[  OK  ] Unmounted run-netns-oob_ncc_ns.mount - /run/netns/oob_ncc_ns.
[  OK  ] Unmounted run-netns-oob_ns.mount - /run/netns/oob_ns.
[  OK  ] Unmounted techsupport.mount - /techsupport.
         Unmounting run-netns.mount - /run/netns...
[  OK  ] Stopped systemd-fsck@dev-disk-by\x…n /dev/disk/by-partlabel/DNOS-CORE.
[  OK  ] Stopped systemd-fsck@dev-disk-by\x…/dev/disk/by-partlabel/DNOS-DOCKER.
[  OK  ] Stopped systemd-fsck@dev-disk-by\x… /dev/disk/by-partlabel/DNOS-REDIS.
[  OK  ] Stopped systemd-fsck@dev-disk-by\x…dev/disk/by-partlabel/DNOS-SUPPORT.
[  OK  ] Stopped systemd-fsck@dev-disk-by\x…n /dev/disk/by-partlabel/ONIE-BOOT.
[  OK  ] Removed slice system-systemd\x2dfs…slice - Slice /system/systemd-fsck.
[  OK  ] Unmounted run-netns.mount - /run/netns.
[  OK  ] Stopped target local-fs-pre.target…Preparation for Local File Systems.
[  OK  ] Stopped target swap.target - Swaps.
[  OK  ] Reached target umount.target - Unmount All Filesystems.
[  OK  ] Stopped systemd-remount-fs.service…mount Root and Kernel File Systems.
[  OK  ] Stopped systemd-tmpfiles-setup-dev…Create Static Device Nodes in /dev.
[  OK  ] Stopped systemd-tmpfiles-setup-dev…ic Device Nodes in /dev gracefully.
[  OK  ] Reached target shutdown.target - System Shutdown.
[  OK  ] Reached target final.target - Late Shutdown Services.
[  OK  ] Finished systemd-reboot.service - System Reboot.
[  OK  ] Reached target reboot.target - System Reboot.
[  955.522496] reboot: Restarting system
BIOS boot up from SPI 0
Model name : S9705-48D
CPU CPLD WDT is active
CATERR record = 0x00
WDT timeout record = 0x00
THERMTRIP record = 0x00
Memory event record = 0x00
Total time of IPMI self test retry : 150 seconds
Waiting for response of BMC self test . success
Copyright(c) 2015 American Megatrends, Inc.
0x19 : Pre-memory SB Initialization.
0x33 : CPU Cache initialization
0x32 : CPU POST-Memory Initialization
0x4F : DXE IPL Start
0x68 : PCI HB Initialization.
0x70 : SB DXE Initialization.
0x79 : CSM Driver Entry point
0x92 : PCI Bus Initialization.
0
0x93 : PCI Bus Hot Plug Controller Initialization.
0x94 : PCI Bus Enumeration.
0x93 : PCI Bus Hot Plug Controller Initialization.
0x94 : PCI Bus Enumeration.
0x93 : PCI Bus Hot Plug Controller Initialization.
0x94 : PCI Bus Enumeration.
0x93 : PCI Bus Hot Plug Controller Initialization.
0x94 : PCI Bus Enumeration.
0x93 : PCI Bus Hot Plug Controller Initialization.
0x94 : PCI Bus Enumeration.
0x93 : PCI Bus Hot Plug Controller Initialization.
0x94 : PCI Bus Enumeration.
0x93 : PCI Bus Hot Plug Controller Initialization.
0x94 : PCI Bus Enumeration.
0x93
0x93 : PCI Bus Hot Plug Controller Initialization.
0x94 : PCI Bus Enumeration.
0x93 : PCI Bus Hot Plug Controller Initialization.
0x94 : PCI Bus Enumeration.
0x93 : PCI Bus Hot Plug Controller Initialization.
0x94 : PCI Bus Enumeration.
0x93 : PCI Bus Hot Plug Controller Initialization.
0x94 : PCI Bus Enumeration.
0x93 : PCI Bus Hot Plug Controller Initialization.
0x94 : PCI Bus Enumeration.
0x93 : PCI Bus Hot Plug Controller Initialization.
0x94 : PCI Bus Enumeration.
0x95 : PCI Bus Request Resources.
0x96 : PCI Bus Assign Resources.
0x91 : Connecting Drivers.
0x92
0x92 : PCI Bus Initialization.
0x97 : Console Output devices connect.
0x99 : SIO Initialization.
0x98 : Console input devices connect.
0x9D : USB Enable.
0x9C : USB Detect.
0x9D : USB Enable.
0x9C : USB Detect.
0xB4 : USB Hot Plug.
0xB4 : USB Hot Plug.
0xB4 : USB Hot Plug.
Version 2.19.1269. Copyright (C) 2022 American Megatrends, Inc.                                                                                                                                         BIOS Date: 04/06/2022 15:07:40 Ver: T99O114T12_R04.18
Version 2.19.1269. Copyright (C) 2022 American Megatrends, Inc.                                                                                                                                         BIOS Date: 04/06/2022 15:07:40 Ver: T99O114T12_R04.18                                                                                                                                                   Press <DEL> or <ESC> to enter setup.
                                                                                                                                                                                                                                     GNU GRUB  version 2.12
                                                                                                                                                                                                                                                                                                                                                                                                                                                                                                                                                                                                                         +
                                                                                                                                                                                                                                                                                                                                                                                                                                                                                                                                                                                                                         +----------------------------------------------------------------------------+                                                                                                                          |                                                                            |                                                                                                                          |                                                                            |                                                                                                                          |                                                                            |                                                                                                                          |                                                                            |                                                                                                                          |                                                                            |                                                                                                                          |                                                                            |                                                                                                                          |                                                                            |                                                                                                                          |                                                                            |                                                                                                                          |                                                                            |                                                                                                                          |                                                                            |                                                                                                                          |                                                                            |                                                                                                                          |                                                                            |                                                                                                                          +----------------------------------------------------------------------------+                                                                                                                                                                                                                                                                                                                                       Use the ^ and v keys to select which entry is highlighted.
      Press enter to boot the selected OS, `e' to edit the commands
      before booting or `c' for a command-line.                                                                                                                                                                                                                                                                                                                                                                                                                                                                                                                                                                                                                                                                                                                                                                                   *DRIVENETS NOS, BaseOS 2.2540007001 GNU/Linux, with Linux 6.8.12-dnos-gb335>
Loading Linux 6.8.12-dnos-gb335066a69a2 ...
Loading initial ramdisk ...
EFI stub: Loaded initrd from LINUX_EFI_INITRD_MEDIA_GUID device path
EFI stub: Measured initrd data into PCR 9
[    0.000000] Linux version 6.8.12-dnos-gb335066a69a2 (root@dnkb) (gcc (Ubuntu 13.3.0-6ubuntu2~24.04) 13.3.0, GNU ld (GNU Binutils for Ubuntu) 2.42) #1 SMP PREEMPT_DYNAMIC Fri Nov 28 15:45:31 UTC 2025
[    0.000000] Command line: BOOT_IMAGE=/boot/vmlinuz
[    0.000000] Command line: BOOT_IMAGE=/boot/vmlinuz-6.8.12-dnos-gb335066a69a2 root=/dev/sda16 ro console=tty0 console=ttyS0,115200n8 earlyprintk=serial,ttyS1,115200 baseos_ver=2.2540007001 crashkernel=512M systemd.unified_cgroup_hierarchy=0 hugepagesz=1G default_hugepagesz=1G pcie_aspm=off hugepages=0 cma=512M hw_info=S9705-48D-4 earlycon=uart8250,io,0x3f8 acpi_osi=Linux ixgbe.allow_unsupported_sfp=1,1 nomodeset fsck.mode=force fsck.repair=yes tpm_tis.interrupts=0
[    0.000000] KERNEL supported cpus:
[    0.000000]   Intel GenuineIntel
[    0.000000]   AMD AuthenticAMD
[    0.000000]   Hygon HygonGenuine
[    0.000000]   Centaur CentaurHauls
[    0.000000]   zhaoxin   Shanghai
[    0.000000] BIOS-provided physical RAM map:
[    0.000000] BIOS-e820: [mem 0x0000000000000000-0x000000000009ffff] usable
[    0.000000] BIOS-e820: [mem 0x00000000000a0000-0x00000000000fffff] reserved
[    0.000000] BIOS-e820: [mem 0x0000000000100000-0x0000000078e51fff] usable
[    0.000000] BIOS-e820: [mem 0x0000000078e52000-0x00000000799c8fff] reserved
[    0.000000] BIOS-e820: [mem 0x00000000799c9000-0x00000000799e9fff] ACPI data
[    0.000000] BIOS-e820: [mem 0x00000000799ea000-0x0000000079e83fff] ACPI NVS
[    0.000000] BIOS-e820: [mem 0x0000000079e84000-0x000000007bc51fff] reserved
[    0.000000] BIOS-e820: [mem 0x000000007bc52000-0x000000007bc52fff] usable
[    0.000000] B
[    0.000000] BIOS-e820: [mem 0x000000007bc53000-0x000000007bcd8fff] reserved
[    0.000000] BIOS-e820: [mem 0x000000007bcd9000-0x000000007bffffff] usable
[    0.000000] BIOS-e820: [mem 0x000000007c000000-0x000000008fffffff] reserved
[    0.000000] BIOS-e820: [mem 0x00000000fed1c000-0x00000000fed1ffff] reserved
[    0.000000] BIOS-e820: [mem 0x00000000ff000000-0x00000000ffffffff] reserved
[    0.000000] BIOS-e820: [mem 0x0000000100000000-0x000000107fffffff] usable
[    0.000000] printk: legacy bootconsole [earlyser0] enabled
[    0.000000] earlycon: uart8250 at I/O port 0x3f8 (options '')
[    0.000000] printk: legacy bootconsole [uart8250] enabled
[    0.000000] NX (Execute Disable) protection: active
[    0.000000] APIC: Static calls initialized
[    0.000000] extended physical RAM map:
[    0.000000] reserve setup_data: [mem 0x0000000000000000-0x000000000009ffff] usable
[    0.000000] reserve setup_data: [mem 0x00000000000a0000-0x00000000000fffff] reserved
[    0.000000] reserve setup_data: [mem 0x0000000000100000-0x000000006f3ce017] usable
[    0.000000] reserve setup_data: [mem 0x000000006f3ce018-0x000000006f3df057] usable
[    0.000000] reserve setup_data: [mem 0x000000006f3df058-0x000000006f3e0017] usable
[    0.000000] reserve setup_data: [mem 0x000000006f3e0018-0x000000006f418a57] usable
[    0.000000] reserve setup_data: [mem 0x000000006f418a58-0x000000006f419017] usable
[    0.000000] reserve setup_data: [mem 0x000000006f419018-0x000000006f451a57] usable
[    0.000000] reserve setup_data: [mem 0x000000006f451a58-0x0000000078e51fff] usable
[    0.000000] reserve setup_data: [mem 0x0000000078e52000-0x00000000799c8fff] reserved
[    0.000000] reserve setup_data: [mem 0x00000000799c9000-0x00000000799e9fff] ACPI data
[    0.000000] reserve setup_data: [mem 0x00000000799ea000-0x0000000079e83fff] ACPI NVS
[    0.000000] reserve setup_data: [mem 0x0000000079e84000-0x000000007bc51fff] reserved
[    0.000000] reserve setup_data: [mem 0x000000007bc52000-0x000000007bc52fff] usable
[    0.000000] reserve setup_data: [mem 0x000000007bc53000-0x000000007bcd8fff] reserved
[    0.000000] reserve setup_data: [mem 0x000000007bcd9000-0x000000007bffffff] usable
[    0.000000] reserve setup_data: [mem 0x000000007c000000-0x000000008fffffff] reserved
[    0.000000] reserve setup_data: [mem 0x00000000fed1c000-0x00000000fed1ffff] reserved
[    0.000000] reserve setup_data: [mem 0x00000000ff000000-0x00000000ffffffff] reserved
[    0.000000] reserve setup_data: [mem 0x0000000100000000-0x000000107fffffff] usable
[    0.000000] efi: EFI v2.4 by American Megatrends
[    0.000000] efi: TPMFinalLog=0x79e6c000 ACPI=0x79b0c000 ACPI 2.0=0x79b0c000 ESRT=0x7babef18 SMBIOS=0xf05e0 SMBIOS 3.0=0xf0600 INITRD=0x7336ac98 TPMEventLog=0x6f452018
[    0.000000] efi: Remove mem29: MMIO range=[0x80000000-0x8fffffff] (256MB) from e820 map
[    0.000000] efi: Not removing mem30: MMIO range=[0xfed1c000-0xfed1ffff] (16KB) from e820 map
[    0.000000] efi: Remove mem31: MMIO range=[0xff000000-0xffffffff] (16MB) from e820 map
[    0.000000] SMBIOS 3.0.0 present.
[    0.000000] DMI: Ufi Space S9705-48D/Default string, BIOS T99O114T12_R04.18 04/06/2022
[    0.000000] tsc: Fast TSC calibration using PIT
[    0.000000] tsc: Detected 1999.863 MHz processor
[    0.000029] last_pfn = 0x1080000 max_arch_pfn = 0x400000000
[    0.006210] MTRR map: 5 entries (3 fixed + 2 variable; max 23), built from 10 variable MTRRs
[    0.015566] x86/PAT: Configuration [0-7]: WB  WC  UC- UC  WB  WP  UC- WT
[    0.023595] last_pfn = 0x7c000 max_arch_pfn = 0x400000000
[    0.040013] found SMP MP-table at [mem 0x000fccf0-0x000fccff]
[    0.046392] esrt: Reserving ESRT space from 0x000000007babef18 to 0x000000007babef50.
[    0.055077] Using GB pages for direct mapping
[    0.060407] Secure boot disabled
[    0.063981] RAMDISK: [mem 0x6f457000-0x71a66fff]
[    0.069102] ACPI: Early table checksum verification disabled
[    0.075373] ACPI: RSDP 0x0000000079B0C000 000024 (v02 ALASKA)
[    0.081741] ACPI: XSDT 0x0000000079B0C0A0 0000C4 (v01 ALASKA A M I    01072009 AMI  00010013)
[    0.091200] ACPI: FACP 0x0000000079B261C8 00010C (v05 ALASKA A M I    01072009 AMI  00010013)
[    0.100658] ACPI: DSDT 0x0000000079B0C200 019FC1 (v02 ALASKA A M I    01072009 INTL 20091013)
[    0.110119] ACPI: FACS 0x0000000079E6AF80 000040
[    0.115233] ACPI: APIC 0x0000000079B262D8 00014C (v03 ALASKA A M I    01072009 AMI  00010013)
[    0.124690] ACPI: FPDT 0x0000000079B26428 000044 (v01 ALASKA A M I    01072009 AMI  00010013)
[    0.134144] ACPI: FIDT 0x0000000079B26470 00009C (v
[    0.134144] ACPI: FIDT 0x0000000079B26470 00009C (v01 ALASKA A M I    01072009 AMI  00010013)
[    0.143601] ACPI: SPMI 0x0000000079B26510 000041 (v05 ALASKA A M I    00000000 AMI. 00000000)
[    0.153057] ACPI: MCFG 0x0000000079B26558 00003C (v01 ALASKA A M I    01072009 MSFT 00000097)
[    0.162513] ACPI: UEFI 0x0000000079B26598 000042 (v01                 00000000      00000000)
[    0.171969] ACPI: DBG2 0x0000000079B265E0 000072 (v00 ALASKA A M I    00000000 INTL 20091013)
[    0.181426] ACPI: HPET 0x0000000079B26658 000038 (v01 ALASKA A M I    00000001 INTL 20091013)
[    0.190881] ACPI: MSCT 0x0000000079B26690 000090 (v01 ALASKA A M I    00000001 INTL 20091013)
[    0.200337] ACPI: SLIT 0x0000000079B26720 00002D (v01 ALASKA A M I    00000001 INTL 20091013)
[    0.209794] ACPI: SRAT 0x0000000079B26750 001158 (v03 ALASKA A M I    00000001 INTL 20091013)
[    0.219250] ACPI: WDDT 0x0000000079B278A8 000040 (v01 ALASKA A M I    00000000 INTL 20091013)
[    0.228705] ACPI: SSDT 0x0000000079B278E8 00ED6F (v01 AMI    PmMgt    00000001 INTL 20120913)
[    0.238162] ACPI: SPCR 0x0000000079B36658 000050 (v02 A M I  APTIO V  01072009 AMI. 0005000B)
[    0.247618] ACPI: TPM2 0x0000000079B366A8 000034 (v03        Tpm2Tabl 00000001 AMI  00000000)
[    0.257075] ACPI: SSDT 0x0000000079B366E0 0020CB (v02 ALASKA SpsNm    00000002 INTL 20120913)
[    0.266530] ACPI: SSDT 0x0000000079B387B0 000064 (v02 ALASKA SpsNvs   00000002 INTL 20120913)
[    0.275987] ACPI: PRAD 0x0000000079B38818 000102 (v02 ALASKA A M I    00000002 INTL 20120913)
[    0.285441] ACPI: DMAR 0x0000000079B38920 0000C4 (v01 ALASKA A M I    00000001 INTL 20091013)
[    0.294896] ACPI: Reserving FACP table memory at [mem 0x79b261c8-0x79b262d3]
[    0.302715] ACPI: Reserving DSDT table memory at [mem 0x79b0c200-0x79b261c0]
[    0.310531] ACP
[    0.310531] ACPI: Reserving FACS table memory at [mem 0x79e6af80-0x79e6afbf]
[    0.318342] ACPI: Reserving APIC table memory at [mem 0x79b262d8-0x79b26423]
[    0.326160] ACPI: Reserving FPDT table memory at [mem 0x79b26428-0x79b2646b]
[    0.333978] ACPI: Reserving FIDT table memory at [mem 0x79b26470-0x79b2650b]
[    0.341795] ACPI: Reserving SPMI table memory at [mem 0x79b26510-0x79b26550]
[    0.349605] ACPI: Reserving MCFG table memory at [mem 0x79b26558-0x79b26593]
[    0.357422] ACPI: Reserving UEFI table memory at [mem 0x79b26598-0x79b265d9]
[    0.365231] ACPI: Reserving DBG2 table memory at [mem 0x79b265e0-0x79b26651]
[    0.373041] ACPI: Reserving HPET table memory at [mem 0x79b26658-0x79b2668f]
[    0.380850] ACPI: Reserving MSCT table memory at [mem 0x79b26690-0x79b2671f]
[    0.388659] ACPI: Reserving SLIT table memory at [mem 0x79b26720-0x79b2674c]
[    0.396469] ACPI: Reserving SRAT table memory at [mem 0x79b26750-0x79b278a7]
[    0.404287] ACPI: Reserving WDDT table memory at [mem 0x79b278a8-0x79b278e7]
[    0.412095] ACPI: Reserving SSDT table memory at [mem 0x79b278e8-0x79b36656]
[    0.419906] ACPI: Reserving SPCR table memory at [mem 0x79b36658-0x79b366a7]
[    0.427723] ACPI: Reserving TPM2 table memory at [mem 0x79b366a8-0x79b366db]
[    0.435532] ACPI: Reserving SSDT table memory at [mem 0x79b366e0-0x79b387aa]
[    0.443342] ACPI: Reserving SSDT table memory at [mem 0x79b387b0-0x79b38813]
[    0.451160] ACPI: Reserving PRAD table memory at [mem 0x79b38818-0x79b38919]
[    0.458977] ACPI: Reserving DMAR table memory at [mem 0x79b38920-0x79b389e3]
[    0.466839] SRAT: PXM 0 -> APIC 0x00 -> Node 0
[    0.471762] SRAT: PXM 0 -> APIC 0x02 -> Node 0
[    0.476685] SRAT: PXM 0 -> APIC 0x04 -> Node 0
[    0.481608] SRAT: PXM 0 -> APIC 0x
[    0.481608] SRAT: PXM 0 -> APIC 0x06 -> Node 0
[    0.486531] SRAT: PXM 0 -> APIC 0x08 -> Node 0
[    0.491454] SRAT: PXM 0 -> APIC 0x0a -> Node 0
[    0.496378] SRAT: PXM 0 -> APIC 0x0c -> Node 0
[    0.501300] SRAT: PXM 0 -> APIC 0x0e -> Node 0
[    0.506222] SRAT: PXM 0 -> APIC 0x01 -> Node 0
[    0.511146] SRAT: PXM 0 -> APIC 0x03 -> Node 0
[    0.516070] SRAT: PXM 0 -> APIC 0x05 -> Node 0
[    0.520992] SRAT: PXM 0 -> APIC 0x07 -> Node 0
[    0.525914] SRAT: PXM 0 -> APIC 0x09 -> Node 0
[    0.530838] SRAT: PXM 0 -> APIC 0x0b -> Node 0
[    0.535762] SRAT: PXM 0 -> APIC 0x0d -> Node 0
[    0.540684] SRAT: PXM 0 -> APIC 0x0f -> Node 0
[    0.545620] ACPI: SRAT: Node 0 PXM 0 [mem 0x00000000-0x7fffffff]
[    0.552282] ACPI: SRAT: Node 0 PXM 0 [mem 0x100000000-0x107fffffff]
[    0.559234] NUMA: Node 0 [mem 0x00000000-0x7fffffff] + [mem 0x100000000-0x107fffffff] -> [mem 0x00000000-0x107fffffff]
[    0.571108] NODE_DATA(0) allocated [mem 0x107ffd4000-0x107fffefff]
[    0.578209] cma: Reserved 512 MiB at 0x0000000100000000 on node -1
[    0.585068] crashkernel reserved: 0x0000000048000000 - 0x0000000068000000 (512 MB)
[    0.593546] Zone ranges:
[    0.596347]   DMA      [mem 0x0000000000001000-0x0000000000ffffff]
[    0.603202]   DMA32    [mem 0x0000000001000000-0x00000000ffffffff]
[    0.610049]   Normal   [mem 0x0000000100000000-0x000000107fffffff]
[    0.616896]   Device   empty
[    0.620087] Movable zone start for each node
[    0.624821] Early memory node ranges
[    0.628779]   node   0: [mem 0x0000000000001000-0x000000000009ffff]
[    0.635722]   node   0: [mem 0x0000000000100000-0x0000000078e51fff]
[    0.642664]   node   0: [mem 0x000000007bc52000-0x000000007bc52fff]
[    0.649606]   node   0: [mem 0x000000007bcd9000-0x000000007bffffff]
[    0.656549]   node   0: [mem 0x0000000100000000-0x000000107fffffff]
[    0.66349
[    0.671314] On node 0, zone DMA: 1 pages in unavailable ranges
[    0.677803] On node 0, zone DMA: 96 pages in unavailable ranges
[    0.688076] On node 0, zone DMA32: 11776 pages in unavailable ranges
[    0.695127] On node 0, zone DMA32: 134 pages in unavailable ranges
[    0.823284] On node 0, zone Normal: 16384 pages in unavailable ranges
[    0.830678] ACPI: PM-Timer IO Port: 0x408
[    0.841787] ACPI: LAPIC_NMI (acpi_id[0x02] high level lint[0x1])
[    0.855101] ACPI: LAPIC_NMI (acpi_id[0x06] high level lint[0x1])
[    0.861756] ACPI: LAPIC_NMI (acpi_id[0x08] high level lint[0x1])
[    0.868413] ACPI: LAPIC_NMI (acpi_id[0x0a] high level lint[0x1])
[    0.875070] ACPI: LAPIC_NMI (acpi_id[0x0c] high level lint[0x1])
[    0.881727] ACPI: LAPIC_NMI (acpi_id[0x0e] high level lint[0x1])
[    0.888383] ACPI: LAPIC_NMI (acpi_id[0x01] high level lint[0x1])
[    0.895039] ACPI: LAPIC_NMI (acpi_id[0x03] high level lint[0x1])
[    0.901695] ACPI: LAPIC_NMI (acpi_id[0x05] high level lint[0x1])
[    0.908353] ACPI: LAPIC_NMI (acpi_id[0x07] high level lint[0x1])
[    0.915009] ACPI: LAPIC_NMI (acpi_id[0x09] high level lint[0x1])
[    0.921665] ACPI: LAPIC_NMI (acpi_id[0x0b] high level lint[0x1])
[    0.934979] ACPI: LAPIC_NMI (acpi_id[0x0f] high level lint[0x1])
[    0.949265] IOAPIC[1]: apic_id 9, version 32, address 0xfec01000, GSI 24-47
[    0.971365] ACPI: INT_SRC_OVR (bus 0 bus_irq 4 global_irq 4 high level)
[    0.978697] ACPI: INT_SRC_OVR (bus 0 bus_irq 9 global_irq 9 high level)
[    0.986035] ACPI: Using ACPI (MADT) for SMP configuration information
[    1.014422] PM: hibernation: Registered nosave memory: [mem 0x00000000-0x00000fff]
[    1.031204] PM: hibernation: Registered nosave memory: [mem 0x6f3ce000-0x6f3cefff]
[    1.047984] PM: hibernation: Registered nosave memory: [mem 0x6f3e0000-0x6f3e0fff]
[    1.064763] PM: hibernation: Registered nosave memory: [mem 0x6f419000-0x6f419fff]
[    1.073153] PM: hibernation: Registered nosave memory: [mem 0x6f451000-0x6f451fff]
[    1.089934] PM: hibernation: Registered nosave memory: [mem 0x799c9000-0x799e9fff]
[    1.123494] PM: hibernation: Registered nosave memory: [mem 0x7c000000-0x7fffffff]
[    1.140273] PM: hibernation: Registered nosave memory: [mem 0xfed1c000-0xfed1ffff]
[    1.157054] [mem 0x80000000-0xfed1bfff] available for PCI de
[    1.191141] percpu: Embedded 64 pages/cpu s225280 r8192 d28672 u262144
[    1.244892] PCIe ASPM is disabled
[    1.258351] Unknown kernel command line parameters "BOOT_IMAGE=/boot/vmlinuz-6.8.12-dnos-gb335066a69a2 baseos_ver=2.2540007001 hw_info=S9705-48D-4", will be passed to user space.
[    1.276016] random: crng init done
[    1.300578] Inode-cache hash table entries: 4194304 (order: 13, 33554432 bytes, linear)
[    1.309837] Built 1 zonelists, mobility grouping on.  Total pages: 16486964
[    1.325475] mem auto-init: stack:all(zero), heap alloc:on, heap free:off
[    1.332914] software IO TLB: area num 16.
[    1.574163] SLUB: HWalign=64, Order=0-3, MinObjects=0, CPUs=16, Nodes=1
[    1.581507] Kernel/User page tables isolation: enabled
[    1.606022] ftrace: allocated 214 pages with 5 groups
[    1.617046] rcu: Preemptible hierarchical RCU implementation.
[    1.623416] rcu:     RCU restricting CPUs from NR_CPUS=8192 to nr_cpu_ids=16.
[    1.636635]  Rude variant of Tasks RCU enabled.
[    1.646957] rcu: RCU calculated value of scheduler-enlistment delay is 25 jiffies.
[    1.655348] rcu: Adjusting geometry for rcu_fanout_leaf=16, nr_cpu_ids=16
[    1.667249] NR_IRQS: 524544, nr_irqs: 960, preallocated irqs: 16
[    1.674122] rcu: srcu_init: Setting srcu_struct sizes based on contention.
[    1.681842] Console: colour dummy device 80x25
[    1.686768] printk: legacy console [tty0] enabled
[    1.692626] printk: legacy console [ttyS0] enabled
[    1.702723] printk: legacy bootconsole [earlyser0] disabled
[    1.714470] printk: legacy bootconsole [uart8250] disabled
[    1.725996] ACPI: Core revision 20230628
[    1.730115] clocksource: hpet: mask: 0xffffffff max_cycles: 0xffffffff, max_idle_ns: 133484882848 ns
[    1.739255] APIC: Switch to symmetric I/O mode setup
[    1.744235] DMAR: Host address width 46
[    1.753402] DMAR: dmar0: reg_base_addr fbffc000 ver 1:0 cap 8d2078c106f0466 ecap f020df
[    1.761405] DMAR: RMRR base: 0x0000007bad2000 end: 0x0000007bae1fff
[    1.767672] DMAR: ATSR flags: 0x0
[    1.770982] DMAR: RHSA base: 0x000000fbffc000 proximity domain: 0x0
[    1.777250] DMAR-IR: IOAPIC id 8 under DRHD base  0xfbffc000 IOMMU 0
[    1.789963] DMAR-IR: HPET id 0 under DRHD base 0xfbffc000
[    1.795363] DMAR-IR: x2apic is disabled because BIOS sets x2apic opt out bit.
[    1.795364] DMAR-IR: Use 'intremap=no_x2apic_optout' to override the BIOS setting.
[    1.810425] DMAR-IR: Enabled IRQ remapping in xapic mode
[    1.815733] x2apic: IRQ remapping doesn't support X2APIC mode
[    1.821496] APIC:
[    1.821496] APIC: Switched APIC routing to: physical flat
[    1.827393] ..TIMER: vector=0x30 apic1=0 pin1=2 apic2=-1 pin2=-1
[    1.851262] clocksource: tsc-early: mask: 0xffffffffffffffff max_cycles: 0x39a759b8312, max_idle_ns: 881590408507 ns
[    1.861779] Calibrating delay loop (skipped), value calculated using timer frequency.. 3999.72 BogoMIPS (lpj=7999452)
[    1.865810] CPU0: Thermal monitoring enabled (TM1)
[    1.869849] process: using mwait in idle threads
[    1.873782] Last level iTLB entries: 4KB 64, 2MB 8, 4MB 8
[    1.877779] Last level dTLB entries: 4KB 64, 2MB 0, 4MB 0, 1GB 4
[    1.881782] Spectre V1 : Mitigation: usercopy/swapgs barriers and __user pointer sanitization
[    1.885784] Spectre V2 : Mitigation: Retpolines
[    1.889779] Spectre V2 : Spectre v2 / SpectreRSB mitigation: Filling RSB on context switch
[    1.893780] Spectre V2 : Spectre v2 / SpectreRSB : Filling RSB on VMEXIT
[    1.897780] Spectre V2 : Enabling Restricted Speculation for firmware calls
[    1.901782] Spectre V2 : mitigation: Enabling conditional Indirect Branch Prediction Barrier
[    1.905781] Spectre V2 : User space: Mitigation: STIBP via prctl
[    1.909782] Speculative Store Bypass: Mitigation: Speculative Store Bypass disabled via prctl
[    1.913787] MDS: Mitigation: Clear CPU buffers
[    1.917779] TAA: Mitigation: Clear CPU buffers
[    1.921779] MMIO Stale Data: Mitigation: Clear CPU buffers
[    1.925784] x86/fpu: Supporting XSAVE feature 0x001: 'x87 floating point registers'
[    1.929781] x86/fpu: Supporting XSAVE feature 0x002: 'SSE registers'
[    1.933780] x86/fpu: Supporting XSAVE feature 0x004: 'AVX registers'
[    1.937780] x86/fpu: xstate_offset[2]:  576, xstate_sizes[2]:  256
[    1.941780] x86/fpu: Enabled xstate feature
[    1.941780] x86/fpu: Enabled xstate features 0x7, context size is 832 bytes, using 'standard' format.
[    1.981239] Freeing SMP alternatives memory: 48K
[    1.981781] pid_max: default: 32768 minimum: 301
[    1.989832] LSM: initializing lsm=lockdown,capability,landlock,yama,apparmor,integrity
[    1.993801] landlock: Up and running.
[    1.997458] Yama: becoming mindful.
[    1.997804] AppArmor: AppArmor initialized
[    2.001924] Mount-cache hash table entries: 131072 (order: 8, 1048576 bytes, linear)
[    2.005882] Mountpoint-cache hash table entries: 131072 (order: 8, 1048576 bytes, linear)
[    2.017973] RCU Tasks: Setting shift to 4 and lim to 1 rcu_task_cb_adjust=1.
[    2.021802] RCU Tasks Rude: Setting shift to 4 and lim to 1 rcu_task_cb_adjust=1.
[    2.025799] RCU Tasks Trace: Setting shift to 4 and lim to 1 rcu_task_cb_adjust=1.
[    2.029797] Performance Events: PEBS fmt2+, Broadwell events, 16-deep LBR, full-width counters, Intel PMU driver.
[    2.033782] ... version:                3
[    2.037779] ... bit width:              48
[    2.041779] ... generic registers:      4
[    2.045779] ... value mask:             0000ffffffffffff
[    2.049779] ... max period:             00007fffffffffff
[    2.053779] ... fixed-purpose events:   3
[    2.057779] ... event mask:             000000070000000f
[    2.061922] signal: max sigframe size: 1776
[    2.065797] Estimated ratio of average max frequency by base frequency (times 1024): 1280
[    2.06981
[    2.069819] rcu: Hierarchical SRCU implementation.
[    2.073780] rcu:     Max phase no-delay instances is 1000.
[    2.079338] NMI watchdog: Enabled. Permanently consumes one hw-PMU counter.
[    2.081967] smp: Bringing up secondary CPUs ...
[    2.085915] smpboot: x86: Booting SMP configuration:
[    2.089784] .... node  #0, CPUs:        #1  #2  #3  #4  #5  #6  #7  #8  #9 #10 #11 #12 #13 #14 #15
[    2.095259] MDS CPU bug present and SMT on, data leak possible. See https://www.kernel.org/doc/html/latest/admin-guide/hw-vuln/mds.html for more details.
[    2.101786] TAA CPU bug present and SMT on, data leak possible. See https://www.kernel.org/doc/html/latest/admin-guide/hw-vuln/tsx_async_abort.html for more details.
[    2.109860] smp: Brought up 1 node, 16 CPUs
[    2.117782] smpboot: Total of 16 processors activated (63995.61 BogoMIPS)
[    2.128014] devtmpfs: initialized
[    2.129832] x86/mm: Memory block size: 2048MB
[    2.135002] ACPI: PM: Registering ACPI NVS region [mem 0x799ea000-0x79e83fff] (4825088 bytes)
[    2.137904] clocksource: jiffies: mask: 0xffffffff max_cycles: 0xffffffff, max_idle_ns: 7645041785100000 ns
[    2.141805] futex hash table entries: 4096 (order: 6, 262144 bytes, linear)
[    2.148163] pinctrl core: initialized pinctrl subsystem
[    2.149873] PM: RTC time: 07:40:52, date: 2025-06-06
[    2.154463] NET: Registered PF_NETLINK/PF_ROUTE protocol family
[    2.158557] DMA: preallocated 4096 KiB GFP_KERNEL pool for atomic al
[    2.158557] DMA: preallocated 4096 KiB GFP_KERNEL pool for atomic allocations
[    2.162142] DMA: preallocated 4096 KiB GFP_KERNEL|GFP_DMA pool for atomic allocations
[    2.166181] DMA: preallocated 4096 KiB GFP_KERNEL|GFP_DMA32 pool for atomic allocations
[    2.169796] audit: initializing netlink subsys (disabled)
[    2.173816] audit: type=2000 audit(1749195652.388:1): state=initialized audit_enabled=0 res=1
[    2.173932] thermal_sys: Registered thermal governor 'fair_share'
[    2.177783] thermal_sys: Registered thermal governor 'step_wise'
[    2.181780] thermal_sys: Registered thermal governor 'user_space'
[    2.185779] thermal_sys: Registered thermal governor 'power_allocator'
[    2.189788] EISA bus registered
[    2.196927] cpuidle: using governor ladder
[    2.197783] cpuidle: using governor menu
[    2.201898] acpiphp: ACPI Hot Plug PCI Controller Driver version: 0.5
[    2.205893] PCI: ECAM [mem 0x80000000-0x8fffffff] (base 0x80000000) for domain 0000 [bus 00-ff]
[    2.209784] PCI: not using ECAM ([mem 0x80000000-0x8fffffff] not reserved)
[    2.213782] PCI: Using configuration type 1 for base access
[    2.218080] kprobes: kprobe jump-optimization is enabled. All kprobes are optimized if possible.
[    2.221813] HugeTLB: registered 1.00 GiB page size, pre-allocated 0 pages
[    2.225782] HugeTLB: 16380 KiB vmemmap can be freed for a 1.00 GiB page
[    2.229780] HugeTLB: registered 2.00 MiB page size, pre-allocated 0 pages
[    2.233779] HugeTLB: 28 KiB vmemmap can be freed for a 2.00 MiB page
[    2.305777] raid6: avx2x4   gen() 19690 MB/s
[    2.377779] raid6: avx2x2   gen() 18900 MB/s
[    2.449778] raid6: avx2x1   gen() 15946 MB/s
[    2.453780] raid6: using algorithm avx2x4 gen() 19690 MB/s
[    2.525777] raid6: .... xor() 8781 MB/s, rmw enabled
[    2.529780] raid6: using avx2x2 recovery algorithm
[    2.533835] fbcon: Taking over console
[    2.537638] ACPI: Added _OSI(Module Device)
[    2.537786] ACPI: Added _OSI(Processor Device)
[    2.541780] ACPI: Added _OSI(3.0 _SCP Extensions)
[    2.545779] ACPI: Added _OSI(Processor Aggregator Device)
[    2.549780] ACPI: Added _OSI(Linux)
[    2.593486] ACPI: 4 ACPI AML tables successfully acquired and loaded
[    2.639171] ACPI: _OSC evaluated successfully for all CPUs
[    2.642118] ACPI: Interpreter enabled
[    2.645794] ACPI: PM: (supports S0 S4 S5)
[    2.649780] ACPI: Using IOAPIC for interrupt routing
[    2.653813] PCI: ECAM [mem 0x80000000-0x8ffff
[    2.653813] PCI: ECAM [mem 0x80000000-0x8fffffff] (base 0x80000000) for domain 0000 [bus 00-ff]
[    2.662234] PCI: [Firmware Info]: ECAM [mem 0x80000000-0x8fffffff] not reserved in ACPI motherboard resources
[    2.665781] PCI: ECAM [mem 0x80000000-0x8fffffff] is EfiMemoryMappedIO; assuming valid
[    2.669780] PCI: ECAM [mem 0x80000000-0x8fffffff] reserved to work around lack of ACPI motherboard _CRS
[    2.673792] PCI: Using host bridge windows from ACPI; if necessary, use "pci=nocrs" and report a bug
[    2.677780] PCI: Using E820 reservations for host bridge windows
[    2.682481] ACPI: Enabled 6 GPEs in block 00 to 3F
[    2.725279] ACPI: PCI Root Bridge [UNC0] (domain 0000 [bus ff])
[    2.725786] acpi PNP0A03:03: _OSC: OS supports [ExtendedConfig Segments MSI EDR HPX-Type3]
[    2.729783] acpi PNP0A03:0
[    2.729783] acpi PNP0A03:03: _OSC: not requesting OS control; OS requires [ExtendedConfig ASPM ClockPM MSI]
[    3.769913] PCI host bridge to bus 0000:ff
[    3.773783] pci_bus 0000:ff: root bus resource [bus ff]
[    3.777799] pci 0000:ff:0b.0: [8086:6f81] type 00 class 0x088000 conventional PCI endpoint
[    3.781862] pci 0000:ff:0b.1: [8086:6f36] type 00 class 0x110100 conventional PCI endpoint
[    3.785840] pci 0000:ff:0b.2: [8086:6f37] type 00 class 0x110100 conventional PCI endpoint
[    3.789840] pci 0000:ff:0b.3: [8086:6f76] type 00 class 0x088000 conventional PCI endpoint
[    3.793837] pci 0000:ff:0c.0: [8086:6fe0] type 00 class 0x088000 conventional PCI endpoint
[    3.797834] pci 0000:ff:0c.1: [8086:6fe1] type 00 class 0x088000 conventional PCI endpoint
[    3.801832] pci 0000:ff:0c.2: [8086:6fe2] type 00 class 0x088000 conventional PCI endpoint
[    3.805833] pci 0000:ff:0c.3: [8086:6fe3] type 00 class 0x088000 conventional PCI endpoint
[    3.809832] pci 0000:ff:0c.4: [8086:6fe4] type 00 class 0x088000 conventional PCI endpoint
[    3.813836] pci 0000:ff:0c.5: [8086:6fe5] type 00 class 0x088000 conventional PCI endpoint
[    3.817831] pci 0000:ff:0c.6: [8086:6fe6] type 00 class 0x088000 conventional PCI endpoint
[    3.821831] pci 0000:ff:0c.7: [8086:6fe7] type 00 class 0x088000 conventional PCI endpoint
[    3.825833] pci 0000:ff:0f.0: [8086:6ff8] type 00 class 0x088000 conventional PCI endpoint
[    3.829833] pci 0000:ff:0f.4: [8086:6ffc] type 00 class 0x088000 conventional PCI endpoint
[    3.833832] pci 0000:ff:0f.5: [8086:6ffd] type 00 class 0x088000 conventional PCI endpoint
[    3.837832] pci 0000:ff:0f.6: [8086:6ffe] type 00 class 0x088000 conventional PCI endpoint
[    3.841831] pci 0000:ff:10.0: [8086:6f1d] type 00 class 0x088000 conventional PCI endpoint
[    3.845835] pci 0000:ff:10.1: [8086:6f34] type 00 class 0x110100 conventional PCI endpoint
[    3.849833] pci 0000:ff:10.5: [8086:6f1e] type 00 class 0x088000 conventional PCI endpoint
[    3.853832] pci 0000:ff:10.6: [8086:6f7d] type 00 class 0x110100 conventional PCI endpoint
[    3.857830] pci 0000:ff:10.7: [8086:6f1f] type 00 class 0x088000 conventional PCI endpoint
[    3.861
[    3.861831] pci 0000:ff:12.0: [8086:6fa0] type 00 class 0x088000 conventional PCI endpoint
[    3.865818] pci 0000:ff:12.1: [8086:6f30] type 00 class 0x110100 conventional PCI endpoint
[    3.869837] pci 0000:ff:13.0: [8086:6fa8] type 00 class 0x088000 conventional PCI endpoint
[    3.873836] pci 0000:ff:13.1: [8086:6f71] type 00 class 0x088000 conventional PCI endpoint
[    3.877840] pci 0000:ff:13.2: [8086:6faa] type 00 class 0x088000 conventional PCI endpoint
[    3.881836] pci 0000:ff:13.3: [8086:6fab] type 00 class 0x088000 conventional PCI endpoint
[    3.885836] pci 0000:ff:13.4: [8086:6fac] type 00 class 0x088000 conventional PCI endpoint
[    3.889837] pci 0000:ff:13.5: [8086:6fad] type 00 class 0x088000 conventional PCI endpoint
[    3.893835] pci 0000:ff:13.6: [8086:6fae] type 00 class 0x088000 conventional PCI endpoint
[    3.897834] pci 0000:ff:13.7: [8086:6faf] type 00 class 0x088000 conventional PCI endpoint
[    3.901834] pci 0000:ff:14.0: [8086:6fb0] type 00 class 0x088000 conventional PCI endpoint
[    3.905836] pci 0000:ff:14.1: [8086:6fb1] type 00 class 0x088000 conventional PCI endpoint
[    3.909839] pci 0000:ff:14.2: [8086:6fb2] type 00 class 0x088000 conventional PCI endpoint
[    3.913836] pci 0000:ff:14.3: [8086:6fb3] type 00 class 0x088000 conventional PCI endpoint
[    3.917836] pci 0000:ff:14.4: [8086:6fbc] type 00 class 0x088000 conventional PCI endpoint
[    3.921832] pci 0000:ff:14.5: [8086:6fbd] type 00 class 0x088000 conventional PCI endpoint
[    3.925834] pci 0000:ff:14.6: [8086:6fbe] type 00 class 0x088000 conventional PCI endpoint
[    3.929832] pci 0000:ff:14.7: [8086:6fbf] type 00 class 0x088000 conventional PCI endpoint
[    3.933833] pci 0000:ff:15.0: [8086:6fb4] type 00 class 0x088000 conventional PCI endpoint
[    3.937837] pci 0000:ff:15.1: [8086:6fb5] type 00 class 0x088000 conventional PCI endpoint
[    3.941840] pci 0000:ff:15.2: [8086:6fb6] type 00 class 0x088000 conventional PCI endpoint
[    3.941840] pci 0000:ff:15.2: [8086:6fb6] type 00 class 0x088000 conventional PCI endpoint
[    3.945837] pci 0000:ff:15.3: [8086:6fb7] type 00 class 0x088000 conventional PCI endpoint
[    3.949846] pci 0000:ff:1e.0: [8086:6f98] type 00 class 0x088000 conventional PCI endpoint
[    3.953832] pci 0000:ff:1e.1: [8086:6f99] type 00 class 0x088000 conventional PCI endpoint
[    3.957832] pci 0000:ff:1e.2: [8086:6f9a] type 00 class 0x088000 conventional PCI endpoint
[    3.961833] pci 0000:ff:1e.3: [8086:6fc0] type 00 class 0x088000 conventional PCI endpoint
[    3.965819] pci 0000:ff:1e.4: [8086:6f9c] type 00 class 0x088000 conventional PCI endpoint
[    3.969834] pci 0000:ff:1f.0: [8086:6f88] type 00 class 0x088000 conventional PCI endpoint
[    3.973840] pci 0000:ff:1f.2: [8086:6f8a] type 00 class 0x088000 conventional PCI endpoint
[    3.986185] ACPI: PCI Root Bridge [PCI0] (domain 0000 [bus 00-fe])
[    3.989784] acpi PNP0A08:00: _OSC: OS supports [ExtendedConfig Segments MSI EDR HPX-Type3]
[    3.993781] acpi PNP0A08:00: _OSC: not requesting OS control; OS requires [ExtendedConfig ASPM ClockPM MSI]
[    3.998691] PCI host bridge to bus 0000:00
[    4.001782] pci_bus 0000:00: root bus resource [io  0x0000-0x0cf7 window]
[    4.005780] pci_bus 0000:00: root bus resource [io  0x1000-0xffff window]
[    4.009781] pci_bus 0000:00: root bus resource [mem 0x000a0000-0x000bffff window]
[    4.013780] pci_bus 0000:00: root bus resource [mem 0x90000000-0xfbffbfff window]
[    4.017780] pci_bus 0000:00: root bus resource [mem 0x380000000000-0x383fffffffff window]
[    4.021780] pci_bus 0000:00: root bus resource [bus 00-fe]
[    4.025817] pci 0000:00:00.0: [8086:6f00] type 00 class 0x060000 PCIe Root Port
[    4.029949] pci 0000:00:02.0: [8086:6f04] type 01 class 0x060400 PCIe Root Port
[    4.033796] pci 0000:00:02.0: PCI bridge to [bus 01]
[    4.037784] pci 0000:00:02.0:   bridge window [mem 0xfbe00000-0xfbefffff]
[    4.041820] pci 0000:00:02.0: PME# s
[    4.041820] pci 0000:00:02.0: PME# supported from D0 D3hot D3cold
[    4.045914] pci 0000:00:02.2: [8086:6f06] type 01 class 0x060400 PCIe Root Port
[    4.049795] pci 0000:00:02.2: PCI bridge to [bus 02-03]
[    4.053782] pci 0000:00:02.2:   bridge window [mem 0xfb700000-0xfbbfffff]
[    4.057784] pci 0000:00:02.2:   bridge window [mem 0x383fffa00000-0x383fffefffff 64bit pref]
[    4.061815] pci 0000:00:02.2: PME# supported from D0 D3hot D3cold
[    4.065912] pci 0000:00:03.0: [8086:6f08] type 01 class 0x060400 PCIe Root Port
[    4.069797] pci 0000:00:03.0: PCI bridge to [bus 04]
[    4.073826] pci 0000:00:03.0: PME# supported from D0 D3hot D3cold
[    4.077918] pci 0000:00:03.1: [8086:6f09] type 01 class 0x060400 PCIe Root Port
[    4.081795] pci 0000:00:03.1: PCI bridge to [bus 05]
[    4.085825] pci 0000:00:03.1: PME# supported from D0 D3hot D3cold
[    4.089914] pci 0000:00:03.2: [8086:6f0a] type 01 class 0x060400 PCIe Root Port
[    4.093795] pci 0000:00:03.2: PCI bridge to [bus 06-0c]
[    4.097782] pci 0000:00:03.2:   bridge window [mem 0xfbd00000-0xfbdfffff]
[    4.101784] pci 0000:00:03.2:   bridge window [mem 0x383ffe000000-0x383fff8fffff 64bit pref]
[    4.105819] pci 0000:00:03.2: PME# supported from D0 D3hot D3cold
[    4.109913] pci 0000:00:05.0: [8086:6f28] type 00 class 0x088000 PCIe Root Complex Integrated Endpoint
[    4.113881] pci 0000:00:05.1: [8086:6f29] type 00 class 0x088000 PCIe Root Complex Integrated Endpoint
[    4.117908] pci 0000:00:05.2: [8086:6f2a] type 00 class 0x088000 PCIe Root Complex Integrated Endpoint
[    4.121865] pci 0000:00:05.4: [8086:6f2c] type 00 class 0x080020 PCIe Root Complex Integrated Endpoint
[    4.125787] pci 0000:00:05.4: BAR 0 [mem 0xfbf03000-0xfbf03fff]
[    4.129887] pci 0000:00:14.0: [8086:8c31] type 00 class 0x0c0330 conventional PCI endpoint
[    4.133795] pci 0000:00:14.0: BAR 0 [mem 0x383ffff00000-0x383ffff0ffff 64bit]
[    4.137835] pci 0000:00:14.0: PME# supported from D3hot D3cold
[    4.141920] pci 0000:00:1c.0: [8086:8c10] type 01 class 0x060400 PCIe Root Port
[    4.145803] pci 0000:00:1c.0: PCI bridge to [bus 0d]
[    4.149782] pci 0000:00:1c.0:   bridge window [io  0xe000-0xefff]
[    4.153781] pci 0000:00:1c.0:   bridge window [mem 0xfbc00000-0xfbcfffff]
[    4.157837] pci 0000:00:1c.0: PME# supported from D0 D3hot D3cold
[    4.161909] pci 0000:00:1d.0: [8086:8c26] type 00 class 0x0c0320 conventional PCI endpoint
[    4.165794] pci 0000:00:1d.0: BAR 0 [mem 0xfbf01000-0xfbf013ff]
[    4.169859] pci 0000:00:1d.0: PME# supported from D0 D3hot D3cold
[    4.173874] pci 0000:00:1f.0: [8086:8c54] type 00 class 0x060100 conventional PCI endpoint
[    4.177978] pci 0000:00:1f.2: [8086:8c02] type 00 class 0x010601 conventional PCI endpoint
[    4.181791] pci 0000:00:1f.2: BAR 0 [io  0xf070-0xf077]
[    4.185785] pci 0000:00:1f.2: BAR 1 [io  0xf060-0xf063]
[    4.189786] pci 0000:00:1f.2: BAR 2 [io  0xf050-0xf057]
[    4.193785] pci 0000:00:1f.2: BAR 3 [io  0xf040-0xf043]
[    4.197785] pci 0000:00:1f.2: BAR 4 [io  0xf020-0xf03f]
[    4.201785] pci 0000:00:1f.2: BAR 5 [mem 0xfbf00000-0xfbf007ff]
[    4.205814] pci 0000:00:1f.2: PME# supported from D3hot
[    4.209868] pci 0000:00:1f.3: [8086:8c22] type 00 class 0x0c0500 conventional PCI endpoint
[    4.213795] pci 0000:00:1f.3: BAR 0 [mem 0x383ffff11000-0x383ffff110ff 64bit]
[    4.217797] pci 0000:00:1f.3: BAR 4 [io  0xf000-0xf01f]
[    4.222120] pci 0000:01:00.0: [8086:6f50] type 00 class 0x088000 PCIe Endpoint
[    4.225790] pci 0000:01:00.0: BAR 0 [mem 0xfbe06000-0xfbe07fff 64bit]
[    4.229924] pci 0000:01:00.1: [8086:6f51] type 00 class 0x088000 PCIe Endpoint
[    4.233789] pci 0000:01:00.1: BAR 0 [mem 0xfbe04000-0xfbe05fff 64bit]
[    4.237911] pci 0000:01:00.2: [8086:6f52] type 00 class 0x088000 PCIe Endpoint
[    4.241789] pci 0000:01:00.2: BAR 0 [mem 0xfbe02000-0xfbe03fff 64bit]
[    4.245909] pci 0000:01:00.3: [8086:6f53] type 00 class 0x088000 PCIe Endpoint
[    4.249791] pci 0000:01:00.3: BAR 0 [mem 0xfbe00000-0xfbe01fff 64bit]
[    4.253901] pci 0000:00:02.0: PCI bridge to [bus 01]
[    4.258030] pci 0000:02:00.0: [8086:15ac] type 00 class 0x020000 PCIe Endpoint
[    4.261791] pci 0000:02:00.0: BAR 0 [mem 0x383fffc00000-0x383fffdfffff 64bit pref]
[    4.265794] pci 0000:02:00.0: BAR 4 [mem 0x383fffe04000-0x383fffe07fff 64bit pref]
[    4.269785] pci 0000:02:00.0: ROM [mem 0xfb780000-0xfb7fffff pref]
[    4.273823] pci 0000:02:00.0: PME# supported from D0 D3hot D3cold
[    4.277795] pci 0000:02:00.0: VF BAR 0 [mem 0xfbb00000-0xfbb03fff 64bit]
[    4.281780] pci 0000:02:00.0: VF BAR 0 [mem 0xfbb00000-0xfbbfffff 64bit]: contains BAR 0 for 64 VFs
[    4.285787] pci 0000:02:00.0: VF BAR 3 [mem 0xfba00000-0xfba03fff 64bit]
[    4.289780] pci 0000:02:00.0: VF BAR 3 [mem 0xfba00000-0xfbafffff 64bit]: contains BAR 3 for 64 VFs
[    4.293959] pci 0000:02:00.1: [8086:15ac] type 00 class 0x020000 PCIe Endpoint
[    4.297790] pci 0000:02:00.1: BAR 0 [mem 0x383fffa00000-0x383fffbfffff 64bit pref]
[    4.301794] pci 0000
[    4.301794] pci 0000:02:00.1: BAR 4 [mem 0x383fffe00000-0x383fffe03fff 64bit pref]
[    4.305784] pci 0000:02:00.1: ROM [mem 0xfb700000-0xfb77ffff pref]
[    4.309822] pci 0000:02:00.1: PME# supported from D0 D3hot D3cold
[    4.313792] pci 0000:02:00.1: VF BAR 0 [mem 0xfb900000-0xfb903fff 64bit]
[    4.317780] pci 0000:02:00.1: VF BAR 0 [mem 0xfb900000-0xfb9fffff 64bit]: contains BAR 0 for 64 VFs
[    4.321787] pci 0000:02:00.1: VF BAR 3 [mem 0xfb800000-0xfb803fff 64bit]
[    4.325780] pci 0000:02:00.1: VF BAR 3 [mem 0xfb800000-0xfb8fffff 64bit]: contains BAR 3 for 64 VFs
[    4.329931] pci 0000:00:02.2: PCI bridge to [bus 02-03]
[    4.334022] pci 0000:00:03.0: PCI bridge to [bus 04]
[    4.338009] pci 0000:00:03.1: PCI bridge to [bus 05]
[    4.342028] pci 0000:06:00.0: [10b5:8724] type 01 class 0x060400 PCIe Switch Upstream Port
[    4.345791] pci 0000:06:00.0: BAR 0 [mem 0xfbd00000-0xfbd3ffff]
[    4.349790] pci 0000:06:00.0: PCI bridge to [bus 07-0c]
[    4.353791] pci 0000:06:00.0:   bridge window [mem 0x383ffe000000-0x383fff8fffff 64bit pref]
[    4.357845] pci 0000:06:00.0: PME# supported from D0 D3hot D3cold
[    4.361918] pci 0000:00:03.2: PCI bridge to [bus 06-0c]
[    4.365826] pci 0000:07:01.0: [10b5:8724] type 01 class 0x060400 PCIe Switch Downstream Port
[    4.369801] pci 0000:07:01.0: PCI bridge to [bus 08]
[    4.373860] pci 0000:07:01.0: PME# supported from D0 D3hot D3cold
[    4.377888] pci 0000:07:02.0: [10b5:8724] type 01 class 0x060400 PCIe Switch Downstream Port
[    4.381800] pci 0000:07:02.0: PCI bridge to [bus 09]
[    4.385857] pci 0000:07:02.0: PME# supported from D0 D3hot D3cold
[    4.389888] pci 0000:07:08.0: [10b5:8724] type 01 class 0x060400 PCIe Switch Downstream Port
[    4.393800] pci 0000:07:08.0: PCI bridge to [bus 0a]
[    4.397857] pci 0000:07:08.0: PME# supported from D0 D3hot D3cold
[    4.401883] pci 0000:07:09.0: [10b5:8724] type 01 class 0x060400 PCIe Switch Downstream Port
[    4.405800] pci 0000:
[    4.405800] pci 0000:07:09.0: PCI bridge to [bus 0b]
[    4.409790] pci 0000:07:09.0:   bridge window [mem 0x383fff000000-0x383fff8fffff 64bit pref]
[    4.413847] pci 0000:07:09.0: PME# supported from D0 D3hot D3cold
[    4.417885] pci 0000:07:0a.0: [10b5:8724] type 01 class 0x060400 PCIe Switch Downstream Port
[    4.421800] pci 0000:07:0a.0: PCI bridge to [bus 0c]
[    4.425790] pci 0000:07:0a.0:   bridge window [mem 0x383ffe000000-0x383ffe8fffff 64bit pref]
[    4.429848] pci 0000:07:0a.0: PME# supported from D0 D3hot D3cold
[    4.433886] pci 0000:06:00.0: PCI bridge to [bus 07-0c]
[    4.437816] pci 0000:07:01.0: PCI bridge to [bus 08]
[    4.441816] pci 0000:07:02.0: PCI bridge to [bus 09]
[    4.445816] pci 0000:07:08.0: PCI bridge to [bus 0a]
[    4.449835] pci 0000:0b:00.0: [14e4:8790] type 00 class 0x020000 PCIe Endpoint
[    4.453796] pci 0000:0b:00.0: BAR 0 [mem 0x383fff800000-0x383fff807fff 64bit pref]
[    4.457790] pci 0000:0b:00.0: BAR 2 [mem 0x383fff000000-0x383fff7fffff 64bit pref]
[    4.461884] pci 0000:0b:00.0: PME# supported from D0 D3hot D3cold
[    4.465945] pci 0000:07:09.0: PCI bridge to [bus 0b]
[    4.469833] pci 0000:0c:00.0: [14e4:8790] type 00 class 0x020000 PCIe Endpoint
[    4.473796] pci 0000:0c:00.0: BAR 0 [mem 0x383ffe800000-0x383ffe807fff 64bit pref]
[    4.477789] pci 0000:0c:00.0: BAR 2 [mem 0x383ffe000000-0x383ffe7fffff 64bit pref]
[    4.481884] pci 0000:0c:00.0: PME# supported from D0 D3hot D3cold
[    4.485944] pci 0000:07:0a.0: PCI bridge to [bus 0c]
[    4.489896] pci 0000:0d:00.0: working around ROM BAR overlap defect
[    4.493780] pci 0000:0d:00.0: [8086:1533] type 00 class 0x020000 PCIe Endpoint
[    4.497804] pci 0000:0d:00.0: BAR 0 [mem 0xfbc00000-0xfbc7ffff]
[    4.501806] pci 0000:0d:00.0: BAR 2 [io  0xe000-0xe01f]
[    4.505792] pci 0000:0d:00.0: BAR 3 [mem 0xfbc80000-0xfbc83fff]
[    4.509924] pci 0000:0d:00.0: PME# supported from D0 D3hot D3cold
[    4.513928] pci 0000:00:1c.0: PCI bridge to [bus 0d]
[    4.519066] ACPI: PCI: Interrupt link LNKA conf
[    4.519066] ACPI: PCI: Interrupt link LNKA configured for IRQ 11
[    4.521849] ACPI: PCI: Interrupt link LNKB configured for IRQ 10
[    4.525846] ACPI: PCI: Interrupt link LNKC configured for IRQ 5
[    4.529845] ACPI: PCI: Interrupt link LNKD configured for IRQ 4
[    4.533846] ACPI: PCI: Interrupt link LNKE configured for IRQ 0
[    4.537780] ACPI: PCI: Interrupt link LNKE disabled
[    4.541850] ACPI: PCI: Interrupt link LNKF configured for IRQ 0
[    4.545780] ACPI: PCI: Interrupt link LNKF disabled
[    4.549847] ACPI: PCI: Interrupt link LNKG configured for IRQ 0
[    4.553780] ACPI: PCI: Interrupt link LNKG disabled
[    4.557845] ACPI: PCI: Interrupt link LNKH configured for IRQ 0
[    4.561780] ACPI: PCI: Interrupt link LNKH disabled
[    4.565955] iommu: Default domain type: Translated
[    4.569782] iommu: DMA domain TLB invalidation policy: lazy mode
[    4.573915] SCSI subsystem initialized
[    4.577673] ACPI: bus type USB registered
[    4.577796] usbcore: registered new interface driver usbfs
[    4.581785] usbcore: registered new interface driver hub
[    4.585790] usbcore: registered new device driver usb
[    4.589807] pps_core: LinuxPPS API ver. 1 registered
[    4.593779] pps_core: Software ver. 5.3.6 - Copyright 2005-2007 Rodolfo Giometti <giometti@linux.it>
[    4.597784] PTP clock support registered
[    4.601784] EDAC MC: Ver: 3.0.0
[    4.605064] efivars: Registered efivars operations
[    4.606026] NetLabel: Initializing
[    4.609428] NetLabel:  domain hash size = 128
[    4.609782] NetLabel:  protocols = UNLABELED CIPSOv4 CALIPSO
[    4.613800] NetLabel:  unlabeled traffic allowed by default
[    4.617806] PCI: Using ACPI for IRQ routing
[    4.627419] vgaarb: loaded
[    4.629988] hpet0: at MMIO 0xfed00000, IRQs 2, 8, 0, 0, 0, 0, 0, 0
[    4.633784] hpet0: 8 comparators, 64-bit 14.318180 MHz counter
[    4.639861] clocksource: Switched to clocksource tsc-early
[    4.643459] VFS: Disk quotas dquot_6.6.0
[    4.647404] VFS: Dquot-cache hash table entries: 512 (order 0, 4096 bytes)
[    4.654417] AppArmor: AppArmor Filesystem Enabled
[    4.659156] pnp: PnP ACPI init
[    4.662881] system 00:01: [io  0x0500-0x057f] has been reserved
[    4.668807] system 00:01: [io  0x0400-0x047f] has been reserved
[    4.674723] system 00:01: [io  0x0580-0x059f] has been reserved
[    4.680641] system 00:01: [io  0x0600-0x061f] has been reserved
[    4.686562] system 00:01: [io  0x0880-0x0883] has been reserved
[    4.692480] system 00:01: [io  0x0800-0x081f] has been reserved
[    4.698401] system 00:01: [mem 0xfed1c000-0xfed3ffff] could not be reserved
[    4.705362] system 00:01: [mem 0xfed45000-0xfed8bfff] has been reserved
[    4.711974] system 00:01: [mem 0xff000000-0xffffffff] has been reserved
[    4.718588] system 00:01: [mem 0xfee00000-0xfeefffff] has been reserved
[    4.725201] system 00:01: [mem 0xfed12000-0xfed1200f] has been reserved
[    4.731814] system 00:01: [mem 0xfed12010-0xfed1201f] has been reserved
[    4.738428] system 00:01: [mem 0xfed1b000-0xfed1bfff] has been reserved
[    4.745344] system 00:02: [io  0x0a00-0x0a0f] has been reserved
[    4.751266] system 00:02: [io  0x0a10-0x0a1f] has been reserved
[    4.757183] system 00:02: [io  0x0a20-0x0a2f] has been reserved
[    4.763103] system 00:02: [io  0x0a30-0x0a3f] has been reserved
[    4.769026] system 00:02: [io  0x0a40-0x0a4f] has been reserved
[    4.775206] ACPI: IRQ 3 override to level(!), high
[    4.780586] pnp: PnP ACPI: found 4 devices
[    4.790833] clocksource: acpi_pm: mask: 0xffffff max_cycles: 0xffffff, max_idle_ns: 2085701024 ns
[    4.799778] NET: Registered PF_INET protocol family
[    4.804891] IP idents hash table entries: 262144 (order: 9, 2097152 bytes, linear)
[    4.816444] tcp_listen_portaddr_hash hash table entries: 32768 (order: 7, 524288 bytes, linear)
[    4.825216] Table-perturb hash table entries: 65536 (order: 6, 262144 bytes, linear)
[    4.833382] TCP established hash table entries: 524288 (order: 10, 4194304 bytes, linear)
[    4.842238] TCP bind hash table entries: 65536 (order: 9, 2097152 bytes, linear)
[    4.849979] TCP: Hash tables configured (established 524288 bind 65536)
[    4.856890] MPTCP token hash table entries: 65536 (order: 8, 1572864 bytes, linear)
[    4.864784] UDP hash table entries: 32768 (order: 8, 1048576 bytes, linear)
[    4.871964] UDP-Lite hash table entries: 32768 (order: 8, 1048576 bytes, linear)
[    4.879547] NET: Registered PF_UNIX/PF_LOCAL protocol family
[    4.885216] NET: Registered PF_XDP protocol family
[    4.890045] pci 0000:07:01.0: bridge window [io  0x1000-0x0fff] to [bus 08] add_size 1000
[    4.898221] pci 0000:07:01.0: bridge window [mem 0x00100000-0x000fffff 64bit pref] to [bus 08] add_size 200000 add_align 100000
[    4.909687] pci 0000:07:01.0: bridge window [mem 0x00100000-0x000fffff] to [bus 08] add_size 200000 add_align 100000
[    4.920203] pci 0000:06:00.0: bridge window [io  0x1000-0x0fff] to [bus 07-0c] add_size 1000
[    4.928633] pci 0000:06:00.0: bridge window [mem 0x00100000-0x001fffff] to [bus 07-0c] add_size 200000 add_align 100000
[    4.939408] pci 0000:00:03.2: bridge window [io  0x1000-0x0fff] to [bus 06-0c] add_size 1000
[    4.947848] pci 0000:00:03.2: bridge window [io  0x1000-0x1fff]: assigned
[    4.954635] pci 0000:00:02.0: PCI bridge to [bus 01]
[    4.959602] pci 0000:00:02.0:   bridge window [mem 0xfbe00000-0xfbefffff]
[    4.966391] pci 0000:00:02.2: PCI bridge to [bus 02-03]
[    4.971614] pci 0000:00:02.2:   bridge window [mem 0xfb700000-0xfbbfffff]
[    4.978401] pci 0000:00:02.2:   bridge window [mem 0x383fffa00000-0x383fffefffff 64bit pref]
[    4.986840] pci 0000:00:03.0: PCI bridge to [bus 04]
[    4.991813] pci 0000:00:03.1: PCI bridge to [bus 05]
[    4.996791] pci 0000:06:00.0: bridge window [mem size 0x00300000]: can't assign; no space
[    5.004967] pci 0000:06:00.0: bridge window [mem size 0x00300000]: failed to assign
[    5.012619] pci 0000:06:00.0: bridge window [io  0x1000-0x1fff]: assigned
[    5.019405] pci 0000:06:00.0: bridge window [mem size 0x00100000]: can't assign; no space
[    5.027579] pci 0000:06:00.0: bridge window [mem size 0x00100000]: failed to assign
[    5.035234] pci 0000:07:01.0: bridge window [mem size 0x00200000]: can't assign; no space
[    5.043404] pci 0000:07:01.0: bridge window [mem size 0x00200000]: failed to assign
[    5.051059] pci 0000:07:01.0: bridge window [mem 0x383ffe900000-0x383ffeafffff 64bit pref]: assigned
[    5.060185] pci 0000:07:01.0: bridge window [io  0x1000-0x1fff]: assigned
[    5.066970] pci 0000:07:01.0: bridge window [mem size 0x00200000]: can't assign; no space
[    5.075146] pci 0000:07:01.0: bridge window [mem size 0x00200000]: failed to assign
[    5.082797] pci 0000:07:01.0: PCI bridge to [bus 08]
[    5.087765] pci 0000:07:01.0:   bridge window [io  0x1000-0x1fff]
[    5.093860] pci 0000:07:01.0:   bridge window [mem 0x383ffe900000-0x383ffeafffff 64bit pref]
[    5.102293] pci 0000:07:02.0: PCI bridge to [bus 09]
[    5.107263] pci 0000:07:08.0: PCI bridge to [bus 0a]
[    5.112228] pci 0000:07:09.0: PCI bridge to [bus 0b]
[    5.117194] pci 0000:07:09.0:   bridge window [mem 0x383fff000000-0x383fff8fffff 64bit pref]
[    5.125626] pci 0000:07:0a.0: PCI bridge to [bus 0c]
[    5.130594] pci 0000:07:0a.0:   bridge window [mem 0x383ffe000000-0x383ffe8fffff 64bit pref]
[    5.139026] pci 0000:06:00.0: PCI bridge to [bus 07-0c]
[    5.144250] pci 0000:06:00.0:   bridge window [io  0x1000-0x1fff]
[    5.150345] pci 0000:06:00.0:   bridge window [mem 0x383ffe000000-0x383fff8fffff 64bit pref]
[    5.158779] pci 0000:00:03.2: PCI bridge to [bus 06-0c]
[    5.164002] pci 0000:00:03.2:   bridge window [io  0x1000-0x1ff
[    5.164002] pci 0000:00:03.2:   bridge window [io  0x1000-0x1fff]
[    5.170097] pci 0000:00:03.2:   bridge window [mem 0xfbd00000-0xfbdfffff]
[    5.176882] pci 0000:00:03.2:   bridge window [mem 0x383ffe000000-0x383fff8fffff 64bit pref]
[    5.185319] pci 0000:00:1c.0: PCI bridge to [bus 0d]
[    5.190282] pci 0000:00:1c.0:   bridge window [io  0xe000-0xefff]
[    5.196377] pci 0000:00:1c.0:   bridge window [mem 0xfbc00000-0xfbcfffff]
[    5.203167] pci_bus 0000:00: Some PCI device resources are unassigned, try booting with pci=realloc
[    5.212201] pci_bus 0000:00: resource 4 [io  0x0000-0x0cf7 window]
[    5.218383] pci_bus 0000:00: resource 5 [io  0x1000-0xffff window]
[    5.224559] pci_bus 0000:00: resource 6 [mem 0x000a0000-0x000bffff window]
[    5.231435] pci_bus 0000:00: resource 7 [mem 0x90000000-0xfbffbfff window]
[    5.238307] pci_bus 0000:00: resource 8 [mem 0x380000000000-0x383fffffffff window]
[    5.245875] pci_bus 0000:01: resource 1 [mem 0xfbe00000-0xfbefffff]
[    5.252139] pci_bus 0000:02: resource 1 [mem 0xfb700000-0xfbbfffff]
[    5.258406] pci_bus 0000:02: resource 2 [mem 0x383fffa00000-0x383fffefffff 64bit pref]
[    5.266321] pci_bus 0000:06: resource 0 [io  0x1000-0x1fff]
[    5.271894] pci_bus 0000:06: resource 1 [mem 0xfbd00000-0xfbdfffff]
[    5.278160] pci_bus 0000:06: resource 2 [mem 0x383ffe000000-0x383fff8fffff 64bit pref]
[    5.286075] pci_bus 0000:07: resource 0 [io  0x1000-0x1fff]
[    5.291644] pci_bus 0000:07: resource 2 [mem 0x383ffe000000-0x383fff8fffff 64bit pref]
[    5.299558] pci_bus 0000:08: resource 0 [io  0x1000-0x1fff]
[    5.305131] pci_bus 0000:08: resource 2 [mem 0x383ffe900000-0x383ffeafffff 64bit pref]
[    5.313047] pci_bus 0000:0b: resource 2 [mem 0x383fff000000-0x383fff8fffff 64bit pref]
[    5.320959] pci_bus 0000:0c: resource 2 [mem 0x383ffe000000-0x383ffe8fffff 64bit pref]
[    5.328872] pci_bus 0000:0d: resource 0 [io  0xe000-0xefff]
[    5.334445] pci_bus 0000:0d: resource 1 [mem 0xfbc00000-0xfbcfffff]
[    5.341015] pci
[    5.341015] pci 0000:00:05.0: disabled boot interrupts on device [8086:6f28]
[    5.372208] pci 0000:00:1d.0: quirk_usb_early_handoff+0x0/0x7c0 took 23344 usecs
[    5.379646] pci 0000:02:00.0: CLS mismatch (64 != 32), using 64 bytes
[    5.386140] PCI-DMA: Using software bounce buffering for IO (SWIOTLB)
[    5.386156] Trying to unpack rootfs image as initramfs...
[    5.392575] software IO TLB: mapped [mem 0x000000006b3ce000-0x000000006f3ce000] (64MB)
[    5.406928] Initialise system trusted keyrings
[    5.411391] Key type blacklist registered
[    5.415448] workingset: timestamp_bits=36 max_order=24 bucket_order=0
[    5.422193] squashfs: version 4.0 (2009/01/31) Phillip Lougher
[    5.428134] fuse: init (API version 7.39)
[    5.432325] integrity: Platform Keyring initialized
[    5.455502] xor: automatically using best checksumming function   avx
[    5.462553] Key type asymmetric registered
[    5.466648] Asymmetric key parser 'x509' registered
[    5.471553] Block layer SCSI generic (bsg) driver version 0.4 loaded
[    5.471553] Block layer SCSI generic (bsg) driver version 0.4 loaded (major 243)
[    5.479024] io scheduler mq-deadline registered
[    5.486550] shpchp: Standard Hot Plug PCI Controller Driver version: 0.4
[    5.493297] Driver imsttfb not loading because of nomodeset parameter
[    5.499733] Driver asiliantfb not loading because of nomodeset parameter
[    5.506510] ACPI: \_SB_.SCK0.CP00: Found 1 idle states
[    5.511684] ACPI: \_SB_.SCK0.CP01: Found 1 idle states
[    5.516858] ACPI: \_SB_.SCK0.CP02: Found 1 idle states
[    5.522035] ACPI: \_SB_.SCK0.CP03: Found 1 idle states
[    5.527207] ACPI: \_SB_.SCK0.CP04: Found 1 idle states
[    5.532381] ACPI: \_SB_.SCK0.CP05: Found 1 idle states
[    5.537558] ACPI: \_SB_.SCK0.CP06: Found 1 idle states
[    5.542733] ACPI: \_SB_.SCK0.CP07: Found 1 idle states
[    5.547907] ACPI: \_SB_.SCK0.CP08: Found 1 idle states
[    5.553083] ACPI: \_SB_.SCK0.CP09: Found 1 idle states
[    5.558255] ACPI: \_SB_.SCK0.CP0A: Found 1 idle states
[    5.563429] ACPI: \_SB_.SCK0.CP0B: Found 1 idle states
[    5.568606] ACPI: \_SB_.SCK0.CP0C: Found 1 idle states
[    5.573778] ACPI: \_SB_.SCK0.CP0D: Found 1 idle states
[    5.578951] ACPI: \_SB_.SCK0.CP0E: Found 1 idle states
[    5.584128] ACPI: \_SB_.SCK0.CP0F: Found 1 idle states
[    5.590710] input: Power Button as /devices/LNXSYSTM:00/LNXSYBUS:00/PNP0C0C:00/input/input0
[    5.599242] ACPI: button: Power Button [PWRB]
[    5.603651] input: Power Button as /devices/LNXSYSTM:00/LNXPWRBN:00/input/input1
[    5.611532] ACPI: button: Power Button [PWRF]
[    5.619631] Serial: 8250/16550 driver, 32 ports, IRQ sharing enabled
[    5.646654] 00:03: ttyS0 at I/O 0x3f8 (irq = 3, base_baud = 115200) is a 16550A
[    5.657319] Linux agpgart interface v0.103
[    5.666195] tpm_tis MSFT0101:00: 2.0 TPM (device-id 0x1B, rev-id 16)
[    5.695278] loop: module loaded
[    5.707003] ahci 0000:00:1f.2: flags: 64bit ncq pm led clo pio slum part ems apst
[    5.718821] scsi host1: ahci
[    5.724945] scsi host3: ahci
[    5.731098] scsi host5: ahci
[    5.736481] ata2: SATA max UDMA/133 abar m2048@0xfbf00000 port 0xfbf00180 irq 38 lpm-pol 0
[    5.747196] ata4: DUMMY
[    5.750593] Freeing initrd memory: 38976K
[    5.752110] ata6: DUMMY
[    5.753536] tun: Universal TUN/TAP device driver, 1.6
[    5.763892] VFIO - User Level meta-driver version: 0.3
[    5.769169] i8042: PNP: No PS/2 controller found.
[    5.769322] ehci-pci 0000:00:1d.0: EHCI Host Controller
[    5.773973] mousedev: PS/2 mouse device common for all mice
[    5.779102] ehci-pci 0000:00:1d.0: new USB bus registered, assigned bus number 1
[    5.784776] rtc_cmos 00:00: RTC can wake from S4
[    5.792071] ehci-pci 0000:00:1d.0: debug port 2
[    5.797029] rtc_cmos 00:00: registered as rtc0
[    5.805147] ehci-pci 0000:00:1d.0: irq 18, io mem 0xfbf01000
[    5.805704] rtc_cmos 00:00: setting system clock to 2025-06-06T07:40:57 UTC (1749195657)
[    5.819429] rtc_cmos 00:00: alarms up to one month, y3k, 114 bytes nvram
[    5.824054] ehci-pci 0000:00:1d.0: USB 2.0 started, EHCI 1.00
[
[    5.826134] i2c_dev: i2c /dev entries driver
[    5.831913] usb usb1: New USB device found, idVendor=1d6b, idProduct=0002, bcdDevice= 6.08
[    5.844391] usb usb1: New USB device strings: Mfr=3, Product=2, SerialNumber=1
[    5.851610] usb usb1: Product: EHCI Host Controller
[    5.856488] usb usb1: Manufacturer: Linux 6.8.12-dnos-gb335066a69a2 ehci_hcd
[    5.863535] usb usb1: SerialNumber: 0000:00:1d.0
[    5.868320] hub 1-0:1.0: USB hub found
[    5.868755] device-mapper: core: CONFIG_IMA_DISABLE_HTABLE is disabled. Duplicate IMA measurements will not be recorded in the IMA log.
[    5.872078] hub 1-0:1.0: 2 ports detected
[    5.884250] device-mapper: uevent: version 1.0.3
[    5.892953] device-mapper: ioctl: 4.48.0-ioctl (2023-03-01) initialised: dm-devel@redhat.com
[    5.901412] platform eisa.0: Probing EISA bus 0
[    5.905946] platform eisa.0: EISA: Cannot allocate resource for mainboard
[    5.912730] platform eisa.0: Cannot allocate resource for EISA slot 1
[    5.919170] platform eisa.0: Cannot allocate resource for EISA slot 2
[    5.925612] platform eisa.0: Cannot allocate resource for EISA slot 3
[    5.932049] platform eisa.0: Cannot allocate resource for EISA slot 4
[    5.938489] platform eisa.0: Cannot allocate resource for EISA slot 5
[    5.944929] platform eisa.0: Cannot allocate resource for EISA slot 6
[    5.951370] platform eisa.0: Cannot allocate resource for EISA slot 7
[    5.957810] platform eisa.0: Cannot allocate resource for EISA slot 8
[    5.964252] platform eisa.0: EISA: Detected 0 cards
[    5.969190] intel_pstate: Intel P-state driver initializing
[    5.978190] drop_monitor: Initializing network drop monitor service
[    5.984638] NET: Registered PF_INET6 protocol family
[    6.001847] Segment Routing with IPv6
[    6.005542] In-situ
[    6.005542] In-situ OAM (IOAM) with IPv6
[    6.009651] NET: Registered PF_PACKET protocol family
[    6.014812] Key type dns_resolver registered
[    6.021799] ENERGY_PERF_BIAS: Set to 'normal', was 'performance'
[    6.028381] microcode: Current revision: 0x07000019
[    6.035118] resctrl: L3 allocation detected
[    6.039308] resctrl: L3 monitoring detected
[    6.043540] IPI shorthand broadcast: enabled
[    6.049738] sched_clock: Marking stable (5944001105, 104009659)->(7096206040, -1048195276)
[    6.058232] registered taskstats version 1
[    6.063337] Loading compiled-in X.509 certificates
[    6.068968] Loaded X.509 cert 'Build time autogenerated kernel key: bb78cf7bdcce1252542f23117c71fa0d1391c106'
[    6.071256] ata2: SATA link up 6.0 Gbps (SStatus 133 SControl 300)
[    6.080960] Key type .fscrypt registered
[    6.085205] ata2.00: ATA-9: SH250-M280 128GB SSD, SFMB8114, max UDMA/133
[    6.089133] Key type fscrypt-provisioning registered
[    6.095780] ata2.00: 250069680 sectors, multi 16: LBA48 NCQ (depth 32), AA
[    6.101400] Btrfs loaded, zoned=yes, fsverity=yes
[    6.107689] ata2.00: Features: Dev-Sleep
[    6.112274] Key type trusted registered
[    6.116488] ata2.00: configured for UDMA/133
[    6.124653] scsi 1:0:0:0: Direct-Access     ATA      SH250-M280 128GB 8114 PQ: 0 ANSI: 5
[    6.133299] scsi 1:0:0:0: Attached scsi generic sg0 type 0
[    6.133403] sd 1:0:0:0: [sda] 250069680 512-byte logical blocks: (128 GB/119 GiB)
[    6.146304] sd 1:0:0:0: [sda] Write Protect is off
[    6.151123] sd 1:0:0:0: [sda] Write cache: enabled, read cache: enabled, doesn't support DPO or FUA
[    6.151512] cryptd: max_cpu_qlen set to 1000
[    6.152061] usb 1-1: new high-speed USB device number 2 using ehci-pci
[    6.160185] sd 1:0:0:0: [sda] Preferred minimum I/O size 512 bytes
[    6.178660]  sda: sda1 sda2 sda3 sda14 sd
[    6.178660]  sda: sda1 sda2 sda3 sda14 sda15 sda16 sda17 sda18 sda19 sda20 sda21
[    6.186421] sd 1:0:0:0: [sda] Attached SCSI disk
[    6.196278] AVX2 version of gcm_enc/dec engaged.
[    6.201054] AES CTR mode by8 optimization enabled
[    6.231786] Key type encrypted registered
[    6.235821] AppArmor: AppArmor sha256 policy hashing enabled
[    6.242816] Loading compiled-in module X.509 certificates
[    6.248838] Loaded X.509 cert 'Build time autogenerated kernel key: bb78cf7bdcce1252542f23117c71fa0d1391c106'
[    6.258743] ima: Allocated hash algorithm: sha1
[    6.299850] ima: No architecture policies found
[    6.304423] evm: Initialising EVM extended attributes:
[    6.309556] evm: security.selinux
[    6.312382] usb 1-1: New USB device found, idVendor=8087, idProduct=8000, bcdDevice= 0.05
[    6.312880] evm: security.SMACK64
[    6.321051] usb 1-1: New USB device strings: Mfr=0, Product=0, SerialNumber=0
[    6.324355] evm: security.SMACK64EXEC
[    6.331800] hub 1-1:1.0: USB hub found
[    6.335140] evm: security.SMACK64TRANSMUTE
[    6.335141] evm: security.SMACK64MMAP
[    6.335141] evm: security.apparmor
[    6.335142] evm: security.ima
[    6.335143] evm: security.c
[    6.335143] evm: HMAC attrs: 0x1
[    6.343312] hub 1-1:1.0: 4 ports detected
[    6.346800] PM:   Magic number: 13:323:672
[    6.368028] workqueue scsi_tmf_2: hash matches
[    6.372687] RAS: Correctable Errors collector initialized.
[    6.378242] clk: Disabling unused clocks
[    6.383489] Freeing unused decrypted memory: 2028K
[    6.389099] Freeing unused kernel image (initmem) memory: 4960K
[    6.395120] Write protecting the kernel read-only data: 28672k
[    6.401640] Freeing unused kernel image (rodata/data gap) memory: 1832K
[    6.424086] tsc: Refined TSC clocksource calibration: 1999.998 MHz
[    6.430293] clocksource: tsc: mask: 0xffffffffffffffff max_cycles: 0x39a8595ce59, max_idle_ns: 881590778713 ns
[    6.477163] x86/mm: Checked W+X mappings: passed, no W+X pages found.
[    6.483603] x86/mm: Checking user space page tables
[    6.488498] clocksource: Switched to clocksource tsc
[    6.544458] x86/mm: Checked W+X mappings: passed, no W+X pages found.
[    6.550925] Run /init as init process
Loading, please wait...
Starting systemd-udevd version 255.4-1ubuntu8.8
[    6.810260] dca service started, version 1.12.1
[    6.817258] xhci_hcd 0000:00:14.0: xHCI Host Controller
[    6.822514] xhci_hcd 0000:00:14.0: new USB bus registered, assigned bus number 2
[    6.831009] xhci_hcd 0000:00:14.0: hcc params 0x200077c1 hci version 0x100 quirks 0x0000000000009810
[    6.840617] xhci_hcd 0000:00:14.0: xHCI Host Controller
[    6.840803] ixgbe: loading out-of-tree module taints kernel.
[    6.845859] xhci_hcd 0000:00:14.0: new USB bus registered, assigned bus number 3
[    6.858954] xhci_hcd 0000:00:14.0: Host supports USB 3.0 SuperSpeed
[    6.865291] usb usb2: New USB device found, idVendor=1d6b, idProduct=0002, bcdDevice= 6.08
[    6.865353] igb: Intel(R) Gigabit Ethernet Network Driver
[    6.873560] usb usb2: New USB device strings: Mfr=3, Product=2, SerialNumber=1
[    6.878960] igb: Copyright (c) 2007-2014 Intel Corporation.
[    6.891784] usb usb2: Product: xHCI Host Controller
[    6.896673] usb usb2: Manufacturer: Linux 6.8.12-dnos-gb335066a69a2 xhci-hcd
[    6.903725] usb usb2: SerialNumber: 0000:00:14.0
[    6.908991] igb 0000:0d:00.0: PHY reset is blocked due to SOL/IDER session.
[    6.916257] hub 2-0:1.0: USB hub found
[    6.920029] hub 2-0:1.0: 8 ports detected
[    6.926586] usb usb3: New USB device found, idVendor=1d6b, idProduct=0003, bcdDevice= 6.08
[    6.934860] usb usb3: New USB device strings: Mfr=3, Product=2, SerialNumber=1
[    6.942108] usb usb3: Product: xHCI Host Controller
[    6.946989] usb usb3: Manufacturer: Linux 6.8.12-dnos-gb335066a69a2 xhci-hcd
[    6.954040] usb usb3: SerialNumber: 0000:00:14.0
[    6.958866] Intel(R) 10GbE PCI Express Linux Network Driver - version 5.21.5
[    6.959483] hub 3-0:1.0: USB hub found
[    6.965917] Copyright (C) 1999 - 2024 Intel Corporation
[    6.976997] ixgbe 0000:02:00.0 0000:02:00.0 (uninitialized): ixgbe_validate_register_read: register 15f74 read unchanged
[    6.987892] pps pps0: new PPS source ptp0
[    6.992023] igb 0000:0d:00.0: added PHC on eth0
[    6.996571] igb 0000:0d:00.0: Intel(R) Gigabit Ethernet Network Connection
[    7.003442] igb 0000:0d:00.0: eth0: (PCIe:2.5Gb/s:Width x1) e8:c5:7a:fa:73:01
[    7.010621] igb 0000:0d:00.0: eth0: PBA No: 000300-000
[    7.015756] igb 0000:0d:00.0: Using MSI-X interrupts. 4 rx queue(s), 4 tx queue(s)
[    7.023351] hub 3-0:1.0: 6 ports detected
[    7.027369] ixgbe 0000:02:00.0 0000:02:00.0 (uninitialized): allow_unsupported_sfp Enabled
[    7.038471] igb 0000:0d:00.0 enp13s0: renamed from eth0
[    7.188087] usb 2-4: new high-speed USB device number 2 using xhci_hcd
[    7.340985] usb 2-4: New USB device found, idVendor=046b, idProduct=ff01, bcdDevice= 1.00
[    7.349193] usb 2-4: New USB device strings: Mfr=1, Product=2, SerialNumber=3
[    7.356332] usb 2-4: Product: Virtual Hub
[    7.360349] usb 2-4: Manufacturer: American Megatrends Inc.
[    7.365922] usb 2-4: SerialNumber: serial
[    7.370710] hub 2-4:1.0: USB hub found
[    7.374550] hub 2-4:1.0: 5 ports detected
[    7.672096] usb 2-4.1: new high-speed USB device number 3 using xhci_hcd
[    7.684586] ixgbe 0000:02:00.0: Multiqueue Enabled: Rx Queue count = 16, Tx Queue count = 16 XDP Queue count = 0
[    7.756081] ixgbe 0000:02:00.0 eth0: MAC: 5, PHY: 0, PBA No: 000200-000
[    7.762709] ixgbe 0000:02:00.0: e8:c5:7a:fa:73:02
[    7.767422] ixgbe 0000:02:00.0 eth0: Enabled Features: RxQ: 16 TxQ: 16 FdirHash vxlan_rx
[    7.780082] ixgbe 0000:02:00.0 eth0: Intel(R) 10 Gigabit Network Connection
[    7.787456] ixgbe 0000:02:00.1 0000:02:00.1 (uninitialized): ixgbe_validate_register_read: register 15f74 read unchanged
[    7.796849] usb 2-4.1: New USB device found, idVendor=046b, idProduct=ff20, bcdDevice= 1.00
[    7.802410] ixgbe 0000:02:00.1 0000:02:00.1 (uninitialized): allow_unsupported_sfp Enabled
[    7.806679] usb 2-4.1: New USB device strings: Mfr=1, Product=2, SerialNumber=3
[    7.806685] usb 2-4.1: Product: Virtual Cdrom Device
[    7.827251] usb 2-4.1: Manufacturer: American Megatrends Inc.
[    7.833004] usb 2-4.1: SerialNumber: AAAABBBBCCCC1
[    7.847949] usb-storage 2-4.1:1.0: USB Mass Storage device detected
[    7.854619] scsi host6: usb-storage 2-4.1:1.0
[    7.859182] usbcore: registered new interface driver usb-storage
[    7.868917] usbcore: registered new interface driver uas
[    8.464723] ixgbe 0000:02:00.1: Multiqueue Enabled: Rx Queue count = 16, Tx Queue count = 16 XDP Queue count = 0
[    8.538210] ixgbe 0000:02:00.1 eth1: MAC: 5, PHY: 0, PBA No: 000200-000
[    8.544852] ixgbe 0000:02:00.1: e8:c5:7a:fa:73:03
[    8.549574] ixgbe 0000:02:00.1 eth1: Enabled Features: RxQ: 16 TxQ: 16 FdirHash vxlan_rx
[    8.563805] ixgbe 0000:02:00.1 eth1: Intel(R) 10 Gigabit Network Connection
[    8.573558] ixgbe 0000:02:00.0 enp2s0f0: renamed from eth0
[    8.596890] ixgbe 0000:02:00.1 enp2s0f1: renamed from eth1
[    8.888685] scsi 6:0:0:0: CD-ROM            AMI      Virtual CDROM0   1.00 PQ: 0 ANSI: 0 CCS
[    8.898777] sr 6:0:0:0: [sr0] scsi-1 drive
[    8.902890] cdrom: Uniform CD-ROM driver Revision: 3.20
[    8.908954] sr 6:0:0:0: Attached scsi generic sg1 type 5
Begin: Loading essential drivers ... done.
Begin: Running /scripts/init-premount ... done.
Begin: Mounting root file system ... Begin: Running /scripts/local-top ... done.
Begin: Running /scripts/local-premount ... done.
Begin: Will now check root file system ... fsck from util-linux 2.39.3
[/usr/sbin/fsck.ext4 (1) -- /dev/sda16] fsck.ext4 -f -y -C0 /dev/sda16
e2fsck 1.47.0 (5-Feb-2023)
Pass 1: Checking inodes, blocks, and sizes
Pass 4: Checking reference counts
Pass 5: Checking group summary inf
Pass 5: Checking group summary information
DNOS-ROOT1: 65737/655360 files (0.2% non-contiguous), 969257/2621440 blocks
done.
[   10.149223] EXT4-fs (sda16): mounted filesystem 754c575a-6a05-4fbd-98a9-4f83cae71ea6 ro with ordered data mode. Quota mode: none.
done.
Begin: Running /scripts/local-bottom ... done.
Begin: Running /scripts/init-bottom ... done.
[   10.307498] systemd[1]: Failed to find module 'autofs4'
[   10.335012] systemd[1]: systemd 255.4-1ubuntu8.8 running in system mode (+PAM +AUDIT +SELINUX +APPARMOR +IMA +SMACK +SECCOMP +GCRYPT -GNUTLS +OPENSSL +ACL +BLKID +CURL +ELFUTILS +FIDO2 +IDN2 -IDN +IPTC +KMOD +LIBCRYPTSETUP +LIBFDISK +PCRE2 -PWQUALITY +P11KIT +QRENCODE +TPM2 +BZIP2 +LZ4 +XZ +ZLIB +ZSTD -BPF_FRAMEWORK -XKBCOMMON +UTMP +SYSVINIT default-hierarchy=unified)
[   10.367692] systemd[1]: Detected architecture x86-64.
Welcome to Ubuntu 24.04.1 LTS!
[   10.425097] systemd[1]: Hostname set to <UNKNOWN>.
[   10.571058] systemd[1]: Configuration file /run/systemd/system/netplan-ovs-cleanup.service is marked world-inaccessible. This has no effect as configuration data is accessible via APIs without restrictions. Proceeding anyway.
[   10.670041] systemd[1]: Queued start job for default target graphical.target.
[   10.723274] systemd[1]: Created slice system-modprobe.slice - Slice /system/modprobe.
[  OK  ] Created slice system-modprobe.slice - Slice /system/modprobe.
[  OK  ] Created slice system-modprobe.slice - Slice /system/modprobe.
[   10.748742] systemd[1]: Created slice system-serial\x2dgetty.slice - Slice /system/serial-getty.
[  OK  ] Created slice system-serial\x2dget…slice - Slice /system/serial-getty.
[  OK  ] Created slice system-serial\x2dget…slice - Slice /system/serial-getty.
[   10.777166] systemd[1]: Created slice system-systemd\x2dfsck.slice - Slice /system/systemd-fsck.
[  OK  ] Created slice system-systemd\x2dfs…slice - Slice /system/systemd-fsck.
[  OK  ] Created slice system-systemd\x2dfs…slice - Slice /system/systemd-fsck.
[   10.804961] systemd[1]: Created slice user.slice - User and Session Slice.
[  OK  ] Created slice user.slice - User and Session Slice.
[  OK  ] Created slice user.slice - User and Session Slice.
[   10.828325] systemd[1]: Started systemd-ask-password-wall.path - Forward Password Requests to Wall Directory Watch.
[  OK  ] Started systemd-ask-password-wall.…d Requests to Wall Directory Watch.
[  OK  ] Started systemd-ask-password-wall.…d Requests to Wall Directory Watch.
[   10.856336] systemd[1]: Starting of proc-sys-fs-binfmt_misc.automount - Arbitrary Executable File Formats File System Automount Point unsupported.
[UNSUPP] Starting of proc-sys-fs-binfmt_mis…System Automount Point unsupported.
[UNSUPP] Starting of proc-sys-fs-binfmt_mis…System Automount Point unsupported.
[   10.888217] systemd[1]: Expecting device dev-disk-by\x2dpartlabel-DNOS\x2dCORE.device - /dev/disk/by-partlabel/DNOS-CORE...
         Expecting device dev-disk-by\x2dpa…/dev/disk/by-partlabel/DNOS-CORE...
         Expecting device dev-disk-by\x2dpa…/dev/disk/by-partlabel/DNOS-CORE...
[   10.916182] systemd[1]: Expecting device dev-disk-by\x2dpartlabel-DNOS\x2dDOCKER.device - /dev/disk/by-partlabel/DNOS-DOCKER...
         Expecting device dev-disk-by\x2dpa…ev/disk/by-partlabel/DNOS-DOCKER...
         Expecting device dev-disk-by\x2dpa…ev/disk/by-partlabel/DNOS-DOCKER...
[   10.948185] systemd[1]: Expecting device dev-disk-by\x2dpartlabel-DNOS\x2dHOME.device - /dev/disk/by-partlabel/DNOS-HOME...
         Expecting device dev-disk-by\x2dpa…/dev/disk/by-partlabel/DNOS-HOME...
         Expecting device dev-disk-by\x2dpa…/dev/disk/by-partlabel/DNOS-HOME...
[   10.976184] systemd[1]: Expecting device dev-disk-by\x2dpartlabel-DNOS\x2dREDIS.device - /dev/disk/by-partlabel/DNOS-REDIS...
         Expecting device dev-disk-by\x2dpa…dev/disk/by-partlabel/DNOS-REDIS...
         Expecting device dev-disk-by\x2dpa…dev/disk/by-partlabel/DNOS-REDIS...
[   11.004174] systemd[1]: Expecting device dev-disk-by\x2dpartlabel-DNOS\x2dROOT2.device - /dev/disk/by-partlabel/DNOS-ROOT2...
         Expecting device dev-disk-by\x2dpa…dev/disk/by-partlabel/DNOS-ROOT2...
         Expecting device dev-disk-by\x2dpa…dev/disk/by-partlabel/DNOS-ROOT2...
[   11.032182] systemd[1]: Expecting device dev-disk-by\x2dpartlabel-DNOS\x2dSUPPORT.device - /dev/disk/by-partlabel/DNOS-SUPPORT...
         Expecting device dev-disk-by\x2dpa…v/disk/by-partlabel/DNOS-SUPPORT...
         Expecting device dev-disk-by\x2dpa…v/disk/by-partlabel/DNOS-SUPPORT...
[   11.064180] systemd[1]: Expecting device dev-disk-by\x2dpartlabel-DNOS\x2dTMP.device - /dev/disk/by-partlabel/DNOS-TMP...
         Expecting device dev-disk-by\x2dpa… /dev/disk/by-partlabel/DNOS-TMP...
         Expecting device dev-disk-by\x2dpa… /dev/disk/by-partlabel/DNOS-TMP...
[   11.092175] systemd[1]: Expecting device dev-disk-by\x2dpartlabel-EFI\x5cx20System.device - /dev/disk/by-partlabel/EFI\x20System...
         Expecting device dev-disk-by\x2dpa…/disk/by-partlabel/EFI\x20System...
         Expecting device dev-disk-by\x2dpa…/disk/by-partlabel/EFI\x20System...
[   11.124183] systemd[1]: Expecting device dev-disk-by\x2dpartlabel-ONIE\x2dBOOT.device - /dev/disk/by-partlabel/ONIE-BOOT...
         Expecting device dev-disk-by\x2dpa…/dev/disk/by-partlabel/ONIE-BOOT...
         Expecting device dev-disk-by\x2dpa…/dev/disk/by-partlabel/ONIE-BOOT...
[   11.152181] systemd[1]: Expecting device dev-ttyS0.device - /dev/ttyS0...
         Expecting device dev-ttyS0.device - /dev/ttyS0...
         Expecting device dev-ttyS0.device - /dev/ttyS0...
[   11.176226] systemd[1]: Reached target integritysetup.target - Local Integrity Protected Volumes.
[  OK  ] Reached target integritysetup.targ… Local Integrity Protected Volumes.
[  OK  ] Reached target integritysetup.targ… Local Integrity Protected Volumes.
[   11.204265] systemd[1]: Reached target remote-fs.target - Remote File Systems.
[  OK  ] Reached target remote-fs.target - Remote File Systems.
[  OK  ] Reached target remote-fs.target - Remote File Systems.
[   11.228204] systemd[1]: Reached target slices.target - Slice Units.
[  OK  ] Reached target slices.target - Slice Units.
[  OK  ] Reached target slices.target - Slice Units.
[   11.252230] systemd[1]: Reached target swap.target - Swaps.
[  OK  ] Reached target swap.target - Swaps.
[  OK  ] Reached target swap.target - Swaps.
[   11.272228] systemd[1]: Reached target veritysetup.target - Local Verity Protected Volumes.
[  OK  ] Reached target veritysetup.target - Local Verity Protected Volumes.
[  OK  ] Reached target veritysetup.target - Local Verity Protected Volumes.
[   11.300666] systemd[1]: Listening on syslog.socket - Syslog Socket.
[  OK  ] Listening on syslog.socket - Syslog Socket.
[  OK  ] Listening on syslog.socket - Syslog Socket.
[   11.324533] systemd[1]: Listening on systemd-fsckd.socket - fsck to fsckd communication Socket.
[  OK  ] Listening on systemd-fsckd.socket …fsck to fsckd communication Socket.
[  OK  ] Listening on systemd-fsckd.socket …fsck to fsckd communication Socket.
[   11.352398] systemd[1]: Listening on systemd-initctl.socket - initctl Compatibility Named Pipe.
[  OK  ] Listening on systemd-initctl.socke…- initctl Compatibility Named Pipe.
[  OK  ] Listening on systemd-initctl.socke…- initctl Compatibility Named Pipe.
[   11.380569] systemd[1]: Listening on systemd-journald-dev-log.socket - Journal Socket (/dev/log).
[  OK  ] Listening on systemd-journald-dev-…socket - Journal Socket (/dev/log).
[   11.408626] systemd[1]: Listening on systemd-journald.socket - Journal Socket.
[  OK  ] Listening on systemd-journald.socket - Journal Socket.
[   11.448365] systemd[1]: Listening on systemd-udevd-control.socket - udev Control Socket.
[   11.476530] systemd[1]: Listening on systemd-udevd-kernel.socket - udev Kernel Socket.
[  OK  ] Listening on systemd-udevd-kernel.socket - udev Kernel Socket.
         Mounting dev-hugepages.mount - Huge Pages File System...
         Mounting dev-hugepages.mount - Huge Pages File System...
[   11.547025] systemd[1]: Mounting dev-mqueue.mount - POSIX Message Queue File System...
         Mounting dev-mqueue.mount [   11.558237] systemd[1]: Mounting sys-kernel-debug.mount - Kernel Debug File System...
- POSIX Message Queue File System...
- POSIX Message Queue File System...
         Mounting sys-kernel-debug.mount - Kernel Debug File System...
         Mounting sys-kernel-debug.mount - Kernel Debug File System...
[   11.606589] systemd[1]: Mounting sys-kernel-tracing.mount - Kernel Trace File System...
         Mounting sys-kernel-tracing.mount - Kernel Trace File System...
         Mounting sys-kernel-tracing.mount - Kernel Trace File System...
[   11.637442] systemd[1]: Starting systemd-journald.service - Journal Service...
         Starting systemd-journald.serv[   11.648557] systemd[1]: Starting fake-hwclock-load.service - Restore the current clock...
ice - Journal Service...
ice - Journal Service...
         Startin[   11.669549] (-hwclock)[400]: fake-hwclock-load.service: Referenced but unset environment variable evaluates to an empty string: FORCE
g fake-hwclock-load.service - Restore the current clock...
[   11.689872] systemd-journald[399]: Collecting audit messages is disabled.
[   11.699913] systemd[1]: Starting keyboard-setup.service - Set the console keyboard layout...
         Starting keyboard-setup.servic[   11.711842] systemd[1]: Starting kmod-static-nodes.service - Create List of Static Device Nodes...
e - Set the console keyboard layout...
e - Set the console keyboard layout...
         Starting kmod-[   11.737720] systemd[1]: Starting modprobe@configfs.service - Load Kernel Module configfs...
static-nodes.service…eate List of Static Device Nodes...
         Starting modpr[   11.765481] systemd[1]: Starting modprobe@dm_mod.service - Load Kernel Module dm_mod...
obe@configfs.service - Load Kernel Module configfs...
obe@configfs.service - Load Kernel Module configfs...
         Starting modpr[   11.789545] systemd[1]: Starting modprobe@drm.service - Load Kernel Module drm...
obe@dm_mod.service - Load Kernel Module dm_mod...
obe@dm_mod.service - Load Kernel Module dm_mod...
         Starting modpr[   11.817686] systemd[1]: Starting modprobe@efi_pstore.service - Load Kernel Module efi_pstore...
obe@drm.service - Load Kernel Module drm...
         Starting modpr[   11.841841] systemd[1]: Starting modprobe@fuse.service - Load Kernel Module fuse...
obe@efi_pstore.servi… - Load Kernel Module efi_pstore...
obe@efi_pstore.servi… - Load Kernel Module efi_pstore...
         Starting modpr[   11.869647] systemd[1]: Starting modprobe@loop.service - Load Kernel Module loop...
obe@fuse.service[   11.878791] pstore: Using crash dump compression: deflate
 - Load Kernel Module fuse...
[   11.893793] pstore: Registered efi_pstore as persistent store backend
         Starting modpr[   11.901635] systemd[1]: Starting modprobe@nvme_fabrics.service - Load Kernel Module nvme_fabrics...
obe@loop.service - Load Kernel Module loop...
         Starting modprobe@nvme_fabrics.ser… Load Kernel Module nvme_fabrics...
[   11.952284] systemd[1]: systemd-fsck-root.service - File System Check on Root Device was skipped because of an unmet condition check (ConditionPathExists=!/run/initramfs/fsck-root).
[   11.970884] systemd[1]: Starting systemd-modules-load.service - Load Kernel Modules...
         Startin[   11.978978] systemd[1]: systemd-pcrmachine.service - TPM2 PCR Machine ID Measurement was skipped because of an unmet condition check (ConditionSecurity=measured-uki).
g systemd-modules-load.[   11.996948] systemd[1]: Starting systemd-remount-fs.service - Remount Root and Kernel File Systems...
service - Load Kernel Modules...
         Startin[   12.024284] systemd[1]: systemd-tpm2-setup-early.service - TPM2 SRK Setup (Early) was skipped because of an unmet condition check (ConditionSecurity=measured-uki).
g systemd-remount-fs.se[   12.041885] systemd[1]: Starting systemd-udev-trigger.service - Coldplug All udev Devices...
rvic…unt Root and Kernel File Systems...
         Starting syste[   12.066703] systemd[1]: Started systemd-journald.service - Journal Service.
md-udev-trigger.service - Coldplug All udev Devices...
md-udev-trigger.service - Coldplug All udev Devices...
[  OK  ] Started systemd-journald.service - Journal Service.
[   12.101921] EXT4-fs (sda16): re-mounted 754c575a-6a05-4fbd-98a9-4f83cae71ea6 r/w. Quota mode: none.
[  OK  ] Mounted dev-hugepages.mount - Huge Pages File System.
[  OK  ] Mounted dev-mqueue.mount - POSIX Message Queue File System.
[  OK  ] Mounted dev-mqueue.mount - POSIX Message Queue File System.
[  OK  ] Mounted sys-kernel-debug.mount - Kernel Debug File System.
[  OK  ] Mounted sys-kernel-debug.mount - Kernel Debug File System.
[  OK  ] Mounted sys-kernel-tracing.mount - Kernel Trace File System.
[  OK  ] Finished fake-hwclock-load.service - Restore the current clock.
[  OK  ] Finished kmod-static-nodes.service…Create List of Static Device Nodes.
[  OK  ] Finished kmod-static-nodes.service…Create List of Static Device Nodes.
[  OK  ] Finished modprobe@configfs.service - Load Kernel Module configfs.
[  OK  ] Finished modprobe@configfs.service - Load Kernel Module configfs.
[  OK  ] Finished modprobe@dm_mod.service - Load Kernel Module dm_mod.
[  OK  ] Finished modprobe@drm.service - Load Kernel Module drm.
[  OK  ] Finished systemd-remount-fs.servic���mount Root and Kernel File Systems.
md-rand] Finished systemd-remount-fs.servic���mount Root and Kernel File Systems.
[  OK  ] Finished systemd-tmpfiles-setup-de…ic Device Nodes in /dev gracefully.s.
[  OK  ] Finished systemd-tmpfiles-setup-de…ic Device Nodes in /dev gracefully.s.
[  OK  ] Started systemd-udevd.service - Ru…anager for Device Events and Files.
[  OK  ] Started systemd-udevd.service - Ru…anager for Device Events and Files.
[  OK  ] Found device dev-ttyS0.device - /dev/ttyS0.
[  OK  ] Found device dev-ttyS0.device - /dev/ttyS0.
[  OK  ] Found device dev-disk-by\x2dpartla…ce - SH250-M280_128GB_SSD DNOS-TMP.
[  OK  ] Found device dev-disk-by\x2dpartla…ce - SH250-M280_128GB_SSD DNOS-TMP.
[  OK  ] Listening on systemd-rfkill.socket…ll Switch Status /dev/rfkill Watch.
[  OK  ] Listening on systemd-rfkill.socket…ll Switch Status /dev/rfkill Watch.
[  OK  ] Started systemd-fsckd.
[  OK  ] Started systemd-fsckd.service - Fi…stem Check Daemon to report status.
Checking in progresstemd-fsckd.service - Fi…stem Check Daemon to report status.
Checking in progress on 1 disk (6.1% complete)em Check Daemon to report status.
Checking in progress on 1 disk (70.1% complete)m Check Daemon to report status.
Checking in progress on 1 disk (70.4% complete)m Check Daemon to report status.
Checking in progress on 1 disk (72.1% complete)m Check Daemon to report status.
Checking in progress on 1 disk (72.6% complete)m Check Daemon to report status.
Checking in progress on 1 disk (73.3% complete)m Check Daemon to report status.
Checking in progress on 1 disk (74.6% complete)m Check Daemon to report status.
Checking in progress on 1 disk (75.2% complete)m Check Daemon to report status.
Checking in progress on 1 disk (76.6% complete)m Check Daemon to report status.
Checking in progress on 1 disk (77.1% complete)m Check Daemon to report status.
Checking in progress on 1 disk (78.4% complete)m Check Daemon to report status.
Checking in progress on 1 disk (78.6% complete)m Check Daemon to report status.
Checking in progress on 1 disk (79.0% complete)m Check Daemon to report status.
Checking in progress on 1 disk (80.3% complete)m Check Daemon to report status.
Checking in progress on 1 disk (81.4% complete)m Check Daemon to report status.
Checking in progress on 1 disk (81.7% complete)m Check Daemon to report status.
Checking in progress on 1 disk (81.9% complete)m Check Daemon to report status.
Checking in progress on 1 disk (83.1% complete)m Check Daemon to report status.
Checking in progress on 1 disk (83.3% complete)m Check Daemon to report status.
Checking in progress on 1 disk (83.6% complete)m Check Daemon to report status.
