{"event": "operation_started", "ts": "2026-03-12T14:44:41.379059+00:00", "op": "Login"}
{"event": "operation_stage", "ts": "2026-03-12T14:44:41.379131+00:00", "op": "Login", "stage": "checking_boot_state"}
{"event": "operation_stage", "ts": "2026-03-12T14:44:41.379152+00:00", "op": "Login", "stage": "waiting_for_login_prompt"}
U-Boot SPL 2019.04 (May 23 2025 - 06:46:26 +0000)
{"event": "boot_firmware", "ts": "2026-03-12T14:44:41.519013+00:00"}
Trying to boot from RAM
U-Boot 2019.04 (May 23 2025 - 06:46:26 +0000)
{"event": "boot_uboot", "ts": "2026-03-12T14:44:41.696032+00:00"}
SOC: AST2600-A3
eSPI Mode: SIO:Enable : SuperIO-2e
Eth: MAC0: RGMII, MAC1: RGMII, MAC2: RGMII, MAC3: RGMII
Model: AST2600 EVB
DRAM:  already initialized, 1008 MiB (capacity:1024 MiB, VGA:64 MiB, ECC:off)
MMC:
MMC:
sdhci_slot0@100: 1, sdhci_slot1@200: 2, emmc_slot0@100: 0
Loading Environment from SPI Flash...
Loading Environment from SPI Flash... SF: Detected mx66u51235f with page size 256 Bytes, erase size 4 KiB, total 64 MiB
OK
In:    serial@1e784000
Out:   serial@1e784000
Err:   serial@1e784000
Model: AST2600 EVB
Net:
Net:
Warning: ftgmac@1e660000 (eth0) using random MAC address - 7e:a4:bf:c0:cd:30
eth0: ftgmac@1e660000
eth0: ftgmac@1e660000
Warning: ftgmac@1e680000 (eth1) using random MAC address - 66:5b:68:da:6c:82
, eth1: ftgmac@1e680000
, eth1: ftgmac@1e680000
Warning: ftgmac@1e670000 (eth2) using random MAC address - f6:35:e3:87:88:7c
, eth2: ftgmac@1e670000
, eth2: ftgmac@1e670000
Warning: ftgmac@1e690000 (eth3) using random MAC address - 12:97:4f:37:ee:82
, eth3: ftgmac@1e690000
Hit any key to stop autoboot:  2
Hit any key to stop autoboot:  1
Hit any key to stop autoboot:  0
## Loading kernel from FIT Image at 83000000 ...
   Using 'conf-aspeed-ast2600-evb.dtb' configuration
   Verifying Hash Integrity ... OK
   Trying 'kernel-1' kernel subimage
     Description:  Linux kernel
     Type:         Kernel Image
     Compression:  uncompressed
     Data Start:   0x83000118
     Data Size:    4356096 Bytes = 4.2 MiB
     Architecture: ARM
     OS:           Linux
     Load Address: 0x80001000
     Entry Point:  0x80001000
     Hash algo:    sha256
     Hash value:   498f2edc9b54b9654f1e08c4c64029d9d331a2a2fc152b58c48e5f80bd361990
   Verifying Hash Integrity ... sha256+ OK
## Loading ramdisk from FIT Image at 83000000 ...
   Using 'conf-aspeed-ast2600-evb.dtb' configuration
   Verifying Hash Integrity ... OK
   Trying 'ramdisk-1' ramdisk subimage
     Description:  obmc-phosphor-initramfs
     Type:         RAMDisk Image
     Compression:  uncompressed
     Data Start:   0x834316e0
     Data Size:    1075724 Bytes = 1 MiB
     Architecture: ARM
     OS:           Linux
     Load Address: unavailable
     Entry Point:  unavailable
     Hash algo:    sha256
     Hash value:   75bf1053ff49799fd953f5e215b8b60e2185c91269680891f164b77852069391
   Verifying Hash Integrity ... sha256+ OK
## Loading fdt from FIT Image at 83000000 ...
   Using 'conf-aspeed-ast2600-evb.dtb' configuration
   Verifying Hash Integrity ... OK
   Trying 'fdt-aspeed-ast2600-evb.dtb' fdt subimage
     Description:  Flattened Device Tree blob
     Type:         Flat Device Tree
     Compression:  uncompressed
     Data Start:   0x83427a2c
     Data Size:    39909 Bytes = 39 KiB
     Architecture: ARM
     Hash algo:    sha256
     Hash value:   1c07953c2e9783ec2818ae1a2b305cddfc41a55e843c08a98a5161d16dbb3d93
   Verifying Hash Integrity ... sha256+ OK
   Booting using the fdt blob at 0x83427a2c
   Loading Kernel Image ... OK
   Loading Ramdisk to 8fef9000, end 8ffffa0c ... OK
   Loading Device Tree to 8feec000, end 8fef8be4 ... OK
Starting kernel ...
[    0.000000] Booting Linux on physical CPU 0xf00
[    0.000000] Linux version 6.18.6-5067503-00093-g506750378712 (oe-user@oe-host) (arm-openbmc-linux-gnueabi-gcc (GCC) 15.1.0, GNU ld (GNU Binutils) 2.44.0.20250429) #1 SMP Sun Jan 18 23:40:04 UTC 2026
[    0.000000] CPU: ARMv7 Processor [410fc075] revision 5 (ARMv7), cr=10c5387d
[    0.000000] CPU: div instructions available: patching division code
[    0.000000] CPU: PIPT / VIPT nonaliasing data cache, VIPT aliasing instruction cache
[    0.000000] OF: fdt: Machine model: AST2600 EVB
[    0.000000] Memory policy: Data cache writealloc
[    0.000000] Reserved memory: created CMA memory pool at 0xbb000000, size 64 MiB
[    0.000000] OF: reserved mem: initialized node video, compatible id shared-dma-pool
[    0.000000] OF: reserved mem: 0xbb000000..0xbeffffff (65536 KiB) map reusable video
[    0.000000] Reserved memory: created CMA memory pool at 0xba000000, size 16 MiB
[    0.000000] OF: reserved mem: initialized node framebuffer, compatible id shared-dma-pool
[    0.000000] OF: reserved mem: 0xba000000..0xbaffffff (16384 KiB) map reusable framebuffer
[    0.000000] cma: Reserved 16 MiB at 0xb9000000
[    0.000000] Zone ranges:
[    0.000000]   Normal   [mem 0x0000000080000000-0x00000000beffffff]
[    0.000000]   HighMem  empty
[    0.000000] Movable zone start for each node
[    0.000000] Early memory node ranges
[    0.000000]   node   0: [mem 0x0000000080000000-0x00000000beffffff]
[    0.000000] Initmem setup node 0 [mem 0x0000000080000000-0x00000000beffffff]
[    0.000000] percpu: Embedded 16 pages/cpu s44684 r0 d20852 u65536
[    0.000000] Kernel command line: console=ttyS4,115200n8 root=/dev/ram rw
[    0.000000] printk: log buffer data + meta data: 65536 + 204800 = 270336 bytes
[    0.000000] Dentry cache hash table entries: 131072 (order: 7, 524288 bytes, linear)
[    0.000000] Inode-cache hash table entries: 65536 (order: 6, 262144 bytes, linear)
[    0.000000] Built 1 zonelists, mobility grouping on.  Total pages: 258048
[    0.000000] mem auto-init: stack:all(zero), heap alloc:off, heap free:off
[    0.000000] SLUB: HWalign=64, Order=0-3, MinObjects=0, CPUs=2, Nodes=1
[    0.000000] ftrace: allocating 32611 entries in 64 pages
[    0.000000] ftrace: allocated 64 pages with 1 groups
[    0.000000] rcu: Hierarchical RCU implementation.
[    0.000000] rcu:     RCU event tracing is enabled.
[    0.000000]  Rude variant of Tasks RCU enabled.
[    0.000000]  Tracing variant of Tasks RCU enabled.
[    0.000000] rcu: RCU calculated value of scheduler-enlistment delay is 10 jiffies.
[    0.000000] RCU Tasks Rude: Setting shift to 1 and lim to 1 rcu_task_cb_adjust=1 rcu_task_cpu_ids=2.
[    0.000000] RCU Tasks Trace: Setting shift to 1 and lim to 1 rcu_task_cb_adjust=1 rcu_task_cpu_ids=2.
[    0.000000] NR_IRQS: 16, nr_irqs: 16, preallocated irqs: 16
[    0.000000] rcu: srcu_init: Setting srcu_struct sizes based on contention.
[    0.000000] arch_timer: cp15 timer running at 1200.00MHz (phys).
[    0.000000] clocksource: arch_sys_counter: mask: 0x1fffffffffffffff max_cycles: 0x114c1bbbeec, max_idle_ns: 440795229572 ns
[    0.000220] sched_clock: 61 bits at 1200MHz, resolution 0ns, wraps every 2199023255551ns
[    0.000541] Switching to timer-based delay loop, resolution 0ns
[    0.019507] Calibrating delay loop (skipped), value calculated using timer frequency.. 2400.00 BogoMIPS (lpj=12000000)
[    0.020475] CPU: Testing write buffer coherency: ok
[    0.024843] pid_max: default: 32768 minimum: 301
[    0.043428] Mount-cache hash table entries: 2048 (order: 1, 8192 bytes, linear)
[    0.043606] Mountpoint-cache hash table entries: 2048 (order: 1, 8192 bytes, linear)
[    0.134475] Setting up static identity map for 0x80100000 - 0x80100060
[    0.137048] rcu: Hierarchical SRCU implementation.
[    0.137145] rcu:     Max phase no-delay instances is 1000.
[    0.140387] Timer migration: 1 hierarchy levels; 8 children per group; 1 crossnode level
[    0.147701] ASPEED AST2600 rev A3 (05030303)
[    0.150831] smp: Bringing up secondary CPUs ...
[    0.172326] smp: Brought up 1 node, 2 CPUs
[    0.172486] SMP: Total of 2 processors activated (4800.00 BogoMIPS).
[    0.172616] CPU: All CPU(s) started in SVC mode.
[    0.191602] Memory: 905028K/1032192K available (10240K kernel code, 880K rwdata, 2192K rodata, 1024K init, 181K bss, 25836K reserved, 98304K cma-reserved, 0K highmem)
[    0.208235] devtmpfs: initialized
[    0.280338] VFP support v0.3: implementor 41 architecture 2 part 30 variant 7 rev 5
[    0.333925] clocksource: jiffies: mask: 0xffffffff max_cycles: 0xffffffff, max_idle_ns: 19112604462750000 ns
[    0.335504] posixtimers hash table entries: 1024 (order: 1, 8192 bytes, linear)
[    0.335982] futex hash table entries: 512 (32768 bytes on 1 NUMA nodes, total 32 KiB, linear).
[    0.353346] pinctrl core: initialized pinctrl subsystem
[    0.381614] NET: Registered PF_NETLINK/PF_ROUTE protocol family
[    0.401909] DMA: preallocated 256 KiB pool for atomic coherent allocations
[    0.413623] hw-breakpoint: found 5 (+1 reserved) breakpoint and 4 watchpoint registers.
[    0.413815] hw-breakpoint: maximum watchpoint size is 8 bytes.
[    0.478670] /ahb/interrupt-controller@40461000: Fixed dependency cycle(s) with /ahb/interrupt-controller@40461000
[    0.602374] AST2600 secure boot disabled
[    0.608836] SCSI subsystem initialized
[    0.611309] usbcore: registered new interface driver usbfs
[    0.611809] usbcore: registered new interface driver hub
[    0.612191] usbcore: registered new device driver usb
[    0.613213] mc: Linux media interface: v0.10
[    0.613475] videodev: Linux video capture interface: v2.00
[    0.613795] pps_core: LinuxPPS API ver. 1 registered
[    0.613840] pps_core: Software ver. 5.3.6 - Copyright 2005-2007 Rodolfo Giometti <giometti@linux.it>
[    0.614007] PTP clock support registered
[    0.614175] EDAC MC: Ver: 3.0.0
[    0.637620] mctp: management component transport protocol core
[    0.637695] NET: Registered PF_MCTP protocol family
[    0.670629] clocksource: Switched to clocksource arch_sys_counter
[    0.706139] NET: Registered PF_INET protocol family
[    0.708341] IP idents hash table entries: 16384 (order: 5, 131072 bytes, linear)
[    0.717438] tcp_listen_portaddr_hash hash table entries: 512 (order: 0, 4096 bytes, linear)
[    0.717627] Table-perturb hash table entries: 65536 (order: 6, 262144 bytes, linear)
[    0.717798] TCP established hash table entries: 8192 (order: 3, 32768 bytes, linear)
[    0.718135] TCP bind hash table entries: 8192 (order: 5, 131072 bytes, linear)
[    0.718518] TCP: Hash tables configured (established 8192 bind 8192)
[    0.720763] UDP hash table entries: 512 (order: 3, 28672 bytes, linear)
[    0.721201] UDP-Lite hash table entries: 512 (order: 3, 28672 bytes, linear)
[    0.724080] NET: Registered PF_UNIX/PF_LOCAL protocol family
[    0.745821] Unpacking initramfs...
[    0.755502] workingset: timestamp_bits=30 max_order=18 bucket_order=0
[    0.772501] squashfs: version 4.0 (2009/01/31) Phillip Lougher
[    0.776143] jffs2: version 2.2. (SUMMARY)  © 2001-2006 Red Hat, Inc.
[    0.806338] NET: Registered PF_ALG protocol family
[    0.807507] Block layer SCSI generic (bsg) driver version 0.4 loaded (major 247)
[    0.808263] io scheduler bfq registered
[    0.912468] Serial: 8250/16550 driver, 6 ports, IRQ sharing enabled
[    0.960418] printk: legacy console [ttyS4] disabled
[    0.990590] 1e784000.serial: ttyS4 at MMIO 0x1e784000 (irq = 33, base_baud = 1500000) is a 16550A
[    0.995784] printk: legacy console [ttyS4] enabled
[    1.119360] timeriomem_rng 1e6e2524.hwrng: 32bits from 0x(ptrval) @ 1us
[    1.132805] aspeed_gfx 1e6e6000.display: assigned reserved memory node framebuffer
[    1.171827] [drm] Initialized aspeed-gfx-drm 1.0.0 for 1e6e6000.display on minor 0
[    1.175040] cacheinfo: Unable to detect cache hierarchy for CPU 0
[    1.178464] random: crng init done
[    1.250104] loop: module loaded
[    1.250104] loop: module loaded
[    1.444159] spi-aspeed-smc 1e620000.spi: CE0 read buswidth:4 [0x406c0641]
[    1.458060] 5 fixed-partitions partitions found on MTD device bmc
[    1.459212] Creating 5 MTD partitions on "bmc":
[    1.460684] 0x000000000000-0x0000000e0000 : "u-boot"
[    1.468264] 0x0000000e0000-0x000000100000 : "u-boot-env"
[    1.475502] 0x000000100000-0x000000a00000 : "kernel"
[    1.482353] 0x000000a00000-0x000002a00000 : "rofs"
[    1.489136] 0x000002a00000-0x000004000000 : "rwfs"
[    1.518198] spi-aspeed-smc 1e630000.spi: Calibration area too uniform, using low speed
[    1.519184] spi-aspeed-smc 1e630000.spi: CE0 read buswidth:4 [0x406c0041]
[    1.562960] ftgmac100 1e660000.ethernet: Read MAC address 7e:a4:bf:c0:cd:30 from chip
[    1.567353] RTL8211E Gigabit Ethernet 1e650000.mdio-1:00: attached PHY driver (mii_bus:phy_addr=1e650000.mdio-1:00, irq=POLL)
[    1.574270] ftgmac100 1e660000.ethernet eth0: irq 35, mapped at 67819c6f
[    1.577374] ftgmac100 1e680000.ethernet: Read MAC address 66:5b:68:da:6c:82 from chip
[    1.579188] RTL8211E Gigabit Ethernet 1e650008.mdio-1:00: attached PHY driver (mii_bus:phy_addr=1e650008.mdio-1:00, irq=POLL)
[    1.584006] ftgmac100 1e680000.ethernet eth1: irq 36, mapped at 86329baf
[    1.586750] ftgmac100 1e670000.ethernet: Read MAC address f6:35:e3:87:88:7c from chip
[    1.588665] RTL8211E Gigabit Ethernet 1e650010.mdio-1:00: attached PHY driver (mii_bus:phy_addr=1e650010.mdio-1:00, irq=POLL)
[    1.592367] ftgmac100 1e670000.ethernet eth2: irq 37, mapped at 598de9ce
[    1.595390] ftgmac100 1e690000.ethernet: Read MAC address 12:97:4f:37:ee:82 from chip
[    1.597847] RTL8211E Gigabit Ethernet 1e650018.mdio-1:00: attached PHY driver (mii_bus:phy_addr=1e650018.mdio-1:00, irq=POLL)
[    1.602272] ftgmac100 1e690000.ethernet eth3: irq 38, mapped at 6aea4fc8
[    1.603535] MCTP I2C interface driver
[    1.604553] usbcore: registered new interface driver mctp-usb
[    1.610895] usbcore: registered new interface driver usb-storage
[    1.647020] ehci-platform 1e6a3000.usb: EHCI Host Controller
[    1.648408] ehci-platform 1e6a3000.usb: new USB bus registered, assigned bus number 1
[    1.662897] aspeed_vhub 1e6a0000.usb-vhub: Initialized virtual hub in USB2 mode
[    1.675603] aspeed-rtc 1e781000.rtc: registered as rtc0
[    1.676375] aspeed-rtc 1e781000.rtc: hctosys: unable to read the hardware clock
[    1.678970] i2c_dev: i2c /dev entries driver
[    1.691141] ehci-platform 1e6a3000.usb: irq 39, io mem 0x1e6a3000
[    1.693725] aspeed-i2c-bus 1e78a080.i2c: i2c bus 0 registered, irq 41
[    1.700772] aspeed-i2c-bus 1e78a100.i2c: i2c bus 1 registered, irq 42
[    1.706113] aspeed-i2c-bus 1e78a180.i2c: i2c bus 2 registered, irq 43
[    1.710300] ehci-platform 1e6a3000.usb: USB 2.0 started, EHCI 1.00
[    1.715185] aspeed-i2c-bus 1e78a200.i2c: i2c bus 3 registered, irq 44
[    1.722455] aspeed-i2c-bus 1e78a280.i2c: i2c bus 4 registered, irq 45
[    1.726922] aspeed-i2c-bus 1e78a300.i2c: i2c bus 5 registered, irq 46
[    1.732002] usb usb1: New USB device found, idVendor=1d6b, idProduct=0002, bcdDevice= 6.18
[    1.733349] usb usb1: New USB device strings: Mfr=3, Product=2, SerialNumber=1
[    1.734472] usb usb1: Product: EHCI Host Controller
[    1.735020] usb usb1: Manufacturer: Linux 6.18.6-5067503-00093-g506750378712 ehci_hcd
[    1.735979] usb usb1: SerialNumber: 1e6a3000.usb
[    1.738387] aspeed-i2c-bus 1e78a380.i2c: i2c bus 6 registered, irq 47
[    1.745562] hub 1-0:1.0: USB hub found
[    1.747026] hub 1-0:1.0: 6 ports detected
[    1.771592] at24 7-0050: 1024 byte 24c08 EEPROM, writable, 16 bytes/write
[    1.773136] aspeed-i2c-bus 1e78a400.i2c: i2c bus 7 registered, irq 48
[    1.773136] aspeed-i2c-bus 1e78a400.i2c: i2c bus 7 registered, irq 48
[    1.792175] aspeed-i2c-bus 1e78a480.i2c: i2c bus 8 registered, irq 49
[    1.794048] Freeing initrd memory: 1052K
[    1.796376] aspeed-i2c-bus 1e78a500.i2c: i2c bus 9 registered, irq 50
[    1.799958] aspeed-i2c-bus 1e78a680.i2c: i2c bus 12 registered, irq 51
[    1.804238] aspeed-i2c-bus 1e78a700.i2c: i2c bus 13 registered, irq 52
[    1.807881] aspeed-i2c-bus 1e78a780.i2c: i2c bus 14 registered, irq 53
[    1.818879] aspeed-i2c-bus 1e78a800.i2c: i2c bus 15 registered, irq 54
[    1.827500] aspeed-video 1e700000.video: irq 55
[    1.828960] aspeed-video 1e700000.video: assigned reserved memory node video
[    1.839206] aspeed-video 1e700000.video: alloc mem size(24576) at 0xbb000000 for jpeg header
[    1.850499] Driver for 1-wire Dallas network protocol.
[    1.863106] lm75 8-004d: hwmon0: sensor 'lm75'
[    1.870052] device-mapper: ioctl: 4.50.0-ioctl (2025-04-28) initialised: dm-devel@lists.linux.dev
[    1.874813] aspeed-edac 1e6e0000.sdram: ECC mode is not configured in u-boot
[    1.876039] aspeed-edac 1e6e0000.sdram: probe with driver aspeed-edac failed with error -1
[    1.882601] sdhci: Secure Digital Host Controller Interface driver
[    1.883144] sdhci: Copyright(c) Pierre Ossman
[    1.883544] sdhci-pltfm: SDHCI platform and OF driver helper
[    1.898623] NET: Registered PF_INET6 protocol family
[    1.898623] NET: Registered PF_INET6 protocol family
[    1.918074] sdhci-aspeed 1e750100.sdhci: Configured for slot 0
[    1.931562] Segment Routing with IPv6
[    1.932654] In-situ OAM (IOAM) with IPv6
[    1.934571] NET: Registered PF_PACKET protocol family
[    1.935062] 8021q: 802.1Q VLAN Support v1.8
[    1.936898] Registering SWP/SWPB emulation handler
[    2.041772] sdhci-aspeed 1e740200.sdhci: Configured for slot 1
[    2.047479] sdhci-aspeed 1e740100.sdhci: Configured for slot 0
[    2.050299] netconsole: network logging started
[    2.056331] clk: Disabling unused clocks
[    2.076348] mmc0: SDHCI controller on 1e750100.sdhci [1e750100.sdhci] using ADMA
DMA                                                                             [    2.100583] mmc1: SDHCI controller on 1e740200.sdhci [1e740200.sdhci] using A
DMA
[    2.113660] mmc2: SDHCI controller on 1e740100.sdhci [1e740100.sdhci] using ADMA
[    2.182380] Freeing unused kernel image (initmem) memory: 1024K
[    2.236364] Run /init as init process
rofs = mtd4 squashfs   rwfs = mtd5 jffs2
[    2.289078] mmc0: Failed to initialize a non-removable card
[    5.657103] jffs2: notice: (125) jffs2_build_xattr_subsystem: complete building xattr subsystem, 25 of xdatum (17 unchecked, 7 orphan) and 31 of xref (6 dead, 2 orphan) found.
Sun Feb 15 12:58:28 UTC 2026
Sun Feb 15 12:58:28 UTC 2026
[    6.649443] overlayfs: upper fs does not support tmpfile.
[    6.700338] overlayfs: upper fs does not support RENAME_WHITEOUT.
[   10.941080] systemd[1]: System time advanced to timestamp on /var/lib/systemd/timesync/clock: Sun 2026-02-15 13:00:15 UTC
p
p[   11.556406] systemd[1]: systemd 257.5 running in system mode (+PAM -AUDIT -SELINUX -APPARMOR -IMA +IPE -SMACK +SECCOMP -GCRYPT -GNUTLS -OPENSSL -ACL +BLKID -CURL -ELFUTILS -FIDO2 -IDN2 -IDN -IPTC -KMOD -LIBCRYPTSETUP -LIBCRYPTSETUP_PLUGINS +LIBFDISK -PCRE2 -PWQUALITY -P11KIT -QRENCODE -TPM2 -BZIP2 -LZ4 -XZ -ZLIB +ZSTD -BPF_FRAMEWORK -BTF -XKBCOMMON -UTMP -SYSVINIT -LIBARCHIVE)
[   11.571946] systemd[1]: Detected architecture arm.
Welcome to Phosphor OpenBMC (Phosphor OpenBMC Project Reference Distro) 3.0.0-dev!
v!
[   11.645471] systemd[1]: Hostname set to <evb-ast2600>.
[   12.207538] systemd[1]: Using hardware watchdog 'aspeed_wdt', version 0, device /dev/watchdog0
[   12.216681] systemd[1]: Watchdog running with a hardware timeout of 2min.
[   12.227927] systemd[1]: Watchdog: reading from /sys/dev/char/248:0/pretimeout_governor
[   12.245873] systemd[1]: Watchdog: failed to read pretimeout governor: No such file or directory
[   12.249187] systemd[1]: Watchdog: setting pretimeout_governor to 'panic' via '/sys/dev/char/248:0/pretimeout_governor'
[   12.253069] systemd[1]: Failed to set watchdog pretimeout_governor to 'panic': No such file or directory
[   12.257979] systemd[1]: Failed to set watchdog pretimeout governor to 'panic', ignoring: No such file or directory
, ignoring: No such file or directory                                           [   20.106296] systemd[1]: /usr/lib/systemd/system/bmcweb.service:14: StateDirec
tory= path is absolute, ignoring: /home/root
[   25.702960] systemd[1]: Queued start job for default target Multi-User System.
[   25.836332] systemd[1]: Created slice Slice /system/getty.
[   25.836332] systemd[1]: Created slice Slice /system/getty.
[  OK  ] Created slice Slice /system/getty.
[   25.883604] systemd[1]: Created slice Slice /system/mapper-wait.
[   25.883604] systemd[1]: Created slice Slice /system/mapper-wait.
[  OK  ] Created slice Slice /system/mapper-wait.
[   25.911264] systemd[1]: Created slice Slice /system/modprobe.
[   25.911264] systemd[1]: Created slice Slice /system/modprobe.
[  OK  ] Created slice Slice /system/modprobe.
[  OK  ] Created slice Slice /system/modprobe.
[   25.932209] systemd[1]: Created slice Slice /system/obmc-led-group-start.
[  OK  ] Created slice Slice /system/modprobe.                                  [   25.932209] systemd[1]: Created slice Slice /system/obmc-led-group-start.
[  OK  ] Created slice Slice /system/obmc-led-group-start.
[   25.953140] systemd[1]: Created slice Slice /system/phosphor-certificate-manager.
[   25.953140] systemd[1]: Created slice Slice /system/phosphor-certificate-manager.
[  OK  ] Created slice Slice /system/phosphor-certificate-manager.
[  OK  ] Created slice Slice /system/phosphor-certificate-manager.              [   25.974591] systemd[1]: Created slice Slice /system/phosphor-discover-system-
state.
[   25.974591] systemd[1]: Created slice Slice /system/phosphor-discover-system-state.
[  OK  ] Created slice Slice /system/phosphor-discover-system-state.
[   25.996268] systemd[1]: Created slice Slice /system/phosphor-ipmi-net.
[   25.996268] systemd[1]: Created slice Slice /system/phosphor-ipmi-net.
[  OK  ] Created slice Slice /system/phosphor-ipmi-net.
[   26.017135] systemd[1]: Created slice Slice /system/phosphor-reset-chassis-on.
[   26.017135] systemd[1]: Created slice Slice /system/phosphor-reset-chassis-on.
[  OK  ] Created slice Slice /system/phosphor-reset-chassis-on.
[   26.038632] systemd[1]: Created slice Slice /system/phosphor-reset-chassis-running.
[   26.038632] systemd[1]: Created slice Slice /system/phosphor-reset-chassis-running.
[  OK  ] Created slice Slice /system/phosphor-reset-chassis-running.
[   26.059465] systemd[1]: Created slice Slice /system/phosphor-reset-host-running.
[   26.059465] systemd[1]: Created slice Slice /system/phosphor-reset-host-running.
[  OK  ] Created slice Slice /system/phosphor-reset-host-running.
[   26.080506] systemd[1]: Created slice Slice /system/serial-getty.
[   26.080506] systemd[1]: Created slice Slice /system/serial-getty.
[  OK  ] Created slice Slice /system/serial-getty.
[   26.101041] systemd[1]: Created slice Slice /system/xyz.openbmc_project.State.Chassis.
[   26.101041] systemd[1]: Created slice Slice /system/xyz.openbmc_project.State.Chassis.
[  OK  ] Created slice Slice /system/xyz.openbmc_project.State.Chassis.
[   26.123259] systemd[1]: Created slice Slice /system/xyz.openbmc_project.State.Host.
[   26.123259] systemd[1]: Created slice Slice /system/xyz.openbmc_project.State.Host.
[  OK  ] Created slice Slice /system/xyz.openbmc_project.State.Host.
[   26.136117] systemd[1]: Started Dispatch Password Requests to Console Directory Watch.
[   26.136117] systemd[1]: Started Dispatch Password Requests to Console Directory Watch.
[  OK  ] Started Dispatch Password Requests to Console Directory Watch.
[   26.145689] systemd[1]: Started Forward Password Requests to Wall Directory Watch.
[   26.145689] systemd[1]: Started Forward Password Requests to Wall Directory Watch.
[  OK  ] Started Forward Password Requests to Wall Directory Watch.
[   26.153759] systemd[1]: Expecting device /dev/ttyS4...
[   26.153759] systemd[1]: Expecting device /dev/ttyS4...
         Expecting device /dev/ttyS4...
[   26.159384] systemd[1]: Expecting device /sys/subsystem/net/devices/eth0...
[   26.159384] systemd[1]: Expecting device /sys/subsystem/net/devices/eth0...
         Expecting device /sys/subsystem/net/devices/eth0...
[   26.166096] systemd[1]: Reached target MCTP local network configuration.
         Expecting device /sys/subsystem/net/devices/eth0...                    [   26.166096] systemd[1]: Reached target MCTP local network configuration.
[  OK  ] Reached target MCTP local network configuration.
[   26.172095] systemd[1]: Reached target Host0 running after reset.
[   26.172095] systemd[1]: Reached target Host0 running after reset.
[  OK  ] Reached target Host0 running after reset.
[   26.177715] systemd[1]: Reached target Path Units.
[   26.177715] systemd[1]: Reached target Path Units.
[  OK  ] Reached target Path Units.
[   26.183412] systemd[1]: Reached target Remote File Systems.
[   26.183412] systemd[1]: Reached target Remote File Systems.
[  OK  ] Reached target Remote File Systems.
[   26.188678] systemd[1]: Reached target Slice Units.
[   26.188678] systemd[1]: Reached target Slice Units.
[  OK  ] Reached target Slice Units.
[   26.194374] systemd[1]: Reached target Swaps.
[   26.194374] systemd[1]: Reached target Swaps.
[  OK  ] Reached target Swaps.
[   26.208771] systemd[1]: syslog.socket: SO_PASSSEC failed: Operation not supported
[   26.212627] systemd[1]: Listening on Syslog Socket.
[   26.212627] systemd[1]: Listening on Syslog Socket.
[  OK  ] Listening on Syslog Socket.
[  OK  ] Listening on Syslog Socket.
[   26.274354] systemd[1]: Listening on Process Core Dump Socket.
[   26.274354] systemd[1]: Listening on Process Core Dump Socket.
[  OK  ] Listening on Process Core Dump Socket.
[   26.314761] systemd[1]: Listening on Credential Encryption/Decryption.
[   26.314761] systemd[1]: Listening on Credential Encryption/Decryption.
[  OK  ] Listening on Credential Encryption/Decryption.
[   26.330590] systemd[1]: Journal Audit Socket was skipped because of an unmet condition check (ConditionSecurity=audit).
[   26.336164] systemd[1]: systemd-journald-dev-log.socket: SO_PASSSEC failed: Operation not supported
[   26.341011] systemd[1]: Listening on Journal Socket (/dev/log).
[   26.341011] systemd[1]: Listening on Journal Socket (/dev/log).
[  OK  ] Listening on Journal Socket (/dev/log).
[   26.348963] systemd[1]: systemd-journald.socket: SO_PASSSEC failed: Operation not supported
[   26.352404] systemd[1]: systemd-journald.socket: SO_PASSSEC failed: Operation not supported
[   26.354375] systemd[1]: Listening on Journal Sockets.
[   26.354375] systemd[1]: Listening on Journal Sockets.
[  OK  ] Listening on Journal Sockets.
[   26.366095] systemd[1]: Listening on Network Service Netlink Socket.
[   26.366095] systemd[1]: Listening on Network Service Netlink Socket.
[  OK  ] Listening on Network Service Netlink Socket.
[   26.377706] systemd[1]: Listening on udev Control Socket.
[   26.377706] systemd[1]: Listening on udev Control Socket.
[  OK  ] Listening on udev Control Socket.
[   26.386207] systemd[1]: Listening on udev Kernel Socket.
[   26.386207] systemd[1]: Listening on udev Kernel Socket.
[  OK  ] Listening on udev Kernel Socket.
[  OK  ] Listening on udev Kernel Socket.                                       [   26.397623] systemd[1]: Huge Pages File System was skipped because of an unme
t condition check (ConditionPathExists=/sys/kernel/mm/hugepages).
[   26.405385] systemd[1]: POSIX Message Queue File System was skipped because of an unmet condition check (ConditionPathExists=/proc/sys/fs/mqueue).
[   26.571491] systemd[1]: Mounting Kernel Debug File System...
[   26.571491] systemd[1]: Mounting Kernel Debug File System...
         Mounting Kernel Debug File System...
[   26.633139] systemd[1]: Mounting Kernel Trace File System...
[   26.633139] systemd[1]: Mounting Kernel Trace File System...
         Mounting Kernel Trace File System...
[   26.733004] systemd[1]: Mounting Temporary Directory /tmp...
[   26.733004] systemd[1]: Mounting Temporary Directory /tmp...
         Mounting Temporary Directory /tmp...
[   26.855249] systemd[1]: Starting Load Kernel Module configfs...
[   26.855249] systemd[1]: Starting Load Kernel Module configfs...
         Starting Load Kernel Module configfs...
[   26.995836] systemd[1]: Starting Load Kernel Module efi_pstore...
[   26.995836] systemd[1]: Starting Load Kernel Module efi_pstore...
         Starting Load Kernel Module efi_pstore...
[   27.125546] systemd[1]: Starting Load Kernel Module fuse...
[   27.125546] systemd[1]: Starting Load Kernel Module fuse...
         Starting Load Kernel Module fuse...
[   27.157462] systemd[1]: File System Check on Root Device was skipped because of an unmet condition check (ConditionPathIsReadWrite=!/).
[   27.620989] systemd[1]: Starting Journal Service...
[   27.620989] systemd[1]: Starting Journal Service...
         Starting Journal Service...
[   28.125775] systemd[1]: Starting Generate network units from Kernel command line...
[   28.125775] systemd[1]: Starting Generate network units from Kernel command line...
         Starting Generate network units from Kernel command line...
[   28.799100] systemd[1]: Starting Remount Root and Kernel File Systems...
[   28.799100] systemd[1]: Starting Remount Root and Kernel File Systems...
         Starting Remount Root and Kernel File Systems...
[   28.963021] systemd[1]: Starting Apply Kernel Variables...
[   28.963021] systemd[1]: Starting Apply Kernel Variables...
         Starting Apply Kernel Variables...
[   29.095715] systemd[1]: Starting Create Static Device Nodes in /dev gracefully...
y...
         Starting Create Static Device Nodes in /dev gracefully...
[   29.235417] systemd[1]: Starting Load udev Rules from Credentials...
[   29.235417] systemd[1]: Starting Load udev Rules from Credentials...
         Starting Load udev Rules from Credentials...
[   29.433662] systemd[1]: Starting Coldplug All udev Devices...
[   29.433662] systemd[1]: Starting Coldplug All udev Devices...
         Starting Coldplug All udev Devices...
[   31.636022] systemd-journald[159]: Collecting audit messages is disabled.
[   31.636022] systemd-journald[159]: Collecting audit messages is disabled.
[   32.153144] systemd[1]: Mounted Kernel Debug File System.
[   32.153144] systemd[1]: Mounted Kernel Debug File System.
[   32.153144] systemd[1]: Mounted Kernel Debug File System.
[  OK  ] Mounted Kernel Debug File System.
[   32.250084] systemd[1]: Mounted Kernel Trace File System.
[   32.250084] systemd[1]: Mounted Kernel Trace File System.
[  OK  ] Mounted Kernel Trace File System.
[   32.289037] systemd[1]: Mounted Temporary Directory /tmp.
[   32.289037] systemd[1]: Mounted Temporary Directory /tmp.
[   32.289037] systemd[1]: Mounted Temporary Directory /tmp.
[  OK  ] Mounted Temporary Directory /tmp.
[  OK  ] Mounted Temporary Directory /tmp.
[   32.381390] systemd[1]: modprobe@configfs.service: Deactivated successfully.
[   32.433615] systemd[1]: Finished Load Kernel Module configfs.
[   32.433615] systemd[1]: Finished Load Kernel Module configfs.
[  OK  ] Finished Load Kernel Module configfs.
[   32.503795] systemd[1]: modprobe@efi_pstore.service: Deactivated successfully.
[   32.522213] systemd[1]: Finished Load Kernel Module efi_pstore.
[   32.522213] systemd[1]: Finished Load Kernel Module efi_pstore.
[  OK  ] Finished Load Kernel Module efi_pstore.
[   32.548006] systemd[1]: modprobe@fuse.service: Deactivated successfully.
[   32.560817] systemd[1]: Finished Load Kernel Module fuse.
[   32.560817] systemd[1]: Finished Load Kernel Module fuse.
[  OK  ] Finished Load Kernel Module fuse.
[   32.595643] systemd[1]: Finished Generate network units from Kernel command line.
[   32.595643] systemd[1]: Finished Generate network units from Kernel command line.
[  OK  ] Finished Generate network units from Kernel command line.
[   32.692046] systemd[1]: Finished Remount Root and Kernel File Systems.
[   32.692046] systemd[1]: Finished Remount Root and Kernel File Systems.
[  OK  ] Finished Remount Root and Kernel File Systems.
[   32.736168] systemd[1]: Finished Apply Kernel Variables.
[   32.736168] systemd[1]: Finished Apply Kernel Variables.
[  OK  ] Finished Apply Kernel Variables.
[   32.800681] systemd[1]: Finished Create Static Device Nodes in /dev gracefully.
[   32.800681] systemd[1]: Finished Create Static Device Nodes in /dev gracefully.
[  OK  ] Finished Create Static Device Nodes in /dev gracefully.
[   32.858629] systemd[1]: Finished Load udev Rules from Credentials.
[   32.858629] systemd[1]: Finished Load udev Rules from Credentials.
[  OK  ] Finished Load udev Rules from Credentials.
[   32.937704] systemd[1]: Reached target Preparation for Network.
[   32.937704] systemd[1]: Reached target Preparation for Network.
[  OK  ] Reached target Preparation for Network.
[   32.972431] systemd[1]: FUSE Control File System was skipped because of an unmet condition check (ConditionPathExists=/sys/fs/fuse/connections).
[   33.178802] systemd[1]: Mounting Kernel Configuration File System...
[   33.178802] systemd[1]: Mounting Kernel Configuration File System...
         Mounting Kernel Configuration File System...
         Mounting Kernel Configuration File System...                           [   33.211058] systemd[1]: Rebuild Hardware Database was skipped because of an u
nmet condition check (ConditionNeedsUpdate=/etc).
[   33.219186] systemd[1]: Platform Persistent Storage Archival was skipped because of an unmet condition check (ConditionDirectoryNotEmpty=/sys/fs/pstore).
[   33.234313] systemd[1]: Create System Users was skipped because no trigger condition checks were met.
[   33.468161] systemd[1]: Starting Network Name Resolution...
[   33.468161] systemd[1]: Starting Network Name Resolution...
         Starting Network Name Resolution...
[   33.625798] systemd[1]: Starting Network Time Synchronization...
[   33.625798] systemd[1]: Starting Network Time Synchronization...
         Starting Network Time Synchronization...
         Starting Network Time Synchronization...
[   33.726009] systemd[1]: Starting Create Static Device Nodes in /dev...
[   33.726009] systemd[1]: Starting Create Static Device Nodes in /dev...
         Starting Create Static Device Nodes in /dev...
[   34.677424] systemd[1]: Mounted Kernel Configuration File System.
[   34.677424] systemd[1]: Mounted Kernel Configuration File System.
[  OK  ] Mounted Kernel Configuration File System.
[   35.889265] systemd[1]: Started Journal Service.
[   35.889265] systemd[1]: Started Journal Service.
[  OK  ] Started Journal Service.
[  OK  ] Started Journal Service.
         Starting Flush Journal to Persistent Storage...
         Starting Flush Journal to Persistent Storage...
[  OK  ] Finished Create Static Device Nodes in /dev.
         Starting Flush Journal to Persistent Storage...                        [  OK  ] Finished Create Static Device Nodes in /dev.
[  OK  ] Reached target Preparation for Local File Systems.
[   37.896318] systemd-journald[159]: Received client request to flush runtime journal.
[   38.022411] systemd-journald[159]: Failed to open system journal: Address family not supported by protocol
ily not supported by protocol
         Mounting /var/volatile...
         Mounting /var/volatile...
         Starting Rule-based Manager for Device Events and Files...
         Starting Rule-based Manager for Device Events and Files...
[  OK  ] Finished Flush Journal to Persistent Storage.
[  OK  ] Finished Flush Journal to Persistent Storage.
[  OK  ] Mounted /var/volatile.
[  OK  ] Mounted /var/volatile.
         Starting Load/Save OS Random Seed...
         Starting Load/Save OS Random Seed...
[  OK  ] Reached target Local File Systems.
[  OK  ] Reached target Local File Systems.
         Starting Create System Files and Directories...
         Starting Create System Files and Directories...
[  OK  ] Started Network Time Synchronization.
[  OK  ] Started Network Time Synchronization.
[  OK  ] Started Network Name Resolution.
[  OK  ] Started Network Name Resolution.
[  OK  ] Reached target Host and Network Name Lookups.
[  OK  ] Reached target Host and Network Name Lookups.
[  OK  ] Reached target System Time Set.
[  OK  ] Reached target System Time Set.
[  OK  ] Finished Load/Save OS Random Seed.
[  OK  ] Reached target System Time Set.                                        [  OK  ] Finished Load/Save OS Random Seed.
[  OK  ] Started Rule-based Manager for Device Events and Files.
[  OK  ] Started Rule-based Manager for Device Events and Files.
         Starting Network Configuration...
         Starting Network Configuration...
[  OK  ] Finished Create System Files and Directories.
         Starting Network Configuration...                                      [  OK  ] Finished Create System Files and Directories.
[  OK  ] Finished Create System Files and Directories.
[*     ] (1 of 4) A start job is running for /dev/ttyS4 (20s / 1min 30s)
[*     ] (1 of 4) A start job is running for /dev/ttyS4 (20s / 1min 30s)
[  OK  ] Finished Coldplug All udev Devices.
[  OK  ] Finished Coldplug All udev Devices.
[  OK  ] Finished Coldplug All udev Devices.
[  OK  ] Started Network Configuration.
[  OK  ] Started Network Configuration.                                         [   49.763521] ftgmac100 1e690000.ethernet eth3: Link is Up - 100Mbps/Full - flo
w control rx/tx
[   50.272496] ftgmac100 1e680000.ethernet eth1: Link is Up - 100Mbps/Full - flow control rx/tx
[   51.096918] ftgmac100 1e670000.ethernet eth2: Link is Up - 100Mbps/Full - flow control rx/tx
[   51.096918] ftgmac100 1e670000.ethernet eth2: Link is Up - 100Mbps/Full - flow control rx/tx
[**    ] (1 of 2) A start job is running for /dev/ttyS4 (25s / 1min 30s)
[   51.835268] ftgmac100 1e660000.ethernet eth0: Link is Up - 100Mbps/Full - flow control rx/tx
w control rx/tx
[**    ] (1 of 2) A start job is running for /dev/ttyS4 (25s / 1min 30s)        [   51.835268] ftgmac100 1e660000.ethernet eth0: Link is Up - 100Mbps/Full - flo
[***   ] (1 of 2) A start job is running for /dev/ttyS4 (27s / 1min 30s)
[***   ] (1 of 2) A start job is running for /dev/ttyS4 (27s / 1min 30s)
[**    ] (1 of 2) A start job is running for /dev/ttyS4 (25s / 1min 30s)        [   51.835268] ftgmac100 1e660000.ethernet eth0: Link is Up - 100Mbps/Full - flo
[ ***  ] (2 of 2) A start job is running for…/net/devices/eth0 (27s / 1min 30s)
[ ***  ] (2 of 2) A start job is running for…/net/devices/eth0 (27s / 1min 30s)
[**    ] (1 of 2) A start job is running for /dev/ttyS4 (25s / 1min 30s)        [   51.835268] ftgmac100 1e660000.ethernet eth0: Link is Up - 100Mbps/Full - flo
[  *** ] (2 of 2) A start job is running for…/net/devices/eth0 (28s / 1min 30s)
[  *** ] (2 of 2) A start job is running for…/net/devices/eth0 (28s / 1min 30s)
[**    ] (1 of 2) A start job is running for /dev/ttyS4 (25s / 1min 30s)        [   51.835268] ftgmac100 1e660000.ethernet eth0: Link is Up - 100Mbps/Full - flo
[   ***] (2 of 2) A start job is running for…/net/devices/eth0 (28s / 1min 30s)
[   ***] (2 of 2) A start job is running for…/net/devices/eth0 (28s / 1min 30s)
[  OK  ] Found device /dev/ttyS4.
[  OK  ] Found device /dev/ttyS4.
[  OK  ] Found device /dev/ttyS4.
[  OK  ] Found device /sys/subsystem/net/devices/eth0.
[  OK  ] Found device /sys/subsystem/net/devices/eth0.
[  OK  ] Created slice Slice /system/sysfs-led.
[  OK  ] Found device /sys/subsystem/net/devices/eth0.                          [  OK  ] Created slice Slice /system/sysfs-led.
[  OK  ] Created slice Slice /system/xyz.openbmc_project.Hwmon.
[  OK  ] Created slice Slice /system/xyz.openbmc_project.Hwmon.
[  OK  ] Reached target Network.
[  OK  ] Reached target Network.
[  OK  ] Reached target Hardware activated USB gadget.
[  OK  ] Reached target Hardware activated USB gadget.
         Starting Load Kernel Module efi_pstore...
         Starting Load Kernel Module efi_pstore...
         Starting Load Kernel Module fuse...
         Starting Load Kernel Module fuse...
         Starting Enable Persistent Storage in systemd-networkd...
         Starting Enable Persistent Storage in systemd-networkd...
         Starting Wait for Network to be Configured...
         Starting Wait for Network to be Configured...
[  OK  ] Finished Load Kernel Module efi_pstore.
[  OK  ] Finished Load Kernel Module efi_pstore.
[  OK  ] Finished Load Kernel Module fuse.
[  OK  ] Finished Load Kernel Module fuse.
[  OK  ] Reached target System Initialization.
[  OK  ] Reached target System Initialization.
[  OK  ] Started Daily rotation of log files.
[  OK  ] Started Daily rotation of log files.
[  OK  ] Started Daily Cleanup of Temporary Directories.
[  OK  ] Started Daily Cleanup of Temporary Directories.
[  OK  ] Reached target Timer Units.
[  OK  ] Started Daily Cleanup of Temporary Directories.                        [  OK  ] Reached target Timer Units.
[  OK  ] Listening on Avahi mDNS/DNS-SD Stack Activation Socket.
[  OK  ] Listening on Avahi mDNS/DNS-SD Stack Activation Socket.
[  OK  ] Listening on BMC Webserver socket.
[  OK  ] Listening on BMC Webserver socket.
[  OK  ] Listening on D-Bus System Message Bus Socket.
[  OK  ] Listening on D-Bus System Message Bus Socket.
[  OK  ] Listening on D-Bus System Message Bus Socket.
[  OK  ] Listening on dropbear.socket.
[  OK  ] Listening on D-Bus System Message Bus Socket.                          [  OK  ] Listening on dropbear.socket.
[  OK  ] Listening on Phosphor Host Console SSH Per-Connection socket.
[  OK  ] Listening on Phosphor Host Console SSH Per-Connection socket.
[  OK  ] Listening on phosphor-ipmi-net@eth0.socket.
[  OK  ] Listening on phosphor-ipmi-net@eth0.socket.
[  OK  ] Listening on Hostname Service Socket.
[  OK  ] Listening on Hostname Service Socket.
[  OK  ] Reached target Socket Units.
[  OK  ] Reached target Socket Units.
[  OK  ] Reached target Basic System.
[  OK  ] Reached target Basic System.
         Starting Avahi mDNS/DNS-SD Stack...
         Starting Avahi mDNS/DNS-SD Stack...
[  OK  ] Started Start bmcweb server.
[  OK  ] Started Start bmcweb server.
         Starting Clear one time boot overrides...
         Starting Clear one time boot overrides...
         Starting Clear one time boot overrides...
         Starting SSH Key Generation...
         Starting SSH Key Generation...
         Starting MCTP control protocol daemon...
         Starting MCTP control protocol daemon...
[  OK  ] Started Phosphor Dump core monitor..
[  OK  ] Started Phosphor Dump core monitor..
         Starting OpenBMC ipKVM daemon...
[  OK  ] Started Phosphor Dump core monitor..                                            Starting OpenBMC ipKVM daemon...
[  OK  ] Started Phosphor certificate manager for authority.
         Starting OpenBMC ipKVM daemon...                                       [  OK  ] Started Phosphor certificate manager for authority.
[  OK  ] Started Phosphor certificate manager for bmcweb.
[  OK  ] Started Phosphor certificate manager for bmcweb.
[  OK  ] Started Phosphor certificate manager for nslcd.
[  OK  ] Started Phosphor certificate manager for nslcd.
         Starting BMC health monitoring...
         Starting BMC health monitoring...
         Starting Phosphor Sysfs LED Controller...
         Starting Phosphor Sysfs LED Controller...
         Starting Daemon to control service configuration...
         Starting Daemon to control service configuration...
         Starting Permit User Sessions...
         Starting Permit User Sessions...
         Starting Enable Linux trace events in the boot loader...
         Starting Enable Linux trace events in the boot loader...
         Starting Phosphor Dump Manager...
         Starting Phosphor Dump Manager...
         Starting Phosphor Inventory Manager...
         Starting Phosphor Inventory Manager...
         Starting Phosphor Log Manager...
         Starting Phosphor Log Manager...
         Starting Phosphor Network Manager...
[   68.158196] NOTICE: Automounting of tracing to debugfs is deprecated and will be removed in 2030
 be removed in 2030
         Starting Phosphor DBus Service Discovery Manager...
         Starting Phosphor DBus Service Discovery Manager...
         Starting Phosphor Settings Daemon...
         Starting Phosphor Settings Daemon...
         Starting Phosphor Download Manager...
         Starting Phosphor Download Manager...
         Starting Phosphor Software Manager...
         Starting Phosphor Software Manager...
         Starting Phosphor Chassis0 State Manager...
         Starting Phosphor Chassis0 State Manager...
         Starting Rsyslog config updater...
         Starting Rsyslog config updater...
         Starting Rsyslog config updater...
         Starting Telemetry...
         Starting Telemetry...
         Starting Phosphor User Manager...
         Starting Telemetry...                                                           Starting Phosphor User Manager...
[  OK  ] Finished Enable Persistent Storage in systemd-networkd.
[  OK  ] Finished Enable Persistent Storage in systemd-networkd.
[  OK  ] Finished Wait for Network to be Configured.
[  OK  ] Finished Wait for Network to be Configured.
[  OK  ] Started OpenBMC ipKVM daemon.
[  OK  ] Started OpenBMC ipKVM daemon.
[  OK  ] Finished Permit User Sessions.
[  OK  ] Started OpenBMC ipKVM daemon.                                          [  OK  ] Finished Permit User Sessions.
[  OK  ] Finished Enable Linux trace events in the boot loader.
[  OK  ] Finished Enable Linux trace events in the boot loader.
[  OK  ] Finished Clear one time boot overrides.
[  OK  ] Finished Clear one time boot overrides.
[  OK  ] Finished SSH Key Generation.
[  OK  ] Finished SSH Key Generation.
[  OK  ] Reached target Network is Online.
[  OK  ] Reached target Network is Online.
         Starting D-Bus System Message Bus...
         Starting D-Bus System Message Bus...
         Starting System Logging Service...
         Starting System Logging Service...
[  OK  ] Started Serial Getty on ttyS4.
[  OK  ] Started Serial Getty on ttyS4.
[  OK  ] Reached target Login Prompts.
[  OK  ] Reached target Login Prompts.
[  OK  ] Reached target Login Prompts.
[  OK  ] Started System Logging Service.
[  OK  ] Started System Logging Service.
[  OK  ] Started D-Bus System Message Bus.
[  OK  ] Started D-Bus System Message Bus.
[  OK  ] Started MCTP control protocol daemon.
[  OK  ] Started MCTP control protocol daemon.
[  OK  ] Started MCTP control protocol daemon.
[  OK  ] Started Telemetry.
[  OK  ] Started Telemetry.
[  OK  ] Started Telemetry.
[  OK  ] Started Phosphor Download Manager.
[  OK  ] Started Phosphor Download Manager.
[  OK  ] Started BMC health monitoring.
[  OK  ] Started BMC health monitoring.
[  OK  ] Started Phosphor Settings Daemon.
[  OK  ] Started BMC health monitoring.                                         [  OK  ] Started Phosphor Settings Daemon.
[  OK  ] Started Phosphor Settings Daemon.
[  OK  ] Started Daemon to control service configuration.
[  OK  ] Started Daemon to control service configuration.
[  OK  ] Started Rsyslog config updater.
p
p
p                                                                              p
p                                                                              p
[  OK  ] Started Rsyslog config updater.
p                                                                              p
Phosphor OpenBMC (Phosphor OpenBMC Project Reference Distro) nodistro.0 evb-ast2600 ttyS4
600 ttyS4
evb-ast2600 login:
{"event": "boot_login", "ts": "2026-03-12T14:46:38.851822+00:00"}
{"event": "operation_stage", "ts": "2026-03-12T14:46:38.852059+00:00", "op": "Login", "stage": "waiting_for_quiescence"}
{"event": "operation_stage", "ts": "2026-03-12T14:46:43.853120+00:00", "op": "Login", "stage": "refreshing_login_prompt"}
evb-ast2600 login:
evb-ast2600 login:
{"event": "operation_stage", "ts": "2026-03-12T14:46:44.854106+00:00", "op": "Login", "stage": "sending_username"}
evb-ast2600 login: r
evb-ast2600 login:
evb-ast2600 login: root
{"event": "operation_stage", "ts": "2026-03-12T14:46:45.854952+00:00", "op": "Login", "stage": "waiting_for_password_or_shell"}
Password:
{"event": "operation_stage", "ts": "2026-03-12T14:46:47.539143+00:00", "op": "Login", "stage": "sending_password"}
Password:
{"event": "operation_stage", "ts": "2026-03-12T14:46:48.539944+00:00", "op": "Login", "stage": "waiting_for_shell"}
oot@evb-ast2600:~#
{"event": "shell_ready", "ts": "2026-03-12T14:46:57.423604+00:00"}
{"event": "login_complete", "ts": "2026-03-12T14:46:57.423778+00:00"}
{"event": "operation_ended", "ts": "2026-03-12T14:46:57.423814+00:00", "op": "Login", "success": true}

